Archive member included because of file (symbol)

..\..\..\..\..\..\..\Middlewares\ST\STM32_Cryptographic\Lib\libSTM32CryptographicV3.0.0_CM3_GCC_ot.a(crypto.o)
                              Application\User\main.o (AES_CCM_Encrypt_Init)
c:/program files (x86)/atollic/truestudio for arm pro 5.3.0/armtools/bin/../lib/gcc/arm-atollic-eabi/4.8.3/../../../../arm-atollic-eabi/lib/armv7-m\libc.a(lib_a-init.o)
                              Application\TrueSTUDIO\startup_stm32f207xx.o (__libc_init_array)
c:/program files (x86)/atollic/truestudio for arm pro 5.3.0/armtools/bin/../lib/gcc/arm-atollic-eabi/4.8.3/../../../../arm-atollic-eabi/lib/armv7-m\libc.a(lib_a-memcpy-stub.o)
                              ..\..\..\..\..\..\..\Middlewares\ST\STM32_Cryptographic\Lib\libSTM32CryptographicV3.0.0_CM3_GCC_ot.a(crypto.o) (memcpy)
c:/program files (x86)/atollic/truestudio for arm pro 5.3.0/armtools/bin/../lib/gcc/arm-atollic-eabi/4.8.3/../../../../arm-atollic-eabi/lib/armv7-m\libc.a(lib_a-memmove.o)
                              ..\..\..\..\..\..\..\Middlewares\ST\STM32_Cryptographic\Lib\libSTM32CryptographicV3.0.0_CM3_GCC_ot.a(crypto.o) (memmove)
c:/program files (x86)/atollic/truestudio for arm pro 5.3.0/armtools/bin/../lib/gcc/arm-atollic-eabi/4.8.3/../../../../arm-atollic-eabi/lib/armv7-m\libc.a(lib_a-memset.o)
                              ..\..\..\..\..\..\..\Middlewares\ST\STM32_Cryptographic\Lib\libSTM32CryptographicV3.0.0_CM3_GCC_ot.a(crypto.o) (memset)

Allocating common symbols
Common symbol       size              file

encrypt_OutputMessage
                    0x40              Application\User\main.o
heval_I2c           0x38              Drivers\BSP\STM322xG_EVAL\stm322xg_eval.o
tag                 0x40              Application\User\main.o
decrypt_OutputMessage
                    0x40              Application\User\main.o

Discarded input sections

 .text          0x00000000        0x0 c:/program files (x86)/atollic/truestudio for arm pro 5.3.0/armtools/bin/../lib/gcc/arm-atollic-eabi/4.8.3/armv7-m/crti.o
 .data          0x00000000        0x0 c:/program files (x86)/atollic/truestudio for arm pro 5.3.0/armtools/bin/../lib/gcc/arm-atollic-eabi/4.8.3/armv7-m/crti.o
 .bss           0x00000000        0x0 c:/program files (x86)/atollic/truestudio for arm pro 5.3.0/armtools/bin/../lib/gcc/arm-atollic-eabi/4.8.3/armv7-m/crti.o
 .data          0x00000000        0x4 c:/program files (x86)/atollic/truestudio for arm pro 5.3.0/armtools/bin/../lib/gcc/arm-atollic-eabi/4.8.3/armv7-m/crtbegin.o
 .text          0x00000000        0x0 Drivers\STM32F2xx_HAL_Driver\stm32f2xx_ll_fsmc.o
 .data          0x00000000        0x0 Drivers\STM32F2xx_HAL_Driver\stm32f2xx_ll_fsmc.o
 .bss           0x00000000        0x0 Drivers\STM32F2xx_HAL_Driver\stm32f2xx_ll_fsmc.o
 .text.FSMC_NORSRAM_Init
                0x00000000       0x58 Drivers\STM32F2xx_HAL_Driver\stm32f2xx_ll_fsmc.o
 .text.FSMC_NORSRAM_DeInit
                0x00000000       0x32 Drivers\STM32F2xx_HAL_Driver\stm32f2xx_ll_fsmc.o
 .text.FSMC_NORSRAM_Timing_Init
                0x00000000       0x34 Drivers\STM32F2xx_HAL_Driver\stm32f2xx_ll_fsmc.o
 .text.FSMC_NORSRAM_Extended_Timing_Init
                0x00000000       0x3e Drivers\STM32F2xx_HAL_Driver\stm32f2xx_ll_fsmc.o
 .text.FSMC_NORSRAM_WriteOperation_Enable
                0x00000000       0x10 Drivers\STM32F2xx_HAL_Driver\stm32f2xx_ll_fsmc.o
 .text.FSMC_NORSRAM_WriteOperation_Disable
                0x00000000       0x10 Drivers\STM32F2xx_HAL_Driver\stm32f2xx_ll_fsmc.o
 .text.FSMC_NAND_Init
                0x00000000       0x2c Drivers\STM32F2xx_HAL_Driver\stm32f2xx_ll_fsmc.o
 .text.FSMC_NAND_CommonSpace_Timing_Init
                0x00000000       0x22 Drivers\STM32F2xx_HAL_Driver\stm32f2xx_ll_fsmc.o
 .text.FSMC_NAND_AttributeSpace_Timing_Init
                0x00000000       0x22 Drivers\STM32F2xx_HAL_Driver\stm32f2xx_ll_fsmc.o
 .text.FSMC_NAND_DeInit
                0x00000000       0x3a Drivers\STM32F2xx_HAL_Driver\stm32f2xx_ll_fsmc.o
 .text.FSMC_NAND_ECC_Enable
                0x00000000       0x1a Drivers\STM32F2xx_HAL_Driver\stm32f2xx_ll_fsmc.o
 .text.FSMC_NAND_ECC_Disable
                0x00000000       0x1a Drivers\STM32F2xx_HAL_Driver\stm32f2xx_ll_fsmc.o
 .text.FSMC_NAND_GetECC
                0x00000000       0x46 Drivers\STM32F2xx_HAL_Driver\stm32f2xx_ll_fsmc.o
 .text.FSMC_PCCARD_Init
                0x00000000       0x18 Drivers\STM32F2xx_HAL_Driver\stm32f2xx_ll_fsmc.o
 .text.FSMC_PCCARD_CommonSpace_Timing_Init
                0x00000000       0x1a Drivers\STM32F2xx_HAL_Driver\stm32f2xx_ll_fsmc.o
 .text.FSMC_PCCARD_AttributeSpace_Timing_Init
                0x00000000       0x1a Drivers\STM32F2xx_HAL_Driver\stm32f2xx_ll_fsmc.o
 .text.FSMC_PCCARD_IOSpace_Timing_Init
                0x00000000       0x1a Drivers\STM32F2xx_HAL_Driver\stm32f2xx_ll_fsmc.o
 .text.FSMC_PCCARD_DeInit
                0x00000000       0x1e Drivers\STM32F2xx_HAL_Driver\stm32f2xx_ll_fsmc.o
[...]
Memory Configuration

Name             Origin             Length             Attributes
FLASH            0x08000000         0x00100000         xr
RAM              0x20000000         0x0001c000         xrw
MEMORY_B1        0x60000000         0x00000000         xr
*default*        0x00000000         0xffffffff

Linker script and memory map

LOAD c:/program files (x86)/atollic/truestudio for arm pro 5.3.0/armtools/bin/../lib/gcc/arm-atollic-eabi/4.8.3/armv7-m/crti.o
LOAD c:/program files (x86)/atollic/truestudio for arm pro 5.3.0/armtools/bin/../lib/gcc/arm-atollic-eabi/4.8.3/armv7-m/crtbegin.o
LOAD Drivers\STM32F2xx_HAL_Driver\stm32f2xx_ll_fsmc.o
LOAD Drivers\STM32F2xx_HAL_Driver\stm32f2xx_hal_uart.o
LOAD Drivers\STM32F2xx_HAL_Driver\stm32f2xx_hal_sram.o
LOAD Drivers\STM32F2xx_HAL_Driver\stm32f2xx_hal_rcc.o
LOAD Drivers\STM32F2xx_HAL_Driver\stm32f2xx_hal_i2c.o
LOAD Drivers\STM32F2xx_HAL_Driver\stm32f2xx_hal_gpio.o
LOAD Drivers\STM32F2xx_HAL_Driver\stm32f2xx_hal_dma.o
LOAD Drivers\STM32F2xx_HAL_Driver\stm32f2xx_hal_crc.o
LOAD Drivers\STM32F2xx_HAL_Driver\stm32f2xx_hal_cortex.o
LOAD Drivers\STM32F2xx_HAL_Driver\stm32f2xx_hal.o
LOAD Drivers\CMSIS\system_stm32f2xx.o
LOAD Drivers\BSP\STM322xG_EVAL\stm322xg_eval_io.o
LOAD Drivers\BSP\STM322xG_EVAL\stm322xg_eval.o
LOAD Drivers\BSP\Components\stmpe811.o
LOAD Application\User\stm32f2xx_it.o
LOAD Application\User\main.o
LOAD Application\TrueSTUDIO\startup_stm32f207xx.o
LOAD ..\..\..\..\..\..\..\Middlewares\ST\STM32_Cryptographic\Lib\libSTM32CryptographicV3.0.0_CM3_GCC_ot.a
START GROUP
LOAD c:/program files (x86)/atollic/truestudio for arm pro 5.3.0/armtools/bin/../lib/gcc/arm-atollic-eabi/4.8.3/../../../../arm-atollic-eabi/lib/armv7-m\libc.a
LOAD c:/program files (x86)/atollic/truestudio for arm pro 5.3.0/armtools/bin/../lib/gcc/arm-atollic-eabi/4.8.3/../../../../arm-atollic-eabi/lib/armv7-m\libm.a
END GROUP
                0x00001000                malloc_getpagesize_P = 0x1000
START GROUP
LOAD c:/program files (x86)/atollic/truestudio for arm pro 5.3.0/armtools/bin/../lib/gcc/arm-atollic-eabi/4.8.3/armv7-m\libgcc.a
LOAD c:/program files (x86)/atollic/truestudio for arm pro 5.3.0/armtools/bin/../lib/gcc/arm-atollic-eabi/4.8.3/../../../../arm-atollic-eabi/lib/armv7-m\libc.a
END GROUP
LOAD c:/program files (x86)/atollic/truestudio for arm pro 5.3.0/armtools/bin/../lib/gcc/arm-atollic-eabi/4.8.3/armv7-m/crtend.o
LOAD c:/program files (x86)/atollic/truestudio for arm pro 5.3.0/armtools/bin/../lib/gcc/arm-atollic-eabi/4.8.3/armv7-m/crtn.o
                0x2001c000                _estack = 0x2001c000
                0x00000000                _Min_Heap_Size = 0x0
                0x00000400                _Min_Stack_Size = 0x400

.isr_vector     0x08000000      0x184
                0x08000000                . = ALIGN (0x4)
 *(.isr_vector)
 .isr_vector    0x08000000      0x184 Application\TrueSTUDIO\startup_stm32f207xx.o
                0x08000000                g_pfnVectors
                0x08000184                . = ALIGN (0x4)

.text           0x08000184     0x25bc
                0x08000184                . = ALIGN (0x4)
 *(.text)
 .text          0x08000184       0x40 c:/program files (x86)/atollic/truestudio for arm pro 5.3.0/armtools/bin/../lib/gcc/arm-atollic-eabi/4.8.3/armv7-m/crtbegin.o
 *(.text*)
 .text.HAL_RCC_OscConfig
                0x080001c4      0x2fc Drivers\STM32F2xx_HAL_Driver\stm32f2xx_hal_rcc.o
                0x080001c4                HAL_RCC_OscConfig
 .text.HAL_RCC_GetSysClockFreq
                0x080004c0       0xa8 Drivers\STM32F2xx_HAL_Driver\stm32f2xx_hal_rcc.o
                0x080004c0                HAL_RCC_GetSysClockFreq
 .text.HAL_RCC_GetHCLKFreq
                0x08000568       0x38 Drivers\STM32F2xx_HAL_Driver\stm32f2xx_hal_rcc.o
                0x08000568                HAL_RCC_GetHCLKFreq
 .text.HAL_RCC_ClockConfig
                0x080005a0      0x1d8 Drivers\STM32F2xx_HAL_Driver\stm32f2xx_hal_rcc.o
                0x080005a0                HAL_RCC_ClockConfig
 .text.HAL_GPIO_Init
                0x08000778      0x214 Drivers\STM32F2xx_HAL_Driver\stm32f2xx_hal_gpio.o
                0x08000778                HAL_GPIO_Init
 .text.HAL_GPIO_WritePin
                0x0800098c        0xa Drivers\STM32F2xx_HAL_Driver\stm32f2xx_hal_gpio.o
                0x0800098c                HAL_GPIO_WritePin
 .text.HAL_GPIO_TogglePin
                0x08000996        0x8 Drivers\STM32F2xx_HAL_Driver\stm32f2xx_hal_gpio.o
                0x08000996                HAL_GPIO_TogglePin
 *fill*         0x0800099e        0x2 
 .text.HAL_NVIC_SetPriorityGrouping
                0x080009a0       0x24 Drivers\STM32F2xx_HAL_Driver\stm32f2xx_hal_cortex.o
                0x080009a0                HAL_NVIC_SetPriorityGrouping
 .text.HAL_SYSTICK_Config
                0x080009c4       0x2c Drivers\STM32F2xx_HAL_Driver\stm32f2xx_hal_cortex.o
                0x080009c4                HAL_SYSTICK_Config
 .text.HAL_MspInit
                0x080009f0        0x2 Drivers\STM32F2xx_HAL_Driver\stm32f2xx_hal.o
                0x080009f0                HAL_MspInit
 *fill*         0x080009f2        0x2 
 .text.HAL_Init
                0x080009f4       0x38 Drivers\STM32F2xx_HAL_Driver\stm32f2xx_hal.o
                0x080009f4                HAL_Init
 .text.HAL_IncTick
                0x08000a2c       0x10 Drivers\STM32F2xx_HAL_Driver\stm32f2xx_hal.o
                0x08000a2c                HAL_IncTick
 .text.HAL_GetTick
                0x08000a3c        0xc Drivers\STM32F2xx_HAL_Driver\stm32f2xx_hal.o
                0x08000a3c                HAL_GetTick
 .text.HAL_Delay
                0x08000a48       0x1c Drivers\STM32F2xx_HAL_Driver\stm32f2xx_hal.o
                0x08000a48                HAL_Delay
 .text.SystemInit
                0x08000a64       0x40 Drivers\CMSIS\system_stm32f2xx.o
                0x08000a64                SystemInit
 .text.NMI_Handler
                0x08000aa4        0x2 Application\User\stm32f2xx_it.o
                0x08000aa4                NMI_Handler
 .text.HardFault_Handler
                0x08000aa6        0x2 Application\User\stm32f2xx_it.o
                0x08000aa6                HardFault_Handler
 .text.MemManage_Handler
                0x08000aa8        0x2 Application\User\stm32f2xx_it.o
                0x08000aa8                MemManage_Handler
 .text.BusFault_Handler
                0x08000aaa        0x2 Application\User\stm32f2xx_it.o
                0x08000aaa                BusFault_Handler
 .text.UsageFault_Handler
                0x08000aac        0x2 Application\User\stm32f2xx_it.o
                0x08000aac                UsageFault_Handler
 .text.SVC_Handler
                0x08000aae        0x2 Application\User\stm32f2xx_it.o
                0x08000aae                SVC_Handler
 .text.DebugMon_Handler
                0x08000ab0        0x2 Application\User\stm32f2xx_it.o
                0x08000ab0                DebugMon_Handler
 .text.PendSV_Handler
                0x08000ab2        0x2 Application\User\stm32f2xx_it.o
                0x08000ab2                PendSV_Handler
 .text.SysTick_Handler
                0x08000ab4        0x4 Application\User\stm32f2xx_it.o
                0x08000ab4                SysTick_Handler
 .text.Led_Toggle
                0x08000ab8       0x64 Application\User\main.o
 .text.STM32_AES_CCM_Encrypt
                0x08000b1c       0x62 Application\User\main.o
                0x08000b1c                STM32_AES_CCM_Encrypt
 .text.STM32_AES_CCM_Decrypt
                0x08000b7e       0x6a Application\User\main.o
                0x08000b7e                STM32_AES_CCM_Decrypt
 .text.Buffercmp
                0x08000be8       0x20 Application\User\main.o
                0x08000be8                Buffercmp
 .text.startup.main
                0x08000c08      0x164 Application\User\main.o
                0x08000c08                main
 .text.Reset_Handler
                0x08000d6c       0x58 Application\TrueSTUDIO\startup_stm32f207xx.o
                0x08000d6c                Reset_Handler
 .text.Default_Handler
                0x08000dc4        0x4 Application\TrueSTUDIO\startup_stm32f207xx.o
                0x08000dc4                RTC_Alarm_IRQHandler
                0x08000dc4                HASH_RNG_IRQHandler
                0x08000dc4                EXTI2_IRQHandler
                0x08000dc4                TIM8_CC_IRQHandler
                0x08000dc4                TIM1_CC_IRQHandler
                0x08000dc4                DMA2_Stream5_IRQHandler
                0x08000dc4                DMA1_Stream5_IRQHandler
                0x08000dc4                PVD_IRQHandler
                0x08000dc4                SDIO_IRQHandler
                0x08000dc4                TAMP_STAMP_IRQHandler
                0x08000dc4                CAN2_RX1_IRQHandler
                0x08000dc4                EXTI3_IRQHandler
                0x08000dc4                TIM8_TRG_COM_TIM14_IRQHandler
                0x08000dc4                TIM1_UP_TIM10_IRQHandler
                0x08000dc4                TIM8_UP_TIM13_IRQHandler
                0x08000dc4                I2C3_ER_IRQHandler
                0x08000dc4                EXTI0_IRQHandler
                0x08000dc4                I2C2_EV_IRQHandler
                0x08000dc4                DMA1_Stream2_IRQHandler
                0x08000dc4                CAN1_RX0_IRQHandler
                0x08000dc4                OTG_HS_WKUP_IRQHandler
                0x08000dc4                CAN2_SCE_IRQHandler
                0x08000dc4                DMA2_Stream2_IRQHandler
                0x08000dc4                SPI1_IRQHandler
                0x08000dc4                TIM6_DAC_IRQHandler
                0x08000dc4                TIM1_BRK_TIM9_IRQHandler
                0x08000dc4                DCMI_IRQHandler
                0x08000dc4                CAN2_RX0_IRQHandler
                0x08000dc4                DMA2_Stream3_IRQHandler
                0x08000dc4                USART6_IRQHandler
                0x08000dc4                USART3_IRQHandler
                0x08000dc4                CAN1_RX1_IRQHandler
                0x08000dc4                UART5_IRQHandler
                0x08000dc4                DMA2_Stream0_IRQHandler
                0x08000dc4                TIM4_IRQHandler
                0x08000dc4                I2C1_EV_IRQHandler
                0x08000dc4                DMA1_Stream6_IRQHandler
                0x08000dc4                DMA1_Stream1_IRQHandler
                0x08000dc4                UART4_IRQHandler
                0x08000dc4                TIM3_IRQHandler
                0x08000dc4                RCC_IRQHandler
                0x08000dc4                TIM8_BRK_TIM12_IRQHandler
                0x08000dc4                Default_Handler
                0x08000dc4                EXTI15_10_IRQHandler
                0x08000dc4                ADC_IRQHandler
                0x08000dc4                DMA1_Stream7_IRQHandler
                0x08000dc4                TIM7_IRQHandler
                0x08000dc4                CAN2_TX_IRQHandler
                0x08000dc4                TIM5_IRQHandler
                0x08000dc4                DMA2_Stream7_IRQHandler
                0x08000dc4                I2C3_EV_IRQHandler
                0x08000dc4                EXTI9_5_IRQHandler
                0x08000dc4                RTC_WKUP_IRQHandler
                0x08000dc4                ETH_WKUP_IRQHandler
                0x08000dc4                SPI2_IRQHandler
                0x08000dc4                OTG_HS_EP1_IN_IRQHandler
                0x08000dc4                DMA1_Stream0_IRQHandler
                0x08000dc4                CAN1_TX_IRQHandler
                0x08000dc4                EXTI4_IRQHandler
                0x08000dc4                FSMC_IRQHandler
                0x08000dc4                ETH_IRQHandler
                0x08000dc4                OTG_HS_EP1_OUT_IRQHandler
                0x08000dc4                WWDG_IRQHandler
                0x08000dc4                TIM2_IRQHandler
                0x08000dc4                OTG_FS_WKUP_IRQHandler
                0x08000dc4                TIM1_TRG_COM_TIM11_IRQHandler
                0x08000dc4                OTG_HS_IRQHandler
                0x08000dc4                EXTI1_IRQHandler
                0x08000dc4                USART2_IRQHandler
                0x08000dc4                I2C2_ER_IRQHandler
                0x08000dc4                DMA2_Stream1_IRQHandler
                0x08000dc4                CAN1_SCE_IRQHandler
                0x08000dc4                FLASH_IRQHandler
                0x08000dc4                DMA2_Stream4_IRQHandler
                0x08000dc4                USART1_IRQHandler
                0x08000dc4                OTG_FS_IRQHandler
                0x08000dc4                SPI3_IRQHandler
                0x08000dc4                DMA1_Stream4_IRQHandler
                0x08000dc4                I2C1_ER_IRQHandler
                0x08000dc4                DMA2_Stream6_IRQHandler
                0x08000dc4                DMA1_Stream3_IRQHandler
 .text.AES_keyschedule_enc_LL
                0x08000dc8      0x1c0 ..\..\..\..\..\..\..\Middlewares\ST\STM32_Cryptographic\Lib\libSTM32CryptographicV3.0.0_CM3_GCC_ot.a(crypto.o)
 .text.AES_keyschedule_enc
                0x08000f88       0x3c ..\..\..\..\..\..\..\Middlewares\ST\STM32_Cryptographic\Lib\libSTM32CryptographicV3.0.0_CM3_GCC_ot.a(crypto.o)
                0x08000f88                AES_keyschedule_enc
 .text.AES_general_SW_enc
                0x08000fc4      0x318 ..\..\..\..\..\..\..\Middlewares\ST\STM32_Cryptographic\Lib\libSTM32CryptographicV3.0.0_CM3_GCC_ot.a(crypto.o)
                0x08000fc4                AES_general_SW_enc
 .text.AES_CCM_Encrypt_Init
                0x080012dc      0x1dc ..\..\..\..\..\..\..\Middlewares\ST\STM32_Cryptographic\Lib\libSTM32CryptographicV3.0.0_CM3_GCC_ot.a(crypto.o)
                0x080012dc                AES_CCM_Encrypt_Init
 .text.AES_CCM_Header_Append
                0x080014b8      0x300 ..\..\..\..\..\..\..\Middlewares\ST\STM32_Cryptographic\Lib\libSTM32CryptographicV3.0.0_CM3_GCC_ot.a(crypto.o)
                0x080014b8                AES_CCM_Header_Append
 .text.AES_CCM_Encrypt_Append
                0x080017b8      0x728 ..\..\..\..\..\..\..\Middlewares\ST\STM32_Cryptographic\Lib\libSTM32CryptographicV3.0.0_CM3_GCC_ot.a(crypto.o)
                0x080017b8                AES_CCM_Encrypt_Append
 .text.AES_CCM_Encrypt_Finish
                0x08001ee0       0xbc ..\..\..\..\..\..\..\Middlewares\ST\STM32_Cryptographic\Lib\libSTM32CryptographicV3.0.0_CM3_GCC_ot.a(crypto.o)
                0x08001ee0                AES_CCM_Encrypt_Finish
 .text.AES_CCM_Decrypt_Init
                0x08001f9c      0x1dc ..\..\..\..\..\..\..\Middlewares\ST\STM32_Cryptographic\Lib\libSTM32CryptographicV3.0.0_CM3_GCC_ot.a(crypto.o)
                0x08001f9c                AES_CCM_Decrypt_Init
 .text.AES_CCM_Decrypt_Append
                0x08002178      0x3b4 ..\..\..\..\..\..\..\Middlewares\ST\STM32_Cryptographic\Lib\libSTM32CryptographicV3.0.0_CM3_GCC_ot.a(crypto.o)
                0x08002178                AES_CCM_Decrypt_Append
 .text.AES_CCM_Decrypt_Finish
                0x0800252c      0x18c ..\..\..\..\..\..\..\Middlewares\ST\STM32_Cryptographic\Lib\libSTM32CryptographicV3.0.0_CM3_GCC_ot.a(crypto.o)
                0x0800252c                AES_CCM_Decrypt_Finish
 .text.__libc_init_array
                0x080026b8       0x4c c:/program files (x86)/atollic/truestudio for arm pro 5.3.0/armtools/bin/../lib/gcc/arm-atollic-eabi/4.8.3/../../../../arm-atollic-eabi/lib/armv7-m\libc.a(lib_a-init.o)
                0x080026b8                __libc_init_array
 .text.memcpy   0x08002704       0x12 c:/program files (x86)/atollic/truestudio for arm pro 5.3.0/armtools/bin/../lib/gcc/arm-atollic-eabi/4.8.3/../../../../arm-atollic-eabi/lib/armv7-m\libc.a(lib_a-memcpy-stub.o)
                0x08002704                memcpy
 .text.memset   0x08002716       0x10 c:/program files (x86)/atollic/truestudio for arm pro 5.3.0/armtools/bin/../lib/gcc/arm-atollic-eabi/4.8.3/../../../../arm-atollic-eabi/lib/armv7-m\libc.a(lib_a-memset.o)
                0x08002716                memset
 *(.glue_7)
 .glue_7        0x00000000        0x0 linker stubs
 *(.glue_7t)
 .glue_7t       0x00000000        0x0 linker stubs
 *(.eh_frame)
 *fill*         0x08002726        0x2 
 .eh_frame      0x08002728        0x0 c:/program files (x86)/atollic/truestudio for arm pro 5.3.0/armtools/bin/../lib/gcc/arm-atollic-eabi/4.8.3/armv7-m/crtbegin.o
 *(.init)
 .init          0x08002728        0x4 c:/program files (x86)/atollic/truestudio for arm pro 5.3.0/armtools/bin/../lib/gcc/arm-atollic-eabi/4.8.3/armv7-m/crti.o
                0x08002728                _init
 .init          0x0800272c        0x8 c:/program files (x86)/atollic/truestudio for arm pro 5.3.0/armtools/bin/../lib/gcc/arm-atollic-eabi/4.8.3/armv7-m/crtn.o
 *(.fini)
 .fini          0x08002734        0x4 c:/program files (x86)/atollic/truestudio for arm pro 5.3.0/armtools/bin/../lib/gcc/arm-atollic-eabi/4.8.3/armv7-m/crti.o
                0x08002734                _fini
 .fini          0x08002738        0x8 c:/program files (x86)/atollic/truestudio for arm pro 5.3.0/armtools/bin/../lib/gcc/arm-atollic-eabi/4.8.3/armv7-m/crtn.o
                0x08002740                . = ALIGN (0x4)
                0x08002740                _etext = .

.vfp11_veneer   0x08002740        0x0
 .vfp11_veneer  0x00000000        0x0 linker stubs

.v4_bx          0x08002740        0x0
 .v4_bx         0x00000000        0x0 linker stubs

.iplt           0x08002740        0x0
 .iplt          0x00000000        0x0 c:/program files (x86)/atollic/truestudio for arm pro 5.3.0/armtools/bin/../lib/gcc/arm-atollic-eabi/4.8.3/armv7-m/crtbegin.o

.rodata         0x08002740      0x54c
                0x08002740                . = ALIGN (0x4)
 *(.rodata)
 *(.rodata*)
 .rodata.APBAHBPrescTable
                0x08002740       0x10 Drivers\STM32F2xx_HAL_Driver\stm32f2xx_hal_rcc.o
                0x08002740                APBAHBPrescTable
 .rodata.Expected_Ciphertext
                0x08002750        0x8 Application\User\main.o
                0x08002750                Expected_Ciphertext
 .rodata.HeaderMessage
                0x08002758        0x8 Application\User\main.o
                0x08002758                HeaderMessage
 .rodata.Plaintext
                0x08002760        0x4 Application\User\main.o
                0x08002760                Plaintext
 .rodata.rcon   0x08002764       0x28 ..\..\..\..\..\..\..\Middlewares\ST\STM32_Cryptographic\Lib\libSTM32CryptographicV3.0.0_CM3_GCC_ot.a(crypto.o)
                0x08002764                rcon
 .rodata.enc_table
                0x0800278c      0x400 ..\..\..\..\..\..\..\Middlewares\ST\STM32_Cryptographic\Lib\libSTM32CryptographicV3.0.0_CM3_GCC_ot.a(crypto.o)
                0x0800278c                enc_table
 .rodata.Sbox   0x08002b8c      0x100 ..\..\..\..\..\..\..\Middlewares\ST\STM32_Cryptographic\Lib\libSTM32CryptographicV3.0.0_CM3_GCC_ot.a(crypto.o)
                0x08002b8c                Sbox
                0x08002c8c                . = ALIGN (0x4)

.rel.dyn        0x08002c8c        0x0
 .rel.iplt      0x00000000        0x0 c:/program files (x86)/atollic/truestudio for arm pro 5.3.0/armtools/bin/../lib/gcc/arm-atollic-eabi/4.8.3/armv7-m/crtbegin.o

.ARM.extab
 *(.ARM.extab* .gnu.linkonce.armextab.*)

.ARM            0x08002c8c        0x0
                0x08002c8c                __exidx_start = .
 *(.ARM.exidx*)
                0x08002c8c                __exidx_end = .

.preinit_array  0x08002c8c        0x0
                0x08002c8c                PROVIDE (__preinit_array_start, .)
 *(.preinit_array*)
                0x08002c8c                PROVIDE (__preinit_array_end, .)

.init_array     0x08002c8c        0x4
                0x08002c8c                PROVIDE (__init_array_start, .)
 *(SORT(.init_array.*))
 *(.init_array*)
 .init_array    0x08002c8c        0x4 c:/program files (x86)/atollic/truestudio for arm pro 5.3.0/armtools/bin/../lib/gcc/arm-atollic-eabi/4.8.3/armv7-m/crtbegin.o
                0x08002c90                PROVIDE (__init_array_end, .)

.fini_array     0x08002c90        0x4
                0x08002c90                PROVIDE (__fini_array_start, .)
 *(SORT(.fini_array.*))
 *(.fini_array*)
 .fini_array    0x08002c90        0x4 c:/program files (x86)/atollic/truestudio for arm pro 5.3.0/armtools/bin/../lib/gcc/arm-atollic-eabi/4.8.3/armv7-m/crtbegin.o
                0x08002c94                PROVIDE (__fini_array_end, .)
                0x08002c94                _sidata = LOADADDR (.data)

.data           0x20000000       0x24 load address 0x08002c94
                0x20000000                . = ALIGN (0x4)
                0x20000000                _sdata = .
 *(.data)
 *(.data*)
 .data.SystemCoreClock
                0x20000000        0x4 Drivers\CMSIS\system_stm32f2xx.o
                0x20000000                SystemCoreClock
 .data.InputLength
                0x20000004        0x4 Application\User\main.o
                0x20000004                InputLength
 .data.HeaderLength
                0x20000008        0x4 Application\User\main.o
                0x20000008                HeaderLength
 .data.IV       0x2000000c        0x7 Application\User\main.o
                0x2000000c                IV
 .data.Key      0x20000013       0x10 Application\User\main.o
                0x20000013                Key
                0x20000024                . = ALIGN (0x4)
 *fill*         0x20000023        0x1 
                0x20000024                _edata = .

.igot.plt       0x20000024        0x0 load address 0x08002cb8
 .igot.plt      0x00000000        0x0 c:/program files (x86)/atollic/truestudio for arm pro 5.3.0/armtools/bin/../lib/gcc/arm-atollic-eabi/4.8.3/armv7-m/crtbegin.o
                0x20000024                . = ALIGN (0x4)

.bss            0x20000024      0x100 load address 0x08002cb8
                0x20000024                _sbss = .
                0x20000024                __bss_start__ = _sbss
 *(.bss)
 .bss           0x20000024       0x1c c:/program files (x86)/atollic/truestudio for arm pro 5.3.0/armtools/bin/../lib/gcc/arm-atollic-eabi/4.8.3/armv7-m/crtbegin.o
 *(.bss*)
 .bss.uwTick    0x20000040        0x4 Drivers\STM32F2xx_HAL_Driver\stm32f2xx_hal.o
 .bss.decrypt_OutputMessageLength
                0x20000044        0x4 Application\User\main.o
                0x20000044                decrypt_OutputMessageLength
 .bss.encrypt_OutputMessageLength
                0x20000048        0x4 Application\User\main.o
                0x20000048                encrypt_OutputMessageLength
 .bss.GPIO_InitStruct
                0x2000004c       0x14 Application\User\main.o
 .bss.AuthenticationTAGLength
                0x20000060        0x4 Application\User\main.o
                0x20000060                AuthenticationTAGLength
 *(COMMON)
 COMMON         0x20000064       0xc0 Application\User\main.o
                0x20000064                encrypt_OutputMessage
                0x200000a4                tag
                0x200000e4                decrypt_OutputMessage
                0x20000124                . = ALIGN (0x4)
                0x20000124                _ebss = .
                0x20000124                __bss_end__ = _ebss

._user_heap_stack
                0x20000124      0x400 load address 0x08002cb8
                0x20000124                . = ALIGN (0x4)
                0x20000124                PROVIDE (end, .)
                0x20000124                PROVIDE (_end, .)
                0x20000124                . = (. + _Min_Heap_Size)
                0x20000524                . = (. + _Min_Stack_Size)
 *fill*         0x20000124      0x400 
                0x20000524                . = ALIGN (0x4)

.memory_b1_text
 *(.mb1text)
 *(.mb1text*)
 *(.mb1rodata)
 *(.mb1rodata*)

/DISCARD/
 libc.a(*)
 libm.a(*)
 libgcc.a(*)

.ARM.attributes
                0x00000000       0x29
 *(.ARM.attributes)
 .ARM.attributes
                0x00000000       0x1d c:/program files (x86)/atollic/truestudio for arm pro 5.3.0/armtools/bin/../lib/gcc/arm-atollic-eabi/4.8.3/armv7-m/crti.o
 .ARM.attributes
                0x0000001d       0x2d c:/program files (x86)/atollic/truestudio for arm pro 5.3.0/armtools/bin/../lib/gcc/arm-atollic-eabi/4.8.3/armv7-m/crtbegin.o
 .ARM.attributes
                0x0000004a       0x33 Drivers\STM32F2xx_HAL_Driver\stm32f2xx_hal_rcc.o
 .ARM.attributes
                0x0000007d       0x33 Drivers\STM32F2xx_HAL_Driver\stm32f2xx_hal_gpio.o
 .ARM.attributes
                0x000000b0       0x33 Drivers\STM32F2xx_HAL_Driver\stm32f2xx_hal_cortex.o
 .ARM.attributes
                0x000000e3       0x33 Drivers\STM32F2xx_HAL_Driver\stm32f2xx_hal.o
 .ARM.attributes
                0x00000116       0x33 Drivers\CMSIS\system_stm32f2xx.o
 .ARM.attributes
                0x00000149       0x33 Application\User\stm32f2xx_it.o
 .ARM.attributes
                0x0000017c       0x33 Application\User\main.o
 .ARM.attributes
                0x000001af       0x21 Application\TrueSTUDIO\startup_stm32f207xx.o
 .ARM.attributes
                0x000001d0       0x2f ..\..\..\..\..\..\..\Middlewares\ST\STM32_Cryptographic\Lib\libSTM32CryptographicV3.0.0_CM3_GCC_ot.a(crypto.o)
 .ARM.attributes
                0x000001ff       0x2d c:/program files (x86)/atollic/truestudio for arm pro 5.3.0/armtools/bin/../lib/gcc/arm-atollic-eabi/4.8.3/../../../../arm-atollic-eabi/lib/armv7-m\libc.a(lib_a-init.o)
 .ARM.attributes
                0x0000022c       0x2d c:/program files (x86)/atollic/truestudio for arm pro 5.3.0/armtools/bin/../lib/gcc/arm-atollic-eabi/4.8.3/../../../../arm-atollic-eabi/lib/armv7-m\libc.a(lib_a-memcpy-stub.o)
 .ARM.attributes
                0x00000259       0x2d c:/program files (x86)/atollic/truestudio for arm pro 5.3.0/armtools/bin/../lib/gcc/arm-atollic-eabi/4.8.3/../../../../arm-atollic-eabi/lib/armv7-m\libc.a(lib_a-memset.o)
 .ARM.attributes
                0x00000286       0x1d c:/program files (x86)/atollic/truestudio for arm pro 5.3.0/armtools/bin/../lib/gcc/arm-atollic-eabi/4.8.3/armv7-m/crtn.o
OUTPUT(STM322xG_EVAL.elf elf32-littlearm)

.debug_info     0x00000000     0x44e0
 .debug_info    0x00000000     0x157e Drivers\STM32F2xx_HAL_Driver\stm32f2xx_hal_rcc.o
 .debug_info    0x0000157e      0x674 Drivers\STM32F2xx_HAL_Driver\stm32f2xx_hal_gpio.o
 .debug_info    0x00001bf2      0xcd0 Drivers\STM32F2xx_HAL_Driver\stm32f2xx_hal_cortex.o
 .debug_info    0x000028c2      0x578 Drivers\STM32F2xx_HAL_Driver\stm32f2xx_hal.o
 .debug_info    0x00002e3a      0x4a3 Drivers\CMSIS\system_stm32f2xx.o
 .debug_info    0x000032dd      0x14f Application\User\stm32f2xx_it.o
 .debug_info    0x0000342c      0xff9 Application\User\main.o
 .debug_info    0x00004425       0xbb Application\TrueSTUDIO\startup_stm32f207xx.o

.debug_abbrev   0x00000000      0xe24
 .debug_abbrev  0x00000000      0x33c Drivers\STM32F2xx_HAL_Driver\stm32f2xx_hal_rcc.o
 .debug_abbrev  0x0000033c      0x1b0 Drivers\STM32F2xx_HAL_Driver\stm32f2xx_hal_gpio.o
 .debug_abbrev  0x000004ec      0x29f Drivers\STM32F2xx_HAL_Driver\stm32f2xx_hal_cortex.o
 .debug_abbrev  0x0000078b      0x1ee Drivers\STM32F2xx_HAL_Driver\stm32f2xx_hal.o
 .debug_abbrev  0x00000979      0x101 Drivers\CMSIS\system_stm32f2xx.o
 .debug_abbrev  0x00000a7a       0xa0 Application\User\stm32f2xx_it.o
 .debug_abbrev  0x00000b1a      0x2f8 Application\User\main.o
 .debug_abbrev  0x00000e12       0x12 Application\TrueSTUDIO\startup_stm32f207xx.o

.debug_loc      0x00000000     0x11c5
 .debug_loc     0x00000000      0x7e9 Drivers\STM32F2xx_HAL_Driver\stm32f2xx_hal_rcc.o
 .debug_loc     0x000007e9      0x257 Drivers\STM32F2xx_HAL_Driver\stm32f2xx_hal_gpio.o
 .debug_loc     0x00000a40      0x443 Drivers\STM32F2xx_HAL_Driver\stm32f2xx_hal_cortex.o
 .debug_loc     0x00000e83       0xce Drivers\CMSIS\system_stm32f2xx.o
 .debug_loc     0x00000f51      0x274 Application\User\main.o

.debug_aranges  0x00000000      0x300
 .debug_aranges
                0x00000000       0x88 Drivers\STM32F2xx_HAL_Driver\stm32f2xx_hal_rcc.o
 .debug_aranges
                0x00000088       0x50 Drivers\STM32F2xx_HAL_Driver\stm32f2xx_hal_gpio.o
 .debug_aranges
                0x000000d8       0x90 Drivers\STM32F2xx_HAL_Driver\stm32f2xx_hal_cortex.o
 .debug_aranges
                0x00000168       0xa8 Drivers\STM32F2xx_HAL_Driver\stm32f2xx_hal.o
 .debug_aranges
                0x00000210       0x28 Drivers\CMSIS\system_stm32f2xx.o
 .debug_aranges
                0x00000238       0x60 Application\User\stm32f2xx_it.o
 .debug_aranges
                0x00000298       0x40 Application\User\main.o
 .debug_aranges
                0x000002d8       0x28 Application\TrueSTUDIO\startup_stm32f207xx.o

.debug_ranges   0x00000000      0x368
 .debug_ranges  0x00000000       0xa8 Drivers\STM32F2xx_HAL_Driver\stm32f2xx_hal_rcc.o
 .debug_ranges  0x000000a8       0x40 Drivers\STM32F2xx_HAL_Driver\stm32f2xx_hal_gpio.o
 .debug_ranges  0x000000e8       0xe8 Drivers\STM32F2xx_HAL_Driver\stm32f2xx_hal_cortex.o
 .debug_ranges  0x000001d0       0xb0 Drivers\STM32F2xx_HAL_Driver\stm32f2xx_hal.o
 .debug_ranges  0x00000280       0x18 Drivers\CMSIS\system_stm32f2xx.o
 .debug_ranges  0x00000298       0x50 Application\User\stm32f2xx_it.o
 .debug_ranges  0x000002e8       0x60 Application\User\main.o
 .debug_ranges  0x00000348       0x20 Application\TrueSTUDIO\startup_stm32f207xx.o

.debug_line     0x00000000     0x191a
 .debug_line    0x00000000      0x635 Drivers\STM32F2xx_HAL_Driver\stm32f2xx_hal_rcc.o
 .debug_line    0x00000635      0x32d Drivers\STM32F2xx_HAL_Driver\stm32f2xx_hal_gpio.o
 .debug_line    0x00000962      0x3a9 Drivers\STM32F2xx_HAL_Driver\stm32f2xx_hal_cortex.o
 .debug_line    0x00000d0b      0x3b1 Drivers\STM32F2xx_HAL_Driver\stm32f2xx_hal.o
 .debug_line    0x000010bc      0x1f0 Drivers\CMSIS\system_stm32f2xx.o
 .debug_line    0x000012ac      0x232 Application\User\stm32f2xx_it.o
 .debug_line    0x000014de      0x3c2 Application\User\main.o
 .debug_line    0x000018a0       0x7a Application\TrueSTUDIO\startup_stm32f207xx.o

.debug_str      0x00000000     0x1684
 .debug_str     0x00000000      0xc3d Drivers\STM32F2xx_HAL_Driver\stm32f2xx_hal_rcc.o
                                0xccd (size before relaxing)
 .debug_str     0x00000c3d      0x167 Drivers\STM32F2xx_HAL_Driver\stm32f2xx_hal_gpio.o
                                0x4dd (size before relaxing)
 .debug_str     0x00000da4      0x253 Drivers\STM32F2xx_HAL_Driver\stm32f2xx_hal_cortex.o
                                0xb1f (size before relaxing)
 .debug_str     0x00000ff7      0x1b3 Drivers\STM32F2xx_HAL_Driver\stm32f2xx_hal.o
                                0x53d (size before relaxing)
 .debug_str     0x000011aa       0x4b Drivers\CMSIS\system_stm32f2xx.o
                                0x3ae (size before relaxing)
 .debug_str     0x000011f5       0xac Application\User\stm32f2xx_it.o
                                0x27b (size before relaxing)
 .debug_str     0x000012a1      0x3e3 Application\User\main.o
                                0x955 (size before relaxing)

.comment        0x00000000       0x82
 .comment       0x00000000       0x82 Drivers\STM32F2xx_HAL_Driver\stm32f2xx_hal_rcc.o
                                 0x83 (size before relaxing)
 .comment       0x00000000       0x83 Drivers\STM32F2xx_HAL_Driver\stm32f2xx_hal_gpio.o
 .comment       0x00000000       0x83 Drivers\STM32F2xx_HAL_Driver\stm32f2xx_hal_cortex.o
 .comment       0x00000000       0x83 Drivers\STM32F2xx_HAL_Driver\stm32f2xx_hal.o
 .comment       0x00000000       0x83 Drivers\CMSIS\system_stm32f2xx.o
 .comment       0x00000000       0x83 Application\User\stm32f2xx_it.o
 .comment       0x00000000       0x83 Application\User\main.o
 .comment       0x00000000       0x83 ..\..\..\..\..\..\..\Middlewares\ST\STM32_Cryptographic\Lib\libSTM32CryptographicV3.0.0_CM3_GCC_ot.a(crypto.o)

.debug_frame    0x00000000      0x650
 .debug_frame   0x00000000      0x140 Drivers\STM32F2xx_HAL_Driver\stm32f2xx_hal_rcc.o
 .debug_frame   0x00000140       0xac Drivers\STM32F2xx_HAL_Driver\stm32f2xx_hal_gpio.o
 .debug_frame   0x000001ec      0x120 Drivers\STM32F2xx_HAL_Driver\stm32f2xx_hal_cortex.o
 .debug_frame   0x0000030c      0x144 Drivers\STM32F2xx_HAL_Driver\stm32f2xx_hal.o
 .debug_frame   0x00000450       0x30 Drivers\CMSIS\system_stm32f2xx.o
 .debug_frame   0x00000480       0xa0 Application\User\stm32f2xx_it.o
 .debug_frame   0x00000520       0xbc Application\User\main.o
 .debug_frame   0x000005dc       0x2c c:/program files (x86)/atollic/truestudio for arm pro 5.3.0/armtools/bin/../lib/gcc/arm-atollic-eabi/4.8.3/../../../../arm-atollic-eabi/lib/armv7-m\libc.a(lib_a-init.o)
 .debug_frame   0x00000608       0x28 c:/program files (x86)/atollic/truestudio for arm pro 5.3.0/armtools/bin/../lib/gcc/arm-atollic-eabi/4.8.3/../../../../arm-atollic-eabi/lib/armv7-m\libc.a(lib_a-memcpy-stub.o)
 .debug_frame   0x00000630       0x20 c:/program files (x86)/atollic/truestudio for arm pro 5.3.0/armtools/bin/../lib/gcc/arm-atollic-eabi/4.8.3/../../../../arm-atollic-eabi/lib/armv7-m\libc.a(lib_a-memset.o)

Cross Reference Table

Symbol                                            File
ADC_IRQHandler                                    Application\TrueSTUDIO\startup_stm32f207xx.o
AES_CBC_Decrypt_Append                            ..\..\..\..\..\..\..\Middlewares\ST\STM32_Cryptographic\Lib\libSTM32CryptographicV3.0.0_CM3_GCC_ot.a(crypto.o)
AES_CBC_Decrypt_Finish                            ..\..\..\..\..\..\..\Middlewares\ST\STM32_Cryptographic\Lib\libSTM32CryptographicV3.0.0_CM3_GCC_ot.a(crypto.o)
AES_CBC_Decrypt_Init                              ..\..\..\..\..\..\..\Middlewares\ST\STM32_Cryptographic\Lib\libSTM32CryptographicV3.0.0_CM3_GCC_ot.a(crypto.o)
AES_CBC_Encrypt_Append                            ..\..\..\..\..\..\..\Middlewares\ST\STM32_Cryptographic\Lib\libSTM32CryptographicV3.0.0_CM3_GCC_ot.a(crypto.o)
AES_CBC_Encrypt_Finish                            ..\..\..\..\..\..\..\Middlewares\ST\STM32_Cryptographic\Lib\libSTM32CryptographicV3.0.0_CM3_GCC_ot.a(crypto.o)
AES_CBC_Encrypt_Init                              ..\..\..\..\..\..\..\Middlewares\ST\STM32_Cryptographic\Lib\libSTM32CryptographicV3.0.0_CM3_GCC_ot.a(crypto.o)
AES_CCM_Decrypt_Append                            ..\..\..\..\..\..\..\Middlewares\ST\STM32_Cryptographic\Lib\libSTM32CryptographicV3.0.0_CM3_GCC_ot.a(crypto.o)
                                                  Application\User\main.o
AES_CCM_Decrypt_Finish                            ..\..\..\..\..\..\..\Middlewares\ST\STM32_Cryptographic\Lib\libSTM32CryptographicV3.0.0_CM3_GCC_ot.a(crypto.o)
                                                  Application\User\main.o
AES_CCM_Decrypt_Init                              ..\..\..\..\..\..\..\Middlewares\ST\STM32_Cryptographic\Lib\libSTM32CryptographicV3.0.0_CM3_GCC_ot.a(crypto.o)
                                                  Application\User\main.o
AES_CCM_Encrypt_Append                            ..\..\..\..\..\..\..\Middlewares\ST\STM32_Cryptographic\Lib\libSTM32CryptographicV3.0.0_CM3_GCC_ot.a(crypto.o)
                                                  Application\User\main.o
AES_CCM_Encrypt_Finish                            ..\..\..\..\..\..\..\Middlewares\ST\STM32_Cryptographic\Lib\libSTM32CryptographicV3.0.0_CM3_GCC_ot.a(crypto.o)
                                                  Application\User\main.o
AES_CCM_Encrypt_Init                              ..\..\..\..\..\..\..\Middlewares\ST\STM32_Cryptographic\Lib\libSTM32CryptographicV3.0.0_CM3_GCC_ot.a(crypto.o)
                                                  Application\User\main.o
AES_CCM_Header_Append                             ..\..\..\..\..\..\..\Middlewares\ST\STM32_Cryptographic\Lib\libSTM32CryptographicV3.0.0_CM3_GCC_ot.a(crypto.o)
                                                  Application\User\main.o
AES_CFB_Decrypt_Append                            ..\..\..\..\..\..\..\Middlewares\ST\STM32_Cryptographic\Lib\libSTM32CryptographicV3.0.0_CM3_GCC_ot.a(crypto.o)
AES_CFB_Decrypt_Finish                            ..\..\..\..\..\..\..\Middlewares\ST\STM32_Cryptographic\Lib\libSTM32CryptographicV3.0.0_CM3_GCC_ot.a(crypto.o)
AES_CFB_Decrypt_Init                              ..\..\..\..\..\..\..\Middlewares\ST\STM32_Cryptographic\Lib\libSTM32CryptographicV3.0.0_CM3_GCC_ot.a(crypto.o)
AES_CFB_Encrypt_Append                            ..\..\..\..\..\..\..\Middlewares\ST\STM32_Cryptographic\Lib\libSTM32CryptographicV3.0.0_CM3_GCC_ot.a(crypto.o)
AES_CFB_Encrypt_Finish                            ..\..\..\..\..\..\..\Middlewares\ST\STM32_Cryptographic\Lib\libSTM32CryptographicV3.0.0_CM3_GCC_ot.a(crypto.o)
AES_CFB_Encrypt_Init                              ..\..\..\..\..\..\..\Middlewares\ST\STM32_Cryptographic\Lib\libSTM32CryptographicV3.0.0_CM3_GCC_ot.a(crypto.o)
AES_CMAC_Decrypt_Append                           ..\..\..\..\..\..\..\Middlewares\ST\STM32_Cryptographic\Lib\libSTM32CryptographicV3.0.0_CM3_GCC_ot.a(crypto.o)
AES_CMAC_Decrypt_Finish                           ..\..\..\..\..\..\..\Middlewares\ST\STM32_Cryptographic\Lib\libSTM32CryptographicV3.0.0_CM3_GCC_ot.a(crypto.o)
AES_CMAC_Decrypt_Init                             ..\..\..\..\..\..\..\Middlewares\ST\STM32_Cryptographic\Lib\libSTM32CryptographicV3.0.0_CM3_GCC_ot.a(crypto.o)
AES_CMAC_Encrypt_Append                           ..\..\..\..\..\..\..\Middlewares\ST\STM32_Cryptographic\Lib\libSTM32CryptographicV3.0.0_CM3_GCC_ot.a(crypto.o)
AES_CMAC_Encrypt_Finish                           ..\..\..\..\..\..\..\Middlewares\ST\STM32_Cryptographic\Lib\libSTM32CryptographicV3.0.0_CM3_GCC_ot.a(crypto.o)
AES_CMAC_Encrypt_Init                             ..\..\..\..\..\..\..\Middlewares\ST\STM32_Cryptographic\Lib\libSTM32CryptographicV3.0.0_CM3_GCC_ot.a(crypto.o)
AES_CONF                                          ..\..\..\..\..\..\..\Middlewares\ST\STM32_Cryptographic\Lib\libSTM32CryptographicV3.0.0_CM3_GCC_ot.a(crypto.o)
AES_CTR_Decrypt_Append                            ..\..\..\..\..\..\..\Middlewares\ST\STM32_Cryptographic\Lib\libSTM32CryptographicV3.0.0_CM3_GCC_ot.a(crypto.o)
AES_CTR_Decrypt_Finish                            ..\..\..\..\..\..\..\Middlewares\ST\STM32_Cryptographic\Lib\libSTM32CryptographicV3.0.0_CM3_GCC_ot.a(crypto.o)
AES_CTR_Decrypt_Init                              ..\..\..\..\..\..\..\Middlewares\ST\STM32_Cryptographic\Lib\libSTM32CryptographicV3.0.0_CM3_GCC_ot.a(crypto.o)
AES_CTR_Encrypt_Append                            ..\..\..\..\..\..\..\Middlewares\ST\STM32_Cryptographic\Lib\libSTM32CryptographicV3.0.0_CM3_GCC_ot.a(crypto.o)
AES_CTR_Encrypt_Finish                            ..\..\..\..\..\..\..\Middlewares\ST\STM32_Cryptographic\Lib\libSTM32CryptographicV3.0.0_CM3_GCC_ot.a(crypto.o)
AES_CTR_Encrypt_Init                              ..\..\..\..\..\..\..\Middlewares\ST\STM32_Cryptographic\Lib\libSTM32CryptographicV3.0.0_CM3_GCC_ot.a(crypto.o)
AES_ECB_Decrypt_Append                            ..\..\..\..\..\..\..\Middlewares\ST\STM32_Cryptographic\Lib\libSTM32CryptographicV3.0.0_CM3_GCC_ot.a(crypto.o)
AES_ECB_Decrypt_Finish                            ..\..\..\..\..\..\..\Middlewares\ST\STM32_Cryptographic\Lib\libSTM32CryptographicV3.0.0_CM3_GCC_ot.a(crypto.o)
AES_ECB_Decrypt_Init                              ..\..\..\..\..\..\..\Middlewares\ST\STM32_Cryptographic\Lib\libSTM32CryptographicV3.0.0_CM3_GCC_ot.a(crypto.o)
AES_ECB_Encrypt_Append                            ..\..\..\..\..\..\..\Middlewares\ST\STM32_Cryptographic\Lib\libSTM32CryptographicV3.0.0_CM3_GCC_ot.a(crypto.o)
AES_ECB_Encrypt_Finish                            ..\..\..\..\..\..\..\Middlewares\ST\STM32_Cryptographic\Lib\libSTM32CryptographicV3.0.0_CM3_GCC_ot.a(crypto.o)
AES_ECB_Encrypt_Init                              ..\..\..\..\..\..\..\Middlewares\ST\STM32_Cryptographic\Lib\libSTM32CryptographicV3.0.0_CM3_GCC_ot.a(crypto.o)
AES_GCM_Decrypt_Append                            ..\..\..\..\..\..\..\Middlewares\ST\STM32_Cryptographic\Lib\libSTM32CryptographicV3.0.0_CM3_GCC_ot.a(crypto.o)
AES_GCM_Decrypt_Finish                            ..\..\..\..\..\..\..\Middlewares\ST\STM32_Cryptographic\Lib\libSTM32CryptographicV3.0.0_CM3_GCC_ot.a(crypto.o)
AES_GCM_Decrypt_Init                              ..\..\..\..\..\..\..\Middlewares\ST\STM32_Cryptographic\Lib\libSTM32CryptographicV3.0.0_CM3_GCC_ot.a(crypto.o)
AES_GCM_Encrypt_Append                            ..\..\..\..\..\..\..\Middlewares\ST\STM32_Cryptographic\Lib\libSTM32CryptographicV3.0.0_CM3_GCC_ot.a(crypto.o)
AES_GCM_Encrypt_Finish                            ..\..\..\..\..\..\..\Middlewares\ST\STM32_Cryptographic\Lib\libSTM32CryptographicV3.0.0_CM3_GCC_ot.a(crypto.o)
AES_GCM_Encrypt_Init                              ..\..\..\..\..\..\..\Middlewares\ST\STM32_Cryptographic\Lib\libSTM32CryptographicV3.0.0_CM3_GCC_ot.a(crypto.o)
AES_GCM_Header_Append                             ..\..\..\..\..\..\..\Middlewares\ST\STM32_Cryptographic\Lib\libSTM32CryptographicV3.0.0_CM3_GCC_ot.a(crypto.o)
AES_KeyWrap_Decrypt_Append                        ..\..\..\..\..\..\..\Middlewares\ST\STM32_Cryptographic\Lib\libSTM32CryptographicV3.0.0_CM3_GCC_ot.a(crypto.o)
AES_KeyWrap_Decrypt_Finish                        ..\..\..\..\..\..\..\Middlewares\ST\STM32_Cryptographic\Lib\libSTM32CryptographicV3.0.0_CM3_GCC_ot.a(crypto.o)
AES_KeyWrap_Decrypt_Init                          ..\..\..\..\..\..\..\Middlewares\ST\STM32_Cryptographic\Lib\libSTM32CryptographicV3.0.0_CM3_GCC_ot.a(crypto.o)
AES_KeyWrap_Encrypt_Append                        ..\..\..\..\..\..\..\Middlewares\ST\STM32_Cryptographic\Lib\libSTM32CryptographicV3.0.0_CM3_GCC_ot.a(crypto.o)
AES_KeyWrap_Encrypt_Finish                        ..\..\..\..\..\..\..\Middlewares\ST\STM32_Cryptographic\Lib\libSTM32CryptographicV3.0.0_CM3_GCC_ot.a(crypto.o)
AES_KeyWrap_Encrypt_Init                          ..\..\..\..\..\..\..\Middlewares\ST\STM32_Cryptographic\Lib\libSTM32CryptographicV3.0.0_CM3_GCC_ot.a(crypto.o)
AES_OFB_Decrypt_Append                            ..\..\..\..\..\..\..\Middlewares\ST\STM32_Cryptographic\Lib\libSTM32CryptographicV3.0.0_CM3_GCC_ot.a(crypto.o)
AES_OFB_Decrypt_Finish                            ..\..\..\..\..\..\..\Middlewares\ST\STM32_Cryptographic\Lib\libSTM32CryptographicV3.0.0_CM3_GCC_ot.a(crypto.o)
AES_OFB_Decrypt_Init                              ..\..\..\..\..\..\..\Middlewares\ST\STM32_Cryptographic\Lib\libSTM32CryptographicV3.0.0_CM3_GCC_ot.a(crypto.o)
AES_OFB_Encrypt_Append                            ..\..\..\..\..\..\..\Middlewares\ST\STM32_Cryptographic\Lib\libSTM32CryptographicV3.0.0_CM3_GCC_ot.a(crypto.o)
AES_OFB_Encrypt_Finish                            ..\..\..\..\..\..\..\Middlewares\ST\STM32_Cryptographic\Lib\libSTM32CryptographicV3.0.0_CM3_GCC_ot.a(crypto.o)
AES_OFB_Encrypt_Init                              ..\..\..\..\..\..\..\Middlewares\ST\STM32_Cryptographic\Lib\libSTM32CryptographicV3.0.0_CM3_GCC_ot.a(crypto.o)
AES_XTS_Decrypt_Append                            ..\..\..\..\..\..\..\Middlewares\ST\STM32_Cryptographic\Lib\libSTM32CryptographicV3.0.0_CM3_GCC_ot.a(crypto.o)
AES_XTS_Decrypt_Finish                            ..\..\..\..\..\..\..\Middlewares\ST\STM32_Cryptographic\Lib\libSTM32CryptographicV3.0.0_CM3_GCC_ot.a(crypto.o)
AES_XTS_Decrypt_Init                              ..\..\..\..\..\..\..\Middlewares\ST\STM32_Cryptographic\Lib\libSTM32CryptographicV3.0.0_CM3_GCC_ot.a(crypto.o)
AES_XTS_Encrypt_Append                            ..\..\..\..\..\..\..\Middlewares\ST\STM32_Cryptographic\Lib\libSTM32CryptographicV3.0.0_CM3_GCC_ot.a(crypto.o)
AES_XTS_Encrypt_Finish                            ..\..\..\..\..\..\..\Middlewares\ST\STM32_Cryptographic\Lib\libSTM32CryptographicV3.0.0_CM3_GCC_ot.a(crypto.o)
AES_XTS_Encrypt_Init                              ..\..\..\..\..\..\..\Middlewares\ST\STM32_Cryptographic\Lib\libSTM32CryptographicV3.0.0_CM3_GCC_ot.a(crypto.o)
AES_general_SW_dec                                ..\..\..\..\..\..\..\Middlewares\ST\STM32_Cryptographic\Lib\libSTM32CryptographicV3.0.0_CM3_GCC_ot.a(crypto.o)
AES_general_SW_enc                                ..\..\..\..\..\..\..\Middlewares\ST\STM32_Cryptographic\Lib\libSTM32CryptographicV3.0.0_CM3_GCC_ot.a(crypto.o)
AES_keyschedule_dec                               ..\..\..\..\..\..\..\Middlewares\ST\STM32_Cryptographic\Lib\libSTM32CryptographicV3.0.0_CM3_GCC_ot.a(crypto.o)
AES_keyschedule_enc                               ..\..\..\..\..\..\..\Middlewares\ST\STM32_Cryptographic\Lib\libSTM32CryptographicV3.0.0_CM3_GCC_ot.a(crypto.o)
AHBPrescTable                                     Drivers\CMSIS\system_stm32f2xx.o
APBAHBPrescTable                                  Drivers\STM32F2xx_HAL_Driver\stm32f2xx_hal_rcc.o
ARC4_Decrypt_Append                               ..\..\..\..\..\..\..\Middlewares\ST\STM32_Cryptographic\Lib\libSTM32CryptographicV3.0.0_CM3_GCC_ot.a(crypto.o)
ARC4_Decrypt_Finish                               ..\..\..\..\..\..\..\Middlewares\ST\STM32_Cryptographic\Lib\libSTM32CryptographicV3.0.0_CM3_GCC_ot.a(crypto.o)
ARC4_Decrypt_Init                                 ..\..\..\..\..\..\..\Middlewares\ST\STM32_Cryptographic\Lib\libSTM32CryptographicV3.0.0_CM3_GCC_ot.a(crypto.o)
ARC4_Encrypt_Append                               ..\..\..\..\..\..\..\Middlewares\ST\STM32_Cryptographic\Lib\libSTM32CryptographicV3.0.0_CM3_GCC_ot.a(crypto.o)
ARC4_Encrypt_Finish                               ..\..\..\..\..\..\..\Middlewares\ST\STM32_Cryptographic\Lib\libSTM32CryptographicV3.0.0_CM3_GCC_ot.a(crypto.o)
ARC4_Encrypt_Init                                 ..\..\..\..\..\..\..\Middlewares\ST\STM32_Cryptographic\Lib\libSTM32CryptographicV3.0.0_CM3_GCC_ot.a(crypto.o)
ASYM_KEY_CONF                                     ..\..\..\..\..\..\..\Middlewares\ST\STM32_Cryptographic\Lib\libSTM32CryptographicV3.0.0_CM3_GCC_ot.a(crypto.o)
AUDIO_IO_Init                                     Drivers\BSP\STM322xG_EVAL\stm322xg_eval.o
AUDIO_IO_Read                                     Drivers\BSP\STM322xG_EVAL\stm322xg_eval.o
AUDIO_IO_Write                                    Drivers\BSP\STM322xG_EVAL\stm322xg_eval.o
AddBig                                            ..\..\..\..\..\..\..\Middlewares\ST\STM32_Cryptographic\Lib\libSTM32CryptographicV3.0.0_CM3_GCC_ot.a(crypto.o)
AuthenticationTAGLength                           Application\User\main.o
BSP_COM_Init                                      Drivers\BSP\STM322xG_EVAL\stm322xg_eval.o
BSP_GetVersion                                    Drivers\BSP\STM322xG_EVAL\stm322xg_eval.o
BSP_IO_ConfigPin                                  Drivers\BSP\STM322xG_EVAL\stm322xg_eval_io.o
                                                  Drivers\BSP\STM322xG_EVAL\stm322xg_eval.o
BSP_IO_ITClear                                    Drivers\BSP\STM322xG_EVAL\stm322xg_eval_io.o
BSP_IO_ITGetStatus                                Drivers\BSP\STM322xG_EVAL\stm322xg_eval_io.o
BSP_IO_Init                                       Drivers\BSP\STM322xG_EVAL\stm322xg_eval_io.o
                                                  Drivers\BSP\STM322xG_EVAL\stm322xg_eval.o
BSP_IO_ReadPin                                    Drivers\BSP\STM322xG_EVAL\stm322xg_eval_io.o
                                                  Drivers\BSP\STM322xG_EVAL\stm322xg_eval.o
BSP_IO_TogglePin                                  Drivers\BSP\STM322xG_EVAL\stm322xg_eval_io.o
BSP_IO_WritePin                                   Drivers\BSP\STM322xG_EVAL\stm322xg_eval_io.o
BSP_JOY_GetState                                  Drivers\BSP\STM322xG_EVAL\stm322xg_eval.o
BSP_JOY_Init                                      Drivers\BSP\STM322xG_EVAL\stm322xg_eval.o
BSP_LED_Init                                      Drivers\BSP\STM322xG_EVAL\stm322xg_eval.o
BSP_LED_Off                                       Drivers\BSP\STM322xG_EVAL\stm322xg_eval.o
BSP_LED_On                                        Drivers\BSP\STM322xG_EVAL\stm322xg_eval.o
BSP_LED_Toggle                                    Drivers\BSP\STM322xG_EVAL\stm322xg_eval.o
BSP_PB_GetState                                   Drivers\BSP\STM322xG_EVAL\stm322xg_eval.o
BSP_PB_Init                                       Drivers\BSP\STM322xG_EVAL\stm322xg_eval.o
BUTTON_IRQn                                       Drivers\BSP\STM322xG_EVAL\stm322xg_eval.o
BUTTON_PIN                                        Drivers\BSP\STM322xG_EVAL\stm322xg_eval.o
BUTTON_PORT                                       Drivers\BSP\STM322xG_EVAL\stm322xg_eval.o
Big_to_W8                                         ..\..\..\..\..\..\..\Middlewares\ST\STM32_Cryptographic\Lib\libSTM32CryptographicV3.0.0_CM3_GCC_ot.a(crypto.o)
Big_to_fixedW8                                    ..\..\..\..\..\..\..\Middlewares\ST\STM32_Cryptographic\Lib\libSTM32CryptographicV3.0.0_CM3_GCC_ot.a(crypto.o)
Binary_DoublePointMul                             ..\..\..\..\..\..\..\Middlewares\ST\STM32_Cryptographic\Lib\libSTM32CryptographicV3.0.0_CM3_GCC_ot.a(crypto.o)
Buffercmp                                         Application\User\main.o
BusFault_Handler                                  Application\User\stm32f2xx_it.o
C25519keyExchange                                 ..\..\..\..\..\..\..\Middlewares\ST\STM32_Cryptographic\Lib\libSTM32CryptographicV3.0.0_CM3_GCC_ot.a(crypto.o)
C25519keyGen                                      ..\..\..\..\..\..\..\Middlewares\ST\STM32_Cryptographic\Lib\libSTM32CryptographicV3.0.0_CM3_GCC_ot.a(crypto.o)
CAMERA_Delay                                      Drivers\BSP\STM322xG_EVAL\stm322xg_eval.o
CAMERA_IO_Init                                    Drivers\BSP\STM322xG_EVAL\stm322xg_eval.o
CAMERA_IO_Read                                    Drivers\BSP\STM322xG_EVAL\stm322xg_eval.o
CAMERA_IO_Write                                   Drivers\BSP\STM322xG_EVAL\stm322xg_eval.o
CAN1_RX0_IRQHandler                               Application\TrueSTUDIO\startup_stm32f207xx.o
CAN1_RX1_IRQHandler                               Application\TrueSTUDIO\startup_stm32f207xx.o
CAN1_SCE_IRQHandler                               Application\TrueSTUDIO\startup_stm32f207xx.o
CAN1_TX_IRQHandler                                Application\TrueSTUDIO\startup_stm32f207xx.o
CAN2_RX0_IRQHandler                               Application\TrueSTUDIO\startup_stm32f207xx.o
CAN2_RX1_IRQHandler                               Application\TrueSTUDIO\startup_stm32f207xx.o
CAN2_SCE_IRQHandler                               Application\TrueSTUDIO\startup_stm32f207xx.o
CAN2_TX_IRQHandler                                Application\TrueSTUDIO\startup_stm32f207xx.o
CHACHA_Decrypt_Append                             ..\..\..\..\..\..\..\Middlewares\ST\STM32_Cryptographic\Lib\libSTM32CryptographicV3.0.0_CM3_GCC_ot.a(crypto.o)
CHACHA_Decrypt_Finish                             ..\..\..\..\..\..\..\Middlewares\ST\STM32_Cryptographic\Lib\libSTM32CryptographicV3.0.0_CM3_GCC_ot.a(crypto.o)
CHACHA_Decrypt_Init                               ..\..\..\..\..\..\..\Middlewares\ST\STM32_Cryptographic\Lib\libSTM32CryptographicV3.0.0_CM3_GCC_ot.a(crypto.o)
CHACHA_Encrypt_Append                             ..\..\..\..\..\..\..\Middlewares\ST\STM32_Cryptographic\Lib\libSTM32CryptographicV3.0.0_CM3_GCC_ot.a(crypto.o)
CHACHA_Encrypt_Finish                             ..\..\..\..\..\..\..\Middlewares\ST\STM32_Cryptographic\Lib\libSTM32CryptographicV3.0.0_CM3_GCC_ot.a(crypto.o)
CHACHA_Encrypt_Init                               ..\..\..\..\..\..\..\Middlewares\ST\STM32_Cryptographic\Lib\libSTM32CryptographicV3.0.0_CM3_GCC_ot.a(crypto.o)
COM_RX_AF                                         Drivers\BSP\STM322xG_EVAL\stm322xg_eval.o
COM_RX_PIN                                        Drivers\BSP\STM322xG_EVAL\stm322xg_eval.o
COM_RX_PORT                                       Drivers\BSP\STM322xG_EVAL\stm322xg_eval.o
COM_TX_AF                                         Drivers\BSP\STM322xG_EVAL\stm322xg_eval.o
COM_TX_PIN                                        Drivers\BSP\STM322xG_EVAL\stm322xg_eval.o
COM_TX_PORT                                       Drivers\BSP\STM322xG_EVAL\stm322xg_eval.o
COM_USART                                         Drivers\BSP\STM322xG_EVAL\stm322xg_eval.o
CORTEX_CONF                                       ..\..\..\..\..\..\..\Middlewares\ST\STM32_Cryptographic\Lib\libSTM32CryptographicV3.0.0_CM3_GCC_ot.a(crypto.o)
ChaCha20Poly1305_Decrypt_Append                   ..\..\..\..\..\..\..\Middlewares\ST\STM32_Cryptographic\Lib\libSTM32CryptographicV3.0.0_CM3_GCC_ot.a(crypto.o)
ChaCha20Poly1305_Decrypt_Finish                   ..\..\..\..\..\..\..\Middlewares\ST\STM32_Cryptographic\Lib\libSTM32CryptographicV3.0.0_CM3_GCC_ot.a(crypto.o)
ChaCha20Poly1305_Decrypt_Init                     ..\..\..\..\..\..\..\Middlewares\ST\STM32_Cryptographic\Lib\libSTM32CryptographicV3.0.0_CM3_GCC_ot.a(crypto.o)
ChaCha20Poly1305_Encrypt_Append                   ..\..\..\..\..\..\..\Middlewares\ST\STM32_Cryptographic\Lib\libSTM32CryptographicV3.0.0_CM3_GCC_ot.a(crypto.o)
ChaCha20Poly1305_Encrypt_Finish                   ..\..\..\..\..\..\..\Middlewares\ST\STM32_Cryptographic\Lib\libSTM32CryptographicV3.0.0_CM3_GCC_ot.a(crypto.o)
ChaCha20Poly1305_Encrypt_Init                     ..\..\..\..\..\..\..\Middlewares\ST\STM32_Cryptographic\Lib\libSTM32CryptographicV3.0.0_CM3_GCC_ot.a(crypto.o)
ChaCha20Poly1305_Header_Append                    ..\..\..\..\..\..\..\Middlewares\ST\STM32_Cryptographic\Lib\libSTM32CryptographicV3.0.0_CM3_GCC_ot.a(crypto.o)
CompareBig                                        ..\..\..\..\..\..\..\Middlewares\ST\STM32_Cryptographic\Lib\libSTM32CryptographicV3.0.0_CM3_GCC_ot.a(crypto.o)
CopyBig                                           ..\..\..\..\..\..\..\Middlewares\ST\STM32_Cryptographic\Lib\libSTM32CryptographicV3.0.0_CM3_GCC_ot.a(crypto.o)
CountBits                                         ..\..\..\..\..\..\..\Middlewares\ST\STM32_Cryptographic\Lib\libSTM32CryptographicV3.0.0_CM3_GCC_ot.a(crypto.o)
CountBytes                                        ..\..\..\..\..\..\..\Middlewares\ST\STM32_Cryptographic\Lib\libSTM32CryptographicV3.0.0_CM3_GCC_ot.a(crypto.o)
DCMI_IRQHandler                                   Application\TrueSTUDIO\startup_stm32f207xx.o
DES_CBC_Decrypt_Append                            ..\..\..\..\..\..\..\Middlewares\ST\STM32_Cryptographic\Lib\libSTM32CryptographicV3.0.0_CM3_GCC_ot.a(crypto.o)
DES_CBC_Decrypt_Finish                            ..\..\..\..\..\..\..\Middlewares\ST\STM32_Cryptographic\Lib\libSTM32CryptographicV3.0.0_CM3_GCC_ot.a(crypto.o)
DES_CBC_Decrypt_Init                              ..\..\..\..\..\..\..\Middlewares\ST\STM32_Cryptographic\Lib\libSTM32CryptographicV3.0.0_CM3_GCC_ot.a(crypto.o)
DES_CBC_Encrypt_Append                            ..\..\..\..\..\..\..\Middlewares\ST\STM32_Cryptographic\Lib\libSTM32CryptographicV3.0.0_CM3_GCC_ot.a(crypto.o)
DES_CBC_Encrypt_Finish                            ..\..\..\..\..\..\..\Middlewares\ST\STM32_Cryptographic\Lib\libSTM32CryptographicV3.0.0_CM3_GCC_ot.a(crypto.o)
DES_CBC_Encrypt_Init                              ..\..\..\..\..\..\..\Middlewares\ST\STM32_Cryptographic\Lib\libSTM32CryptographicV3.0.0_CM3_GCC_ot.a(crypto.o)
DES_ECB_Decrypt_Append                            ..\..\..\..\..\..\..\Middlewares\ST\STM32_Cryptographic\Lib\libSTM32CryptographicV3.0.0_CM3_GCC_ot.a(crypto.o)
DES_ECB_Decrypt_Finish                            ..\..\..\..\..\..\..\Middlewares\ST\STM32_Cryptographic\Lib\libSTM32CryptographicV3.0.0_CM3_GCC_ot.a(crypto.o)
DES_ECB_Decrypt_Init                              ..\..\..\..\..\..\..\Middlewares\ST\STM32_Cryptographic\Lib\libSTM32CryptographicV3.0.0_CM3_GCC_ot.a(crypto.o)
DES_ECB_Encrypt_Append                            ..\..\..\..\..\..\..\Middlewares\ST\STM32_Cryptographic\Lib\libSTM32CryptographicV3.0.0_CM3_GCC_ot.a(crypto.o)
DES_ECB_Encrypt_Finish                            ..\..\..\..\..\..\..\Middlewares\ST\STM32_Cryptographic\Lib\libSTM32CryptographicV3.0.0_CM3_GCC_ot.a(crypto.o)
DES_ECB_Encrypt_Init                              ..\..\..\..\..\..\..\Middlewares\ST\STM32_Cryptographic\Lib\libSTM32CryptographicV3.0.0_CM3_GCC_ot.a(crypto.o)
DMA1_Stream0_IRQHandler                           Application\TrueSTUDIO\startup_stm32f207xx.o
DMA1_Stream1_IRQHandler                           Application\TrueSTUDIO\startup_stm32f207xx.o
DMA1_Stream2_IRQHandler                           Application\TrueSTUDIO\startup_stm32f207xx.o
DMA1_Stream3_IRQHandler                           Application\TrueSTUDIO\startup_stm32f207xx.o
DMA1_Stream4_IRQHandler                           Application\TrueSTUDIO\startup_stm32f207xx.o
DMA1_Stream5_IRQHandler                           Application\TrueSTUDIO\startup_stm32f207xx.o
DMA1_Stream6_IRQHandler                           Application\TrueSTUDIO\startup_stm32f207xx.o
DMA1_Stream7_IRQHandler                           Application\TrueSTUDIO\startup_stm32f207xx.o
DMA2_Stream0_IRQHandler                           Application\TrueSTUDIO\startup_stm32f207xx.o
DMA2_Stream1_IRQHandler                           Application\TrueSTUDIO\startup_stm32f207xx.o
DMA2_Stream2_IRQHandler                           Application\TrueSTUDIO\startup_stm32f207xx.o
DMA2_Stream3_IRQHandler                           Application\TrueSTUDIO\startup_stm32f207xx.o
DMA2_Stream4_IRQHandler                           Application\TrueSTUDIO\startup_stm32f207xx.o
DMA2_Stream5_IRQHandler                           Application\TrueSTUDIO\startup_stm32f207xx.o
DMA2_Stream6_IRQHandler                           Application\TrueSTUDIO\startup_stm32f207xx.o
DMA2_Stream7_IRQHandler                           Application\TrueSTUDIO\startup_stm32f207xx.o
DRBG_CONF                                         ..\..\..\..\..\..\..\Middlewares\ST\STM32_Cryptographic\Lib\libSTM32CryptographicV3.0.0_CM3_GCC_ot.a(crypto.o)
DebugMon_Handler                                  Application\User\stm32f2xx_it.o
Default_Handler                                   Application\TrueSTUDIO\startup_stm32f207xx.o
ECCcopyPoint                                      ..\..\..\..\..\..\..\Middlewares\ST\STM32_Cryptographic\Lib\libSTM32CryptographicV3.0.0_CM3_GCC_ot.a(crypto.o)
ECCfreeEC                                         ..\..\..\..\..\..\..\Middlewares\ST\STM32_Cryptographic\Lib\libSTM32CryptographicV3.0.0_CM3_GCC_ot.a(crypto.o)
ECCfreePoint                                      ..\..\..\..\..\..\..\Middlewares\ST\STM32_Cryptographic\Lib\libSTM32CryptographicV3.0.0_CM3_GCC_ot.a(crypto.o)
ECCfreePrivKey                                    ..\..\..\..\..\..\..\Middlewares\ST\STM32_Cryptographic\Lib\libSTM32CryptographicV3.0.0_CM3_GCC_ot.a(crypto.o)
ECCgetPointCoordinate                             ..\..\..\..\..\..\..\Middlewares\ST\STM32_Cryptographic\Lib\libSTM32CryptographicV3.0.0_CM3_GCC_ot.a(crypto.o)
ECCgetPointFlag                                   ..\..\..\..\..\..\..\Middlewares\ST\STM32_Cryptographic\Lib\libSTM32CryptographicV3.0.0_CM3_GCC_ot.a(crypto.o)
ECCgetPrivKeyValue                                ..\..\..\..\..\..\..\Middlewares\ST\STM32_Cryptographic\Lib\libSTM32CryptographicV3.0.0_CM3_GCC_ot.a(crypto.o)
ECCinitEC                                         ..\..\..\..\..\..\..\Middlewares\ST\STM32_Cryptographic\Lib\libSTM32CryptographicV3.0.0_CM3_GCC_ot.a(crypto.o)
ECCinitPoint                                      ..\..\..\..\..\..\..\Middlewares\ST\STM32_Cryptographic\Lib\libSTM32CryptographicV3.0.0_CM3_GCC_ot.a(crypto.o)
ECCinitPrivKey                                    ..\..\..\..\..\..\..\Middlewares\ST\STM32_Cryptographic\Lib\libSTM32CryptographicV3.0.0_CM3_GCC_ot.a(crypto.o)
ECCkeyGen                                         ..\..\..\..\..\..\..\Middlewares\ST\STM32_Cryptographic\Lib\libSTM32CryptographicV3.0.0_CM3_GCC_ot.a(crypto.o)
ECCpoint2Monty                                    ..\..\..\..\..\..\..\Middlewares\ST\STM32_Cryptographic\Lib\libSTM32CryptographicV3.0.0_CM3_GCC_ot.a(crypto.o)
ECCpointFromMonty                                 ..\..\..\..\..\..\..\Middlewares\ST\STM32_Cryptographic\Lib\libSTM32CryptographicV3.0.0_CM3_GCC_ot.a(crypto.o)
ECCscalarMul                                      ..\..\..\..\..\..\..\Middlewares\ST\STM32_Cryptographic\Lib\libSTM32CryptographicV3.0.0_CM3_GCC_ot.a(crypto.o)
ECCsetPointCoordinate                             ..\..\..\..\..\..\..\Middlewares\ST\STM32_Cryptographic\Lib\libSTM32CryptographicV3.0.0_CM3_GCC_ot.a(crypto.o)
ECCsetPointFlag                                   ..\..\..\..\..\..\..\Middlewares\ST\STM32_Cryptographic\Lib\libSTM32CryptographicV3.0.0_CM3_GCC_ot.a(crypto.o)
ECCsetPointGenerator                              ..\..\..\..\..\..\..\Middlewares\ST\STM32_Cryptographic\Lib\libSTM32CryptographicV3.0.0_CM3_GCC_ot.a(crypto.o)
ECCsetPrivKeyValue                                ..\..\..\..\..\..\..\Middlewares\ST\STM32_Cryptographic\Lib\libSTM32CryptographicV3.0.0_CM3_GCC_ot.a(crypto.o)
ECCsymmetricPoint                                 ..\..\..\..\..\..\..\Middlewares\ST\STM32_Cryptographic\Lib\libSTM32CryptographicV3.0.0_CM3_GCC_ot.a(crypto.o)
ECCvalidatePubKey                                 ..\..\..\..\..\..\..\Middlewares\ST\STM32_Cryptographic\Lib\libSTM32CryptographicV3.0.0_CM3_GCC_ot.a(crypto.o)
ECDSAfreeSign                                     ..\..\..\..\..\..\..\Middlewares\ST\STM32_Cryptographic\Lib\libSTM32CryptographicV3.0.0_CM3_GCC_ot.a(crypto.o)
ECDSAgetSignature                                 ..\..\..\..\..\..\..\Middlewares\ST\STM32_Cryptographic\Lib\libSTM32CryptographicV3.0.0_CM3_GCC_ot.a(crypto.o)
ECDSAinitSign                                     ..\..\..\..\..\..\..\Middlewares\ST\STM32_Cryptographic\Lib\libSTM32CryptographicV3.0.0_CM3_GCC_ot.a(crypto.o)
ECDSAsetSignature                                 ..\..\..\..\..\..\..\Middlewares\ST\STM32_Cryptographic\Lib\libSTM32CryptographicV3.0.0_CM3_GCC_ot.a(crypto.o)
ECDSAsign                                         ..\..\..\..\..\..\..\Middlewares\ST\STM32_Cryptographic\Lib\libSTM32CryptographicV3.0.0_CM3_GCC_ot.a(crypto.o)
ECDSAverify                                       ..\..\..\..\..\..\..\Middlewares\ST\STM32_Cryptographic\Lib\libSTM32CryptographicV3.0.0_CM3_GCC_ot.a(crypto.o)
ED25519keyGen                                     ..\..\..\..\..\..\..\Middlewares\ST\STM32_Cryptographic\Lib\libSTM32CryptographicV3.0.0_CM3_GCC_ot.a(crypto.o)
ED25519sign                                       ..\..\..\..\..\..\..\Middlewares\ST\STM32_Cryptographic\Lib\libSTM32CryptographicV3.0.0_CM3_GCC_ot.a(crypto.o)
ED25519verify                                     ..\..\..\..\..\..\..\Middlewares\ST\STM32_Cryptographic\Lib\libSTM32CryptographicV3.0.0_CM3_GCC_ot.a(crypto.o)
EEPROM_IO_Init                                    Drivers\BSP\STM322xG_EVAL\stm322xg_eval.o
EEPROM_IO_IsDeviceReady                           Drivers\BSP\STM322xG_EVAL\stm322xg_eval.o
EEPROM_IO_ReadData                                Drivers\BSP\STM322xG_EVAL\stm322xg_eval.o
EEPROM_IO_WriteData                               Drivers\BSP\STM322xG_EVAL\stm322xg_eval.o
ENC_DEC_CONF                                      ..\..\..\..\..\..\..\Middlewares\ST\STM32_Cryptographic\Lib\libSTM32CryptographicV3.0.0_CM3_GCC_ot.a(crypto.o)
ENDIANNESS_CONF                                   ..\..\..\..\..\..\..\Middlewares\ST\STM32_Cryptographic\Lib\libSTM32CryptographicV3.0.0_CM3_GCC_ot.a(crypto.o)
ETH_IRQHandler                                    Application\TrueSTUDIO\startup_stm32f207xx.o
ETH_WKUP_IRQHandler                               Application\TrueSTUDIO\startup_stm32f207xx.o
EXTI0_IRQHandler                                  Application\TrueSTUDIO\startup_stm32f207xx.o
EXTI15_10_IRQHandler                              Application\TrueSTUDIO\startup_stm32f207xx.o
EXTI1_IRQHandler                                  Application\TrueSTUDIO\startup_stm32f207xx.o
EXTI2_IRQHandler                                  Application\TrueSTUDIO\startup_stm32f207xx.o
EXTI3_IRQHandler                                  Application\TrueSTUDIO\startup_stm32f207xx.o
EXTI4_IRQHandler                                  Application\TrueSTUDIO\startup_stm32f207xx.o
EXTI9_5_IRQHandler                                Application\TrueSTUDIO\startup_stm32f207xx.o
EvenBig                                           ..\..\..\..\..\..\..\Middlewares\ST\STM32_Cryptographic\Lib\libSTM32CryptographicV3.0.0_CM3_GCC_ot.a(crypto.o)
Expected_Ciphertext                               Application\User\main.o
FLASH_IRQHandler                                  Application\TrueSTUDIO\startup_stm32f207xx.o
FSMC_IRQHandler                                   Application\TrueSTUDIO\startup_stm32f207xx.o
FSMC_NAND_AttributeSpace_Timing_Init              Drivers\STM32F2xx_HAL_Driver\stm32f2xx_ll_fsmc.o
FSMC_NAND_CommonSpace_Timing_Init                 Drivers\STM32F2xx_HAL_Driver\stm32f2xx_ll_fsmc.o
FSMC_NAND_DeInit                                  Drivers\STM32F2xx_HAL_Driver\stm32f2xx_ll_fsmc.o
FSMC_NAND_ECC_Disable                             Drivers\STM32F2xx_HAL_Driver\stm32f2xx_ll_fsmc.o
FSMC_NAND_ECC_Enable                              Drivers\STM32F2xx_HAL_Driver\stm32f2xx_ll_fsmc.o
FSMC_NAND_GetECC                                  Drivers\STM32F2xx_HAL_Driver\stm32f2xx_ll_fsmc.o
FSMC_NAND_Init                                    Drivers\STM32F2xx_HAL_Driver\stm32f2xx_ll_fsmc.o
FSMC_NORSRAM_DeInit                               Drivers\STM32F2xx_HAL_Driver\stm32f2xx_ll_fsmc.o
                                                  Drivers\STM32F2xx_HAL_Driver\stm32f2xx_hal_sram.o
FSMC_NORSRAM_Extended_Timing_Init                 Drivers\STM32F2xx_HAL_Driver\stm32f2xx_ll_fsmc.o
                                                  Drivers\STM32F2xx_HAL_Driver\stm32f2xx_hal_sram.o
FSMC_NORSRAM_Init                                 Drivers\STM32F2xx_HAL_Driver\stm32f2xx_ll_fsmc.o
                                                  Drivers\STM32F2xx_HAL_Driver\stm32f2xx_hal_sram.o
FSMC_NORSRAM_Timing_Init                          Drivers\STM32F2xx_HAL_Driver\stm32f2xx_ll_fsmc.o
                                                  Drivers\STM32F2xx_HAL_Driver\stm32f2xx_hal_sram.o
FSMC_NORSRAM_WriteOperation_Disable               Drivers\STM32F2xx_HAL_Driver\stm32f2xx_ll_fsmc.o
                                                  Drivers\STM32F2xx_HAL_Driver\stm32f2xx_hal_sram.o
FSMC_NORSRAM_WriteOperation_Enable                Drivers\STM32F2xx_HAL_Driver\stm32f2xx_ll_fsmc.o
                                                  Drivers\STM32F2xx_HAL_Driver\stm32f2xx_hal_sram.o
FSMC_PCCARD_AttributeSpace_Timing_Init            Drivers\STM32F2xx_HAL_Driver\stm32f2xx_ll_fsmc.o
FSMC_PCCARD_CommonSpace_Timing_Init               Drivers\STM32F2xx_HAL_Driver\stm32f2xx_ll_fsmc.o
FSMC_PCCARD_DeInit                                Drivers\STM32F2xx_HAL_Driver\stm32f2xx_ll_fsmc.o
FSMC_PCCARD_IOSpace_Timing_Init                   Drivers\STM32F2xx_HAL_Driver\stm32f2xx_ll_fsmc.o
FSMC_PCCARD_Init                                  Drivers\STM32F2xx_HAL_Driver\stm32f2xx_ll_fsmc.o
FastDiv2                                          ..\..\..\..\..\..\..\Middlewares\ST\STM32_Cryptographic\Lib\libSTM32CryptographicV3.0.0_CM3_GCC_ot.a(crypto.o)
FastDivInnerBase                                  ..\..\..\..\..\..\..\Middlewares\ST\STM32_Cryptographic\Lib\libSTM32CryptographicV3.0.0_CM3_GCC_ot.a(crypto.o)
FastMul2                                          ..\..\..\..\..\..\..\Middlewares\ST\STM32_Cryptographic\Lib\libSTM32CryptographicV3.0.0_CM3_GCC_ot.a(crypto.o)
FastMulInnerBase                                  ..\..\..\..\..\..\..\Middlewares\ST\STM32_Cryptographic\Lib\libSTM32CryptographicV3.0.0_CM3_GCC_ot.a(crypto.o)
GCM_CONF                                          ..\..\..\..\..\..\..\Middlewares\ST\STM32_Cryptographic\Lib\libSTM32CryptographicV3.0.0_CM3_GCC_ot.a(crypto.o)
GPIO_PIN                                          Drivers\BSP\STM322xG_EVAL\stm322xg_eval.o
GPIO_PORT                                         Drivers\BSP\STM322xG_EVAL\stm322xg_eval.o
GenRndBN                                          ..\..\..\..\..\..\..\Middlewares\ST\STM32_Cryptographic\Lib\libSTM32CryptographicV3.0.0_CM3_GCC_ot.a(crypto.o)
GenRndBNmodN                                      ..\..\..\..\..\..\..\Middlewares\ST\STM32_Cryptographic\Lib\libSTM32CryptographicV3.0.0_CM3_GCC_ot.a(crypto.o)
GiveBit                                           ..\..\..\..\..\..\..\Middlewares\ST\STM32_Cryptographic\Lib\libSTM32CryptographicV3.0.0_CM3_GCC_ot.a(crypto.o)
HAL_CRC_Accumulate                                Drivers\STM32F2xx_HAL_Driver\stm32f2xx_hal_crc.o
HAL_CRC_Calculate                                 Drivers\STM32F2xx_HAL_Driver\stm32f2xx_hal_crc.o
HAL_CRC_DeInit                                    Drivers\STM32F2xx_HAL_Driver\stm32f2xx_hal_crc.o
HAL_CRC_GetState                                  Drivers\STM32F2xx_HAL_Driver\stm32f2xx_hal_crc.o
HAL_CRC_Init                                      Drivers\STM32F2xx_HAL_Driver\stm32f2xx_hal_crc.o
HAL_CRC_MspDeInit                                 Drivers\STM32F2xx_HAL_Driver\stm32f2xx_hal_crc.o
HAL_CRC_MspInit                                   Drivers\STM32F2xx_HAL_Driver\stm32f2xx_hal_crc.o
HAL_DMA_Abort                                     Drivers\STM32F2xx_HAL_Driver\stm32f2xx_hal_dma.o
                                                  Drivers\STM32F2xx_HAL_Driver\stm32f2xx_hal_uart.o
HAL_DMA_DeInit                                    Drivers\STM32F2xx_HAL_Driver\stm32f2xx_hal_dma.o
HAL_DMA_GetError                                  Drivers\STM32F2xx_HAL_Driver\stm32f2xx_hal_dma.o
HAL_DMA_GetState                                  Drivers\STM32F2xx_HAL_Driver\stm32f2xx_hal_dma.o
HAL_DMA_IRQHandler                                Drivers\STM32F2xx_HAL_Driver\stm32f2xx_hal_dma.o
HAL_DMA_Init                                      Drivers\STM32F2xx_HAL_Driver\stm32f2xx_hal_dma.o
HAL_DMA_PollForTransfer                           Drivers\STM32F2xx_HAL_Driver\stm32f2xx_hal_dma.o
HAL_DMA_Start                                     Drivers\STM32F2xx_HAL_Driver\stm32f2xx_hal_dma.o
HAL_DMA_Start_IT                                  Drivers\STM32F2xx_HAL_Driver\stm32f2xx_hal_dma.o
                                                  Drivers\STM32F2xx_HAL_Driver\stm32f2xx_hal_i2c.o
                                                  Drivers\STM32F2xx_HAL_Driver\stm32f2xx_hal_sram.o
                                                  Drivers\STM32F2xx_HAL_Driver\stm32f2xx_hal_uart.o
HAL_DeInit                                        Drivers\STM32F2xx_HAL_Driver\stm32f2xx_hal.o
HAL_Delay                                         Drivers\STM32F2xx_HAL_Driver\stm32f2xx_hal.o
                                                  Application\User\main.o
                                                  Drivers\BSP\STM322xG_EVAL\stm322xg_eval.o
HAL_DisableCompensationCell                       Drivers\STM32F2xx_HAL_Driver\stm32f2xx_hal.o
HAL_DisableDBGSleepMode                           Drivers\STM32F2xx_HAL_Driver\stm32f2xx_hal.o
HAL_DisableDBGStandbyMode                         Drivers\STM32F2xx_HAL_Driver\stm32f2xx_hal.o
HAL_DisableDBGStopMode                            Drivers\STM32F2xx_HAL_Driver\stm32f2xx_hal.o
HAL_EnableCompensationCell                        Drivers\STM32F2xx_HAL_Driver\stm32f2xx_hal.o
HAL_EnableDBGSleepMode                            Drivers\STM32F2xx_HAL_Driver\stm32f2xx_hal.o
HAL_EnableDBGStandbyMode                          Drivers\STM32F2xx_HAL_Driver\stm32f2xx_hal.o
HAL_EnableDBGStopMode                             Drivers\STM32F2xx_HAL_Driver\stm32f2xx_hal.o
HAL_GPIO_DeInit                                   Drivers\STM32F2xx_HAL_Driver\stm32f2xx_hal_gpio.o
HAL_GPIO_EXTI_Callback                            Drivers\STM32F2xx_HAL_Driver\stm32f2xx_hal_gpio.o
HAL_GPIO_EXTI_IRQHandler                          Drivers\STM32F2xx_HAL_Driver\stm32f2xx_hal_gpio.o
HAL_GPIO_Init                                     Drivers\STM32F2xx_HAL_Driver\stm32f2xx_hal_gpio.o
                                                  Application\User\main.o
                                                  Drivers\BSP\STM322xG_EVAL\stm322xg_eval.o
                                                  Drivers\STM32F2xx_HAL_Driver\stm32f2xx_hal_rcc.o
HAL_GPIO_ReadPin                                  Drivers\STM32F2xx_HAL_Driver\stm32f2xx_hal_gpio.o
                                                  Drivers\BSP\STM322xG_EVAL\stm322xg_eval.o
HAL_GPIO_TogglePin                                Drivers\STM32F2xx_HAL_Driver\stm32f2xx_hal_gpio.o
                                                  Application\User\main.o
                                                  Drivers\BSP\STM322xG_EVAL\stm322xg_eval.o
HAL_GPIO_WritePin                                 Drivers\STM32F2xx_HAL_Driver\stm32f2xx_hal_gpio.o
                                                  Application\User\main.o
                                                  Drivers\BSP\STM322xG_EVAL\stm322xg_eval.o
HAL_GetDEVID                                      Drivers\STM32F2xx_HAL_Driver\stm32f2xx_hal.o
HAL_GetHalVersion                                 Drivers\STM32F2xx_HAL_Driver\stm32f2xx_hal.o
HAL_GetREVID                                      Drivers\STM32F2xx_HAL_Driver\stm32f2xx_hal.o
HAL_GetTick                                       Drivers\STM32F2xx_HAL_Driver\stm32f2xx_hal.o
                                                  Drivers\STM32F2xx_HAL_Driver\stm32f2xx_hal_dma.o
                                                  Drivers\STM32F2xx_HAL_Driver\stm32f2xx_hal_i2c.o
                                                  Drivers\STM32F2xx_HAL_Driver\stm32f2xx_hal_rcc.o
                                                  Drivers\STM32F2xx_HAL_Driver\stm32f2xx_hal_uart.o
                                                  Drivers\STM32F2xx_HAL_Driver\stm32f2xx_ll_fsmc.o
HAL_HalfDuplex_EnableReceiver                     Drivers\STM32F2xx_HAL_Driver\stm32f2xx_hal_uart.o
HAL_HalfDuplex_EnableTransmitter                  Drivers\STM32F2xx_HAL_Driver\stm32f2xx_hal_uart.o
HAL_HalfDuplex_Init                               Drivers\STM32F2xx_HAL_Driver\stm32f2xx_hal_uart.o
HAL_I2C_DeInit                                    Drivers\STM32F2xx_HAL_Driver\stm32f2xx_hal_i2c.o
                                                  Drivers\BSP\STM322xG_EVAL\stm322xg_eval.o
HAL_I2C_ER_IRQHandler                             Drivers\STM32F2xx_HAL_Driver\stm32f2xx_hal_i2c.o
HAL_I2C_EV_IRQHandler                             Drivers\STM32F2xx_HAL_Driver\stm32f2xx_hal_i2c.o
HAL_I2C_ErrorCallback                             Drivers\STM32F2xx_HAL_Driver\stm32f2xx_hal_i2c.o
HAL_I2C_GetError                                  Drivers\STM32F2xx_HAL_Driver\stm32f2xx_hal_i2c.o
HAL_I2C_GetState                                  Drivers\STM32F2xx_HAL_Driver\stm32f2xx_hal_i2c.o
                                                  Drivers\BSP\STM322xG_EVAL\stm322xg_eval.o
HAL_I2C_Init                                      Drivers\STM32F2xx_HAL_Driver\stm32f2xx_hal_i2c.o
                                                  Drivers\BSP\STM322xG_EVAL\stm322xg_eval.o
HAL_I2C_IsDeviceReady                             Drivers\STM32F2xx_HAL_Driver\stm32f2xx_hal_i2c.o
                                                  Drivers\BSP\STM322xG_EVAL\stm322xg_eval.o
HAL_I2C_MasterRxCpltCallback                      Drivers\STM32F2xx_HAL_Driver\stm32f2xx_hal_i2c.o
HAL_I2C_MasterTxCpltCallback                      Drivers\STM32F2xx_HAL_Driver\stm32f2xx_hal_i2c.o
HAL_I2C_Master_Receive                            Drivers\STM32F2xx_HAL_Driver\stm32f2xx_hal_i2c.o
HAL_I2C_Master_Receive_DMA                        Drivers\STM32F2xx_HAL_Driver\stm32f2xx_hal_i2c.o
HAL_I2C_Master_Receive_IT                         Drivers\STM32F2xx_HAL_Driver\stm32f2xx_hal_i2c.o
HAL_I2C_Master_Transmit                           Drivers\STM32F2xx_HAL_Driver\stm32f2xx_hal_i2c.o
HAL_I2C_Master_Transmit_DMA                       Drivers\STM32F2xx_HAL_Driver\stm32f2xx_hal_i2c.o
HAL_I2C_Master_Transmit_IT                        Drivers\STM32F2xx_HAL_Driver\stm32f2xx_hal_i2c.o
HAL_I2C_MemRxCpltCallback                         Drivers\STM32F2xx_HAL_Driver\stm32f2xx_hal_i2c.o
HAL_I2C_MemTxCpltCallback                         Drivers\STM32F2xx_HAL_Driver\stm32f2xx_hal_i2c.o
HAL_I2C_Mem_Read                                  Drivers\STM32F2xx_HAL_Driver\stm32f2xx_hal_i2c.o
                                                  Drivers\BSP\STM322xG_EVAL\stm322xg_eval.o
HAL_I2C_Mem_Read_DMA                              Drivers\STM32F2xx_HAL_Driver\stm32f2xx_hal_i2c.o
HAL_I2C_Mem_Read_IT                               Drivers\STM32F2xx_HAL_Driver\stm32f2xx_hal_i2c.o
HAL_I2C_Mem_Write                                 Drivers\STM32F2xx_HAL_Driver\stm32f2xx_hal_i2c.o
                                                  Drivers\BSP\STM322xG_EVAL\stm322xg_eval.o
HAL_I2C_Mem_Write_DMA                             Drivers\STM32F2xx_HAL_Driver\stm32f2xx_hal_i2c.o
HAL_I2C_Mem_Write_IT                              Drivers\STM32F2xx_HAL_Driver\stm32f2xx_hal_i2c.o
HAL_I2C_MspDeInit                                 Drivers\STM32F2xx_HAL_Driver\stm32f2xx_hal_i2c.o
HAL_I2C_MspInit                                   Drivers\STM32F2xx_HAL_Driver\stm32f2xx_hal_i2c.o
HAL_I2C_SlaveRxCpltCallback                       Drivers\STM32F2xx_HAL_Driver\stm32f2xx_hal_i2c.o
HAL_I2C_SlaveTxCpltCallback                       Drivers\STM32F2xx_HAL_Driver\stm32f2xx_hal_i2c.o
HAL_I2C_Slave_Receive                             Drivers\STM32F2xx_HAL_Driver\stm32f2xx_hal_i2c.o
HAL_I2C_Slave_Receive_DMA                         Drivers\STM32F2xx_HAL_Driver\stm32f2xx_hal_i2c.o
HAL_I2C_Slave_Receive_IT                          Drivers\STM32F2xx_HAL_Driver\stm32f2xx_hal_i2c.o
HAL_I2C_Slave_Transmit                            Drivers\STM32F2xx_HAL_Driver\stm32f2xx_hal_i2c.o
HAL_I2C_Slave_Transmit_DMA                        Drivers\STM32F2xx_HAL_Driver\stm32f2xx_hal_i2c.o
HAL_I2C_Slave_Transmit_IT                         Drivers\STM32F2xx_HAL_Driver\stm32f2xx_hal_i2c.o
HAL_IncTick                                       Drivers\STM32F2xx_HAL_Driver\stm32f2xx_hal.o
                                                  Application\User\stm32f2xx_it.o
HAL_Init                                          Drivers\STM32F2xx_HAL_Driver\stm32f2xx_hal.o
                                                  Application\User\main.o
HAL_LIN_Init                                      Drivers\STM32F2xx_HAL_Driver\stm32f2xx_hal_uart.o
HAL_LIN_SendBreak                                 Drivers\STM32F2xx_HAL_Driver\stm32f2xx_hal_uart.o
HAL_MspDeInit                                     Drivers\STM32F2xx_HAL_Driver\stm32f2xx_hal.o
HAL_MspInit                                       Drivers\STM32F2xx_HAL_Driver\stm32f2xx_hal.o
HAL_MultiProcessor_EnterMuteMode                  Drivers\STM32F2xx_HAL_Driver\stm32f2xx_hal_uart.o
HAL_MultiProcessor_ExitMuteMode                   Drivers\STM32F2xx_HAL_Driver\stm32f2xx_hal_uart.o
HAL_MultiProcessor_Init                           Drivers\STM32F2xx_HAL_Driver\stm32f2xx_hal_uart.o
HAL_NVIC_ClearPendingIRQ                          Drivers\STM32F2xx_HAL_Driver\stm32f2xx_hal_cortex.o
HAL_NVIC_DisableIRQ                               Drivers\STM32F2xx_HAL_Driver\stm32f2xx_hal_cortex.o
HAL_NVIC_EnableIRQ                                Drivers\STM32F2xx_HAL_Driver\stm32f2xx_hal_cortex.o
                                                  Drivers\BSP\STM322xG_EVAL\stm322xg_eval.o
HAL_NVIC_GetActive                                Drivers\STM32F2xx_HAL_Driver\stm32f2xx_hal_cortex.o
HAL_NVIC_GetPendingIRQ                            Drivers\STM32F2xx_HAL_Driver\stm32f2xx_hal_cortex.o
HAL_NVIC_GetPriority                              Drivers\STM32F2xx_HAL_Driver\stm32f2xx_hal_cortex.o
HAL_NVIC_GetPriorityGrouping                      Drivers\STM32F2xx_HAL_Driver\stm32f2xx_hal_cortex.o
HAL_NVIC_SetPendingIRQ                            Drivers\STM32F2xx_HAL_Driver\stm32f2xx_hal_cortex.o
HAL_NVIC_SetPriority                              Drivers\STM32F2xx_HAL_Driver\stm32f2xx_hal_cortex.o
                                                  Drivers\BSP\STM322xG_EVAL\stm322xg_eval.o
HAL_NVIC_SetPriorityGrouping                      Drivers\STM32F2xx_HAL_Driver\stm32f2xx_hal_cortex.o
                                                  Drivers\STM32F2xx_HAL_Driver\stm32f2xx_hal.o
HAL_NVIC_SystemReset                              Drivers\STM32F2xx_HAL_Driver\stm32f2xx_hal_cortex.o
HAL_RCC_CCSCallback                               Drivers\STM32F2xx_HAL_Driver\stm32f2xx_hal_rcc.o
HAL_RCC_ClockConfig                               Drivers\STM32F2xx_HAL_Driver\stm32f2xx_hal_rcc.o
                                                  Application\User\main.o
HAL_RCC_DeInit                                    Drivers\STM32F2xx_HAL_Driver\stm32f2xx_hal_rcc.o
HAL_RCC_DisableCSS                                Drivers\STM32F2xx_HAL_Driver\stm32f2xx_hal_rcc.o
HAL_RCC_EnableCSS                                 Drivers\STM32F2xx_HAL_Driver\stm32f2xx_hal_rcc.o
HAL_RCC_GetClockConfig                            Drivers\STM32F2xx_HAL_Driver\stm32f2xx_hal_rcc.o
HAL_RCC_GetHCLKFreq                               Drivers\STM32F2xx_HAL_Driver\stm32f2xx_hal_rcc.o
HAL_RCC_GetOscConfig                              Drivers\STM32F2xx_HAL_Driver\stm32f2xx_hal_rcc.o
HAL_RCC_GetPCLK1Freq                              Drivers\STM32F2xx_HAL_Driver\stm32f2xx_hal_rcc.o
                                                  Drivers\STM32F2xx_HAL_Driver\stm32f2xx_hal_i2c.o
                                                  Drivers\STM32F2xx_HAL_Driver\stm32f2xx_hal_uart.o
HAL_RCC_GetPCLK2Freq                              Drivers\STM32F2xx_HAL_Driver\stm32f2xx_hal_rcc.o
                                                  Drivers\STM32F2xx_HAL_Driver\stm32f2xx_hal_uart.o
HAL_RCC_GetSysClockFreq                           Drivers\STM32F2xx_HAL_Driver\stm32f2xx_hal_rcc.o
HAL_RCC_MCOConfig                                 Drivers\STM32F2xx_HAL_Driver\stm32f2xx_hal_rcc.o
HAL_RCC_NMI_IRQHandler                            Drivers\STM32F2xx_HAL_Driver\stm32f2xx_hal_rcc.o
HAL_RCC_OscConfig                                 Drivers\STM32F2xx_HAL_Driver\stm32f2xx_hal_rcc.o
                                                  Application\User\main.o
HAL_SRAM_DMA_XferCpltCallback                     Drivers\STM32F2xx_HAL_Driver\stm32f2xx_hal_sram.o
HAL_SRAM_DMA_XferErrorCallback                    Drivers\STM32F2xx_HAL_Driver\stm32f2xx_hal_sram.o
HAL_SRAM_DeInit                                   Drivers\STM32F2xx_HAL_Driver\stm32f2xx_hal_sram.o
HAL_SRAM_GetState                                 Drivers\STM32F2xx_HAL_Driver\stm32f2xx_hal_sram.o
HAL_SRAM_Init                                     Drivers\STM32F2xx_HAL_Driver\stm32f2xx_hal_sram.o
                                                  Drivers\BSP\STM322xG_EVAL\stm322xg_eval.o
HAL_SRAM_MspDeInit                                Drivers\STM32F2xx_HAL_Driver\stm32f2xx_hal_sram.o
HAL_SRAM_MspInit                                  Drivers\STM32F2xx_HAL_Driver\stm32f2xx_hal_sram.o
HAL_SRAM_Read_16b                                 Drivers\STM32F2xx_HAL_Driver\stm32f2xx_hal_sram.o
HAL_SRAM_Read_32b                                 Drivers\STM32F2xx_HAL_Driver\stm32f2xx_hal_sram.o
HAL_SRAM_Read_8b                                  Drivers\STM32F2xx_HAL_Driver\stm32f2xx_hal_sram.o
HAL_SRAM_Read_DMA                                 Drivers\STM32F2xx_HAL_Driver\stm32f2xx_hal_sram.o
HAL_SRAM_WriteOperation_Disable                   Drivers\STM32F2xx_HAL_Driver\stm32f2xx_hal_sram.o
HAL_SRAM_WriteOperation_Enable                    Drivers\STM32F2xx_HAL_Driver\stm32f2xx_hal_sram.o
HAL_SRAM_Write_16b                                Drivers\STM32F2xx_HAL_Driver\stm32f2xx_hal_sram.o
HAL_SRAM_Write_32b                                Drivers\STM32F2xx_HAL_Driver\stm32f2xx_hal_sram.o
HAL_SRAM_Write_8b                                 Drivers\STM32F2xx_HAL_Driver\stm32f2xx_hal_sram.o
HAL_SRAM_Write_DMA                                Drivers\STM32F2xx_HAL_Driver\stm32f2xx_hal_sram.o
HAL_SYSTICK_CLKSourceConfig                       Drivers\STM32F2xx_HAL_Driver\stm32f2xx_hal_cortex.o
HAL_SYSTICK_Callback                              Drivers\STM32F2xx_HAL_Driver\stm32f2xx_hal_cortex.o
HAL_SYSTICK_Config                                Drivers\STM32F2xx_HAL_Driver\stm32f2xx_hal_cortex.o
                                                  Drivers\STM32F2xx_HAL_Driver\stm32f2xx_hal.o
HAL_SYSTICK_IRQHandler                            Drivers\STM32F2xx_HAL_Driver\stm32f2xx_hal_cortex.o
HAL_UART_DMAPause                                 Drivers\STM32F2xx_HAL_Driver\stm32f2xx_hal_uart.o
HAL_UART_DMAResume                                Drivers\STM32F2xx_HAL_Driver\stm32f2xx_hal_uart.o
HAL_UART_DMAStop                                  Drivers\STM32F2xx_HAL_Driver\stm32f2xx_hal_uart.o
HAL_UART_DeInit                                   Drivers\STM32F2xx_HAL_Driver\stm32f2xx_hal_uart.o
HAL_UART_ErrorCallback                            Drivers\STM32F2xx_HAL_Driver\stm32f2xx_hal_uart.o
HAL_UART_GetError                                 Drivers\STM32F2xx_HAL_Driver\stm32f2xx_hal_uart.o
HAL_UART_GetState                                 Drivers\STM32F2xx_HAL_Driver\stm32f2xx_hal_uart.o
HAL_UART_IRQHandler                               Drivers\STM32F2xx_HAL_Driver\stm32f2xx_hal_uart.o
HAL_UART_Init                                     Drivers\STM32F2xx_HAL_Driver\stm32f2xx_hal_uart.o
                                                  Drivers\BSP\STM322xG_EVAL\stm322xg_eval.o
HAL_UART_MspDeInit                                Drivers\STM32F2xx_HAL_Driver\stm32f2xx_hal_uart.o
HAL_UART_MspInit                                  Drivers\STM32F2xx_HAL_Driver\stm32f2xx_hal_uart.o
HAL_UART_Receive                                  Drivers\STM32F2xx_HAL_Driver\stm32f2xx_hal_uart.o
HAL_UART_Receive_DMA                              Drivers\STM32F2xx_HAL_Driver\stm32f2xx_hal_uart.o
HAL_UART_Receive_IT                               Drivers\STM32F2xx_HAL_Driver\stm32f2xx_hal_uart.o
HAL_UART_RxCpltCallback                           Drivers\STM32F2xx_HAL_Driver\stm32f2xx_hal_uart.o
HAL_UART_RxHalfCpltCallback                       Drivers\STM32F2xx_HAL_Driver\stm32f2xx_hal_uart.o
HAL_UART_Transmit                                 Drivers\STM32F2xx_HAL_Driver\stm32f2xx_hal_uart.o
HAL_UART_Transmit_DMA                             Drivers\STM32F2xx_HAL_Driver\stm32f2xx_hal_uart.o
HAL_UART_Transmit_IT                              Drivers\STM32F2xx_HAL_Driver\stm32f2xx_hal_uart.o
HAL_UART_TxCpltCallback                           Drivers\STM32F2xx_HAL_Driver\stm32f2xx_hal_uart.o
HAL_UART_TxHalfCpltCallback                       Drivers\STM32F2xx_HAL_Driver\stm32f2xx_hal_uart.o
HASH_CONF                                         ..\..\..\..\..\..\..\Middlewares\ST\STM32_Cryptographic\Lib\libSTM32CryptographicV3.0.0_CM3_GCC_ot.a(crypto.o)
HASH_RNG_IRQHandler                               Application\TrueSTUDIO\startup_stm32f207xx.o
HKDF_SHA512                                       ..\..\..\..\..\..\..\Middlewares\ST\STM32_Cryptographic\Lib\libSTM32CryptographicV3.0.0_CM3_GCC_ot.a(crypto.o)
HMAC_MD5_Append                                   ..\..\..\..\..\..\..\Middlewares\ST\STM32_Cryptographic\Lib\libSTM32CryptographicV3.0.0_CM3_GCC_ot.a(crypto.o)
HMAC_MD5_Finish                                   ..\..\..\..\..\..\..\Middlewares\ST\STM32_Cryptographic\Lib\libSTM32CryptographicV3.0.0_CM3_GCC_ot.a(crypto.o)
HMAC_MD5_Init                                     ..\..\..\..\..\..\..\Middlewares\ST\STM32_Cryptographic\Lib\libSTM32CryptographicV3.0.0_CM3_GCC_ot.a(crypto.o)
HMAC_SHA1_Append                                  ..\..\..\..\..\..\..\Middlewares\ST\STM32_Cryptographic\Lib\libSTM32CryptographicV3.0.0_CM3_GCC_ot.a(crypto.o)
HMAC_SHA1_Finish                                  ..\..\..\..\..\..\..\Middlewares\ST\STM32_Cryptographic\Lib\libSTM32CryptographicV3.0.0_CM3_GCC_ot.a(crypto.o)
HMAC_SHA1_Init                                    ..\..\..\..\..\..\..\Middlewares\ST\STM32_Cryptographic\Lib\libSTM32CryptographicV3.0.0_CM3_GCC_ot.a(crypto.o)
HMAC_SHA224_Append                                ..\..\..\..\..\..\..\Middlewares\ST\STM32_Cryptographic\Lib\libSTM32CryptographicV3.0.0_CM3_GCC_ot.a(crypto.o)
HMAC_SHA224_Finish                                ..\..\..\..\..\..\..\Middlewares\ST\STM32_Cryptographic\Lib\libSTM32CryptographicV3.0.0_CM3_GCC_ot.a(crypto.o)
HMAC_SHA224_Init                                  ..\..\..\..\..\..\..\Middlewares\ST\STM32_Cryptographic\Lib\libSTM32CryptographicV3.0.0_CM3_GCC_ot.a(crypto.o)
HMAC_SHA256_Append                                ..\..\..\..\..\..\..\Middlewares\ST\STM32_Cryptographic\Lib\libSTM32CryptographicV3.0.0_CM3_GCC_ot.a(crypto.o)
HMAC_SHA256_Finish                                ..\..\..\..\..\..\..\Middlewares\ST\STM32_Cryptographic\Lib\libSTM32CryptographicV3.0.0_CM3_GCC_ot.a(crypto.o)
HMAC_SHA256_Init                                  ..\..\..\..\..\..\..\Middlewares\ST\STM32_Cryptographic\Lib\libSTM32CryptographicV3.0.0_CM3_GCC_ot.a(crypto.o)
HMAC_SHA384_Append                                ..\..\..\..\..\..\..\Middlewares\ST\STM32_Cryptographic\Lib\libSTM32CryptographicV3.0.0_CM3_GCC_ot.a(crypto.o)
HMAC_SHA384_Finish                                ..\..\..\..\..\..\..\Middlewares\ST\STM32_Cryptographic\Lib\libSTM32CryptographicV3.0.0_CM3_GCC_ot.a(crypto.o)
HMAC_SHA384_Init                                  ..\..\..\..\..\..\..\Middlewares\ST\STM32_Cryptographic\Lib\libSTM32CryptographicV3.0.0_CM3_GCC_ot.a(crypto.o)
HMAC_SHA512_Append                                ..\..\..\..\..\..\..\Middlewares\ST\STM32_Cryptographic\Lib\libSTM32CryptographicV3.0.0_CM3_GCC_ot.a(crypto.o)
HMAC_SHA512_Finish                                ..\..\..\..\..\..\..\Middlewares\ST\STM32_Cryptographic\Lib\libSTM32CryptographicV3.0.0_CM3_GCC_ot.a(crypto.o)
HMAC_SHA512_Init                                  ..\..\..\..\..\..\..\Middlewares\ST\STM32_Cryptographic\Lib\libSTM32CryptographicV3.0.0_CM3_GCC_ot.a(crypto.o)
HardFault_Handler                                 Application\User\stm32f2xx_it.o
HeaderLength                                      Application\User\main.o
HeaderMessage                                     Application\User\main.o
I2C1_ER_IRQHandler                                Application\TrueSTUDIO\startup_stm32f207xx.o
I2C1_EV_IRQHandler                                Application\TrueSTUDIO\startup_stm32f207xx.o
I2C2_ER_IRQHandler                                Application\TrueSTUDIO\startup_stm32f207xx.o
I2C2_EV_IRQHandler                                Application\TrueSTUDIO\startup_stm32f207xx.o
I2C3_ER_IRQHandler                                Application\TrueSTUDIO\startup_stm32f207xx.o
I2C3_EV_IRQHandler                                Application\TrueSTUDIO\startup_stm32f207xx.o
IDE_CONF                                          ..\..\..\..\..\..\..\Middlewares\ST\STM32_Cryptographic\Lib\libSTM32CryptographicV3.0.0_CM3_GCC_ot.a(crypto.o)
IDE_OPTIMIZATION                                  ..\..\..\..\..\..\..\Middlewares\ST\STM32_Cryptographic\Lib\libSTM32CryptographicV3.0.0_CM3_GCC_ot.a(crypto.o)
IOE_Delay                                         Drivers\BSP\STM322xG_EVAL\stm322xg_eval.o
                                                  Drivers\BSP\Components\stmpe811.o
IOE_ITConfig                                      Drivers\BSP\STM322xG_EVAL\stm322xg_eval.o
                                                  Drivers\BSP\Components\stmpe811.o
IOE_Init                                          Drivers\BSP\STM322xG_EVAL\stm322xg_eval.o
                                                  Drivers\BSP\Components\stmpe811.o
IOE_Read                                          Drivers\BSP\STM322xG_EVAL\stm322xg_eval.o
                                                  Drivers\BSP\Components\stmpe811.o
IOE_ReadMultiple                                  Drivers\BSP\STM322xG_EVAL\stm322xg_eval.o
                                                  Drivers\BSP\Components\stmpe811.o
IOE_Write                                         Drivers\BSP\STM322xG_EVAL\stm322xg_eval.o
                                                  Drivers\BSP\Components\stmpe811.o
IV                                                Application\User\main.o
InitBig                                           ..\..\..\..\..\..\..\Middlewares\ST\STM32_Cryptographic\Lib\libSTM32CryptographicV3.0.0_CM3_GCC_ot.a(crypto.o)
InputLength                                       Application\User\main.o
InvSbox                                           ..\..\..\..\..\..\..\Middlewares\ST\STM32_Cryptographic\Lib\libSTM32CryptographicV3.0.0_CM3_GCC_ot.a(crypto.o)
IsZeroBig                                         ..\..\..\..\..\..\..\Middlewares\ST\STM32_Cryptographic\Lib\libSTM32CryptographicV3.0.0_CM3_GCC_ot.a(crypto.o)
K256                                              ..\..\..\..\..\..\..\Middlewares\ST\STM32_Cryptographic\Lib\libSTM32CryptographicV3.0.0_CM3_GCC_ot.a(crypto.o)
Key                                               Application\User\main.o
LCD_IO_Init                                       Drivers\BSP\STM322xG_EVAL\stm322xg_eval.o
LCD_IO_ReadData                                   Drivers\BSP\STM322xG_EVAL\stm322xg_eval.o
LCD_IO_WriteData                                  Drivers\BSP\STM322xG_EVAL\stm322xg_eval.o
LCD_IO_WriteReg                                   Drivers\BSP\STM322xG_EVAL\stm322xg_eval.o
LeftShift                                         ..\..\..\..\..\..\..\Middlewares\ST\STM32_Cryptographic\Lib\libSTM32CryptographicV3.0.0_CM3_GCC_ot.a(crypto.o)
MAC_CONF                                          ..\..\..\..\..\..\..\Middlewares\ST\STM32_Cryptographic\Lib\libSTM32CryptographicV3.0.0_CM3_GCC_ot.a(crypto.o)
MD5_Append                                        ..\..\..\..\..\..\..\Middlewares\ST\STM32_Cryptographic\Lib\libSTM32CryptographicV3.0.0_CM3_GCC_ot.a(crypto.o)
MD5_Finish                                        ..\..\..\..\..\..\..\Middlewares\ST\STM32_Cryptographic\Lib\libSTM32CryptographicV3.0.0_CM3_GCC_ot.a(crypto.o)
MD5_Init                                          ..\..\..\..\..\..\..\Middlewares\ST\STM32_Cryptographic\Lib\libSTM32CryptographicV3.0.0_CM3_GCC_ot.a(crypto.o)
MISALIGNED_CONF                                   ..\..\..\..\..\..\..\Middlewares\ST\STM32_Cryptographic\Lib\libSTM32CryptographicV3.0.0_CM3_GCC_ot.a(crypto.o)
MemManage_Handler                                 Application\User\stm32f2xx_it.o