Archive member included because of file (symbol)

..\..\..\..\..\..\..\Middlewares\ST\STM32_Cryptographic\Lib\libSTM32CryptographicV3.0.0_CM4_GCC_ot.a(crypto.o)
                              Application\User\main.o (AES_CMAC_Encrypt_Init)
c:/program files (x86)/atollic/truestudio for arm pro 5.3.0/armtools/bin/../lib/gcc/arm-atollic-eabi/4.8.3/../../../../arm-atollic-eabi/lib/armv7e-m\libc.a(lib_a-init.o)
                              Application\TrueSTUDIO\startup_stm32f302x8.o (__libc_init_array)
c:/program files (x86)/atollic/truestudio for arm pro 5.3.0/armtools/bin/../lib/gcc/arm-atollic-eabi/4.8.3/../../../../arm-atollic-eabi/lib/armv7e-m\libc.a(lib_a-memcpy-stub.o)
                              ..\..\..\..\..\..\..\Middlewares\ST\STM32_Cryptographic\Lib\libSTM32CryptographicV3.0.0_CM4_GCC_ot.a(crypto.o) (memcpy)
c:/program files (x86)/atollic/truestudio for arm pro 5.3.0/armtools/bin/../lib/gcc/arm-atollic-eabi/4.8.3/../../../../arm-atollic-eabi/lib/armv7e-m\libc.a(lib_a-memmove.o)
                              ..\..\..\..\..\..\..\Middlewares\ST\STM32_Cryptographic\Lib\libSTM32CryptographicV3.0.0_CM4_GCC_ot.a(crypto.o) (memmove)
c:/program files (x86)/atollic/truestudio for arm pro 5.3.0/armtools/bin/../lib/gcc/arm-atollic-eabi/4.8.3/../../../../arm-atollic-eabi/lib/armv7e-m\libc.a(lib_a-memset.o)
                              ..\..\..\..\..\..\..\Middlewares\ST\STM32_Cryptographic\Lib\libSTM32CryptographicV3.0.0_CM4_GCC_ot.a(crypto.o) (memset)

Allocating common symbols
Common symbol       size              file

OutputMessage       0x10              Application\User\main.o

Discarded input sections

 .text          0x00000000        0x0 c:/program files (x86)/atollic/truestudio for arm pro 5.3.0/armtools/bin/../lib/gcc/arm-atollic-eabi/4.8.3/armv7e-m/crti.o
 .data          0x00000000        0x0 c:/program files (x86)/atollic/truestudio for arm pro 5.3.0/armtools/bin/../lib/gcc/arm-atollic-eabi/4.8.3/armv7e-m/crti.o
 .bss           0x00000000        0x0 c:/program files (x86)/atollic/truestudio for arm pro 5.3.0/armtools/bin/../lib/gcc/arm-atollic-eabi/4.8.3/armv7e-m/crti.o
 .data          0x00000000        0x4 c:/program files (x86)/atollic/truestudio for arm pro 5.3.0/armtools/bin/../lib/gcc/arm-atollic-eabi/4.8.3/armv7e-m/crtbegin.o
 .text          0x00000000        0x0 Drivers\STM32F3xx_HAL_Driver\stm32f3xx_hal_rcc_ex.o
 .data          0x00000000        0x0 Drivers\STM32F3xx_HAL_Driver\stm32f3xx_hal_rcc_ex.o
 .bss           0x00000000        0x0 Drivers\STM32F3xx_HAL_Driver\stm32f3xx_hal_rcc_ex.o
 .text.HAL_RCCEx_PeriphCLKConfig
                0x00000000      0x1c0 Drivers\STM32F3xx_HAL_Driver\stm32f3xx_hal_rcc_ex.o
 .text.HAL_RCCEx_GetPeriphCLKConfig
                0x00000000       0x80 Drivers\STM32F3xx_HAL_Driver\stm32f3xx_hal_rcc_ex.o
 .text.HAL_RCC_GetOscConfig
                0x00000000       0x90 Drivers\STM32F3xx_HAL_Driver\stm32f3xx_hal_rcc_ex.o
 .text          0x00000000        0x0 Drivers\STM32F3xx_HAL_Driver\stm32f3xx_hal_rcc.o
 .data          0x00000000        0x0 Drivers\STM32F3xx_HAL_Driver\stm32f3xx_hal_rcc.o
 .bss           0x00000000        0x0 Drivers\STM32F3xx_HAL_Driver\stm32f3xx_hal_rcc.o
 .text.HAL_RCC_DeInit
                0x00000000       0x3c Drivers\STM32F3xx_HAL_Driver\stm32f3xx_hal_rcc.o
 .text.HAL_RCC_OscConfig
                0x00000000        0x4 Drivers\STM32F3xx_HAL_Driver\stm32f3xx_hal_rcc.o
 .text.HAL_RCC_MCOConfig
                0x00000000       0x44 Drivers\STM32F3xx_HAL_Driver\stm32f3xx_hal_rcc.o
 .text.HAL_RCC_EnableCSS
                0x00000000        0xc Drivers\STM32F3xx_HAL_Driver\stm32f3xx_hal_rcc.o
 .text.HAL_RCC_DisableCSS
                0x00000000        0xc Drivers\STM32F3xx_HAL_Driver\stm32f3xx_hal_rcc.o
 .text.HAL_RCC_GetSysClockFreq
                0x00000000        0x4 Drivers\STM32F3xx_HAL_Driver\stm32f3xx_hal_rcc.o
 .text.HAL_RCC_GetPCLK1Freq
                0x00000000       0x30 Drivers\STM32F3xx_HAL_Driver\stm32f3xx_hal_rcc.o
 .text.HAL_RCC_GetPCLK2Freq
                0x00000000       0x30 Drivers\STM32F3xx_HAL_Driver\stm32f3xx_hal_rcc.o
 .text.HAL_RCC_GetOscConfig
                0x00000000        0x2 Drivers\STM32F3xx_HAL_Driver\stm32f3xx_hal_rcc.o
 .text.HAL_RCC_GetClockConfig
                0x00000000       0x3c Drivers\STM32F3xx_HAL_Driver\stm32f3xx_hal_rcc.o
 .text.HAL_RCC_CCSCallback
                0x00000000        0x2 Drivers\STM32F3xx_HAL_Driver\stm32f3xx_hal_rcc.o
 .text.HAL_RCC_NMI_IRQHandler
                0x00000000       0x20 Drivers\STM32F3xx_HAL_Driver\stm32f3xx_hal_rcc.o
 .text          0x00000000        0x0 Drivers\STM32F3xx_HAL_Driver\stm32f3xx_hal_gpio.o
 .data          0x00000000        0x0 Drivers\STM32F3xx_HAL_Driver\stm32f3xx_hal_gpio.o
 .bss           0x00000000        0x0 Drivers\STM32F3xx_HAL_Driver\stm32f3xx_hal_gpio.o
 .text.HAL_GPIO_DeInit
                0x00000000       0x94 Drivers\STM32F3xx_HAL_Driver\stm32f3xx_hal_gpio.o
 .text.HAL_GPIO_ReadPin
[...]
Memory Configuration

Name             Origin             Length             Attributes
FLASH            0x08000000         0x00010000         xr
RAM              0x20000000         0x00004000         xrw
*default*        0x00000000         0xffffffff

Linker script and memory map

LOAD c:/program files (x86)/atollic/truestudio for arm pro 5.3.0/armtools/bin/../lib/gcc/arm-atollic-eabi/4.8.3/armv7e-m/crti.o
LOAD c:/program files (x86)/atollic/truestudio for arm pro 5.3.0/armtools/bin/../lib/gcc/arm-atollic-eabi/4.8.3/armv7e-m/crtbegin.o
LOAD Drivers\STM32F3xx_HAL_Driver\stm32f3xx_hal_rcc_ex.o
LOAD Drivers\STM32F3xx_HAL_Driver\stm32f3xx_hal_rcc.o
LOAD Drivers\STM32F3xx_HAL_Driver\stm32f3xx_hal_gpio.o
LOAD Drivers\STM32F3xx_HAL_Driver\stm32f3xx_hal_crc_ex.o
LOAD Drivers\STM32F3xx_HAL_Driver\stm32f3xx_hal_crc.o
LOAD Drivers\STM32F3xx_HAL_Driver\stm32f3xx_hal_cortex.o
LOAD Drivers\STM32F3xx_HAL_Driver\stm32f3xx_hal.o
LOAD Drivers\CMSIS\system_stm32f3xx.o
LOAD Drivers\BSP\STM32F3xx-Nucleo\stm32f3xx_nucleo.o
LOAD Application\User\stm32f3xx_it.o
LOAD Application\User\main.o
LOAD Application\TrueSTUDIO\startup_stm32f302x8.o
LOAD ..\..\..\..\..\..\..\Middlewares\ST\STM32_Cryptographic\Lib\libSTM32CryptographicV3.0.0_CM4_GCC_ot.a
START GROUP
LOAD c:/program files (x86)/atollic/truestudio for arm pro 5.3.0/armtools/bin/../lib/gcc/arm-atollic-eabi/4.8.3/../../../../arm-atollic-eabi/lib/armv7e-m\libc.a
LOAD c:/program files (x86)/atollic/truestudio for arm pro 5.3.0/armtools/bin/../lib/gcc/arm-atollic-eabi/4.8.3/../../../../arm-atollic-eabi/lib/armv7e-m\libm.a
END GROUP
                0x00001000                malloc_getpagesize_P = 0x1000
START GROUP
LOAD c:/program files (x86)/atollic/truestudio for arm pro 5.3.0/armtools/bin/../lib/gcc/arm-atollic-eabi/4.8.3/armv7e-m\libgcc.a
LOAD c:/program files (x86)/atollic/truestudio for arm pro 5.3.0/armtools/bin/../lib/gcc/arm-atollic-eabi/4.8.3/../../../../arm-atollic-eabi/lib/armv7e-m\libc.a
END GROUP
LOAD c:/program files (x86)/atollic/truestudio for arm pro 5.3.0/armtools/bin/../lib/gcc/arm-atollic-eabi/4.8.3/armv7e-m/crtend.o
LOAD c:/program files (x86)/atollic/truestudio for arm pro 5.3.0/armtools/bin/../lib/gcc/arm-atollic-eabi/4.8.3/armv7e-m/crtn.o
                0x20003fff                _estack = 0x20003fff
                0x00000200                _Min_Heap_Size = 0x200
                0x00000400                _Min_Stack_Size = 0x400

.isr_vector     0x08000000      0x188
                0x08000000                . = ALIGN (0x4)
 *(.isr_vector)
 .isr_vector    0x08000000      0x188 Application\TrueSTUDIO\startup_stm32f302x8.o
                0x08000000                g_pfnVectors
                0x08000188                . = ALIGN (0x4)

.text           0x08000188     0x201c
                0x08000188                . = ALIGN (0x4)
 *(.text)
 .text          0x08000188       0x40 c:/program files (x86)/atollic/truestudio for arm pro 5.3.0/armtools/bin/../lib/gcc/arm-atollic-eabi/4.8.3/armv7e-m/crtbegin.o
 *(.text*)
 .text.HAL_RCC_OscConfig
                0x080001c8      0x60c Drivers\STM32F3xx_HAL_Driver\stm32f3xx_hal_rcc_ex.o
                0x080001c8                HAL_RCC_OscConfig
 .text.HAL_RCC_GetSysClockFreq
                0x080007d4       0x6c Drivers\STM32F3xx_HAL_Driver\stm32f3xx_hal_rcc_ex.o
                0x080007d4                HAL_RCC_GetSysClockFreq
 .text.HAL_RCC_ClockConfig
                0x08000840      0x2e0 Drivers\STM32F3xx_HAL_Driver\stm32f3xx_hal_rcc.o
                0x08000840                HAL_RCC_ClockConfig
 .text.HAL_RCC_GetHCLKFreq
                0x08000b20       0x38 Drivers\STM32F3xx_HAL_Driver\stm32f3xx_hal_rcc.o
                0x08000b20                HAL_RCC_GetHCLKFreq
 .text.HAL_GPIO_Init
                0x08000b58      0x170 Drivers\STM32F3xx_HAL_Driver\stm32f3xx_hal_gpio.o
                0x08000b58                HAL_GPIO_Init
 .text.HAL_GPIO_WritePin
                0x08000cc8        0xa Drivers\STM32F3xx_HAL_Driver\stm32f3xx_hal_gpio.o
                0x08000cc8                HAL_GPIO_WritePin
 .text.HAL_GPIO_TogglePin
                0x08000cd2        0x8 Drivers\STM32F3xx_HAL_Driver\stm32f3xx_hal_gpio.o
                0x08000cd2                HAL_GPIO_TogglePin
 *fill*         0x08000cda        0x2 
 .text.HAL_NVIC_SetPriorityGrouping
                0x08000cdc       0x24 Drivers\STM32F3xx_HAL_Driver\stm32f3xx_hal_cortex.o
                0x08000cdc                HAL_NVIC_SetPriorityGrouping
 .text.HAL_NVIC_SetPriority
                0x08000d00       0x64 Drivers\STM32F3xx_HAL_Driver\stm32f3xx_hal_cortex.o
                0x08000d00                HAL_NVIC_SetPriority
 .text.HAL_SYSTICK_Config
                0x08000d64       0x2c Drivers\STM32F3xx_HAL_Driver\stm32f3xx_hal_cortex.o
                0x08000d64                HAL_SYSTICK_Config
 .text.HAL_MspInit
                0x08000d90        0x2 Drivers\STM32F3xx_HAL_Driver\stm32f3xx_hal.o
                0x08000d90                HAL_MspInit
 .text.HAL_InitTick
                0x08000d92       0x24 Drivers\STM32F3xx_HAL_Driver\stm32f3xx_hal.o
                0x08000d92                HAL_InitTick
 *fill*         0x08000db6        0x2 
 .text.HAL_Init
                0x08000db8       0x24 Drivers\STM32F3xx_HAL_Driver\stm32f3xx_hal.o
                0x08000db8                HAL_Init
 .text.HAL_IncTick
                0x08000ddc       0x10 Drivers\STM32F3xx_HAL_Driver\stm32f3xx_hal.o
                0x08000ddc                HAL_IncTick
 .text.HAL_GetTick
                0x08000dec        0xc Drivers\STM32F3xx_HAL_Driver\stm32f3xx_hal.o
                0x08000dec                HAL_GetTick
 .text.HAL_Delay
                0x08000df8       0x1a Drivers\STM32F3xx_HAL_Driver\stm32f3xx_hal.o
                0x08000df8                HAL_Delay
 *fill*         0x08000e12        0x2 
 .text.SystemInit
                0x08000e14       0x5c Drivers\CMSIS\system_stm32f3xx.o
                0x08000e14                SystemInit
 .text.NMI_Handler
                0x08000e70        0x2 Application\User\stm32f3xx_it.o
                0x08000e70                NMI_Handler
 .text.HardFault_Handler
                0x08000e72        0x2 Application\User\stm32f3xx_it.o
                0x08000e72                HardFault_Handler
 .text.MemManage_Handler
                0x08000e74        0x2 Application\User\stm32f3xx_it.o
                0x08000e74                MemManage_Handler
 .text.BusFault_Handler
                0x08000e76        0x2 Application\User\stm32f3xx_it.o
                0x08000e76                BusFault_Handler
 .text.UsageFault_Handler
                0x08000e78        0x2 Application\User\stm32f3xx_it.o
                0x08000e78                UsageFault_Handler
 .text.SVC_Handler
                0x08000e7a        0x2 Application\User\stm32f3xx_it.o
                0x08000e7a                SVC_Handler
 .text.DebugMon_Handler
                0x08000e7c        0x2 Application\User\stm32f3xx_it.o
                0x08000e7c                DebugMon_Handler
 .text.PendSV_Handler
                0x08000e7e        0x2 Application\User\stm32f3xx_it.o
                0x08000e7e                PendSV_Handler
 .text.SysTick_Handler
                0x08000e80        0x4 Application\User\stm32f3xx_it.o
                0x08000e80                SysTick_Handler
 .text.Error_Handler
                0x08000e84       0x28 Application\User\main.o
 .text.STM32_AES_CMAC_Encrypt
                0x08000eac       0x3c Application\User\main.o
                0x08000eac                STM32_AES_CMAC_Encrypt
 .text.STM32_AES_CMAC_Decrypt
                0x08000ee8       0x46 Application\User\main.o
                0x08000ee8                STM32_AES_CMAC_Decrypt
 .text.Buffercmp
                0x08000f2e       0x20 Application\User\main.o
                0x08000f2e                Buffercmp
 *fill*         0x08000f4e        0x2 
 .text.startup.main
                0x08000f50      0x128 Application\User\main.o
                0x08000f50                main
 .text.Reset_Handler
                0x08001078       0x5c Application\TrueSTUDIO\startup_stm32f302x8.o
                0x08001078                Reset_Handler
 .text.Default_Handler
                0x080010d4        0x4 Application\TrueSTUDIO\startup_stm32f302x8.o
                0x080010d4                RTC_Alarm_IRQHandler
                0x080010d4                TIM1_CC_IRQHandler
                0x080010d4                USB_HP_IRQHandler
                0x080010d4                PVD_IRQHandler
                0x080010d4                TAMP_STAMP_IRQHandler
                0x080010d4                EXTI3_IRQHandler
                0x080010d4                I2C3_ER_IRQHandler
                0x080010d4                USB_HP_CAN_TX_IRQHandler
                0x080010d4                EXTI0_IRQHandler
                0x080010d4                I2C2_EV_IRQHandler
                0x080010d4                FPU_IRQHandler
                0x080010d4                TIM1_UP_TIM16_IRQHandler
                0x080010d4                CAN_SCE_IRQHandler
                0x080010d4                TIM6_DAC_IRQHandler
                0x080010d4                DMA1_Channel4_IRQHandler
                0x080010d4                ADC1_IRQHandler
                0x080010d4                USART3_IRQHandler
                0x080010d4                DMA1_Channel7_IRQHandler
                0x080010d4                CAN_RX1_IRQHandler
                0x080010d4                I2C1_EV_IRQHandler
                0x080010d4                DMA1_Channel6_IRQHandler
                0x080010d4                RCC_IRQHandler
                0x080010d4                DMA1_Channel1_IRQHandler
                0x080010d4                Default_Handler
                0x080010d4                USBWakeUp_RMP_IRQHandler
                0x080010d4                EXTI15_10_IRQHandler
                0x080010d4                COMP2_IRQHandler
                0x080010d4                I2C3_EV_IRQHandler
                0x080010d4                EXTI9_5_IRQHandler
                0x080010d4                RTC_WKUP_IRQHandler
                0x080010d4                SPI2_IRQHandler
                0x080010d4                USB_LP_CAN_RX0_IRQHandler
                0x080010d4                DMA1_Channel5_IRQHandler
                0x080010d4                USB_LP_IRQHandler
                0x080010d4                EXTI4_IRQHandler
                0x080010d4                TIM1_TRG_COM_TIM17_IRQHandler
                0x080010d4                DMA1_Channel3_IRQHandler
                0x080010d4                WWDG_IRQHandler
                0x080010d4                TIM2_IRQHandler
                0x080010d4                EXTI1_IRQHandler
                0x080010d4                COMP4_6_IRQHandler
                0x080010d4                USART2_IRQHandler
                0x080010d4                I2C2_ER_IRQHandler
                0x080010d4                DMA1_Channel2_IRQHandler
                0x080010d4                FLASH_IRQHandler
                0x080010d4                USART1_IRQHandler
                0x080010d4                SPI3_IRQHandler
                0x080010d4                I2C1_ER_IRQHandler
                0x080010d4                USBWakeUp_IRQHandler
                0x080010d4                EXTI2_TSC_IRQHandler
                0x080010d4                TIM1_BRK_TIM15_IRQHandler
 .text.AES_keyschedule_enc_LL
                0x080010d8      0x1c4 ..\..\..\..\..\..\..\Middlewares\ST\STM32_Cryptographic\Lib\libSTM32CryptographicV3.0.0_CM4_GCC_ot.a(crypto.o)
 .text.AES_keyschedule_enc
                0x0800129c       0x40 ..\..\..\..\..\..\..\Middlewares\ST\STM32_Cryptographic\Lib\libSTM32CryptographicV3.0.0_CM4_GCC_ot.a(crypto.o)
                0x0800129c                AES_keyschedule_enc
 .text.AES_general_SW_enc
                0x080012dc      0x310 ..\..\..\..\..\..\..\Middlewares\ST\STM32_Cryptographic\Lib\libSTM32CryptographicV3.0.0_CM4_GCC_ot.a(crypto.o)
                0x080012dc                AES_general_SW_enc
 .text.AES_CMAC_Encrypt_Init
                0x080015ec       0x4c ..\..\..\..\..\..\..\Middlewares\ST\STM32_Cryptographic\Lib\libSTM32CryptographicV3.0.0_CM4_GCC_ot.a(crypto.o)
                0x080015ec                AES_CMAC_Encrypt_Init
 .text.AES_CMAC_Encrypt_Append
                0x08001638      0x714 ..\..\..\..\..\..\..\Middlewares\ST\STM32_Cryptographic\Lib\libSTM32CryptographicV3.0.0_CM4_GCC_ot.a(crypto.o)
                0x08001638                AES_CMAC_Encrypt_Append
 .text.AES_CMAC_Encrypt_Finish
                0x08001d4c      0x188 ..\..\..\..\..\..\..\Middlewares\ST\STM32_Cryptographic\Lib\libSTM32CryptographicV3.0.0_CM4_GCC_ot.a(crypto.o)
                0x08001d4c                AES_CMAC_Encrypt_Finish
 .text.AES_CMAC_Decrypt_Init
                0x08001ed4       0x4c ..\..\..\..\..\..\..\Middlewares\ST\STM32_Cryptographic\Lib\libSTM32CryptographicV3.0.0_CM4_GCC_ot.a(crypto.o)
                0x08001ed4                AES_CMAC_Decrypt_Init
 .text.AES_CMAC_Decrypt_Append
                0x08001f20        0x4 ..\..\..\..\..\..\..\Middlewares\ST\STM32_Cryptographic\Lib\libSTM32CryptographicV3.0.0_CM4_GCC_ot.a(crypto.o)
                0x08001f20                AES_CMAC_Decrypt_Append
 .text.AES_CMAC_Decrypt_Finish
                0x08001f24      0x21c ..\..\..\..\..\..\..\Middlewares\ST\STM32_Cryptographic\Lib\libSTM32CryptographicV3.0.0_CM4_GCC_ot.a(crypto.o)
                0x08001f24                AES_CMAC_Decrypt_Finish
 .text.__libc_init_array
                0x08002140       0x4c c:/program files (x86)/atollic/truestudio for arm pro 5.3.0/armtools/bin/../lib/gcc/arm-atollic-eabi/4.8.3/../../../../arm-atollic-eabi/lib/armv7e-m\libc.a(lib_a-init.o)
                0x08002140                __libc_init_array
 *(.glue_7)
 .glue_7        0x00000000        0x0 linker stubs
 *(.glue_7t)
 .glue_7t       0x00000000        0x0 linker stubs
 *(.eh_frame)
 .eh_frame      0x0800218c        0x0 c:/program files (x86)/atollic/truestudio for arm pro 5.3.0/armtools/bin/../lib/gcc/arm-atollic-eabi/4.8.3/armv7e-m/crtbegin.o
 *(.init)
 .init          0x0800218c        0x4 c:/program files (x86)/atollic/truestudio for arm pro 5.3.0/armtools/bin/../lib/gcc/arm-atollic-eabi/4.8.3/armv7e-m/crti.o
                0x0800218c                _init
 .init          0x08002190        0x8 c:/program files (x86)/atollic/truestudio for arm pro 5.3.0/armtools/bin/../lib/gcc/arm-atollic-eabi/4.8.3/armv7e-m/crtn.o
 *(.fini)
 .fini          0x08002198        0x4 c:/program files (x86)/atollic/truestudio for arm pro 5.3.0/armtools/bin/../lib/gcc/arm-atollic-eabi/4.8.3/armv7e-m/crti.o
                0x08002198                _fini
 .fini          0x0800219c        0x8 c:/program files (x86)/atollic/truestudio for arm pro 5.3.0/armtools/bin/../lib/gcc/arm-atollic-eabi/4.8.3/armv7e-m/crtn.o
                0x080021a4                . = ALIGN (0x4)
                0x080021a4                _etext = .

.vfp11_veneer   0x080021a4        0x0
 .vfp11_veneer  0x00000000        0x0 linker stubs

.v4_bx          0x080021a4        0x0
 .v4_bx         0x00000000        0x0 linker stubs

.iplt           0x080021a4        0x0
 .iplt          0x00000000        0x0 c:/program files (x86)/atollic/truestudio for arm pro 5.3.0/armtools/bin/../lib/gcc/arm-atollic-eabi/4.8.3/armv7e-m/crtbegin.o

.rodata         0x080021a4      0x588
                0x080021a4                . = ALIGN (0x4)
 *(.rodata)
 *(.rodata*)
 .rodata.PredivFactorTable
                0x080021a4       0x10 Drivers\STM32F3xx_HAL_Driver\stm32f3xx_hal_rcc_ex.o
                0x080021a4                PredivFactorTable
 .rodata.PLLMULFactorTable
                0x080021b4       0x10 Drivers\STM32F3xx_HAL_Driver\stm32f3xx_hal_rcc_ex.o
                0x080021b4                PLLMULFactorTable
 .rodata.APBAHBPrescTable
                0x080021c4       0x10 Drivers\STM32F3xx_HAL_Driver\stm32f3xx_hal_rcc.o
                0x080021c4                APBAHBPrescTable
 .rodata.expectedTags
                0x080021d4       0x10 Application\User\main.o
                0x080021d4                expectedTags
 .rodata.key    0x080021e4       0x10 Application\User\main.o
                0x080021e4                key
 .rodata.Plaintext
                0x080021f4       0x10 Application\User\main.o
                0x080021f4                Plaintext
 .rodata.rcon   0x08002204       0x28 ..\..\..\..\..\..\..\Middlewares\ST\STM32_Cryptographic\Lib\libSTM32CryptographicV3.0.0_CM4_GCC_ot.a(crypto.o)
                0x08002204                rcon
 .rodata.enc_table
                0x0800222c      0x400 ..\..\..\..\..\..\..\Middlewares\ST\STM32_Cryptographic\Lib\libSTM32CryptographicV3.0.0_CM4_GCC_ot.a(crypto.o)
                0x0800222c                enc_table
 .rodata.Sbox   0x0800262c      0x100 ..\..\..\..\..\..\..\Middlewares\ST\STM32_Cryptographic\Lib\libSTM32CryptographicV3.0.0_CM4_GCC_ot.a(crypto.o)
                0x0800262c                Sbox
                0x0800272c                . = ALIGN (0x4)

.rel.dyn        0x0800272c        0x0
 .rel.iplt      0x00000000        0x0 c:/program files (x86)/atollic/truestudio for arm pro 5.3.0/armtools/bin/../lib/gcc/arm-atollic-eabi/4.8.3/armv7e-m/crtbegin.o

.ARM.extab
 *(.ARM.extab* .gnu.linkonce.armextab.*)

.ARM            0x0800272c        0x0
                0x0800272c                __exidx_start = .
 *(.ARM.exidx*)
                0x0800272c                __exidx_end = .

.preinit_array  0x0800272c        0x0
                0x0800272c                PROVIDE (__preinit_array_start, .)
 *(.preinit_array*)
                0x0800272c                PROVIDE (__preinit_array_end, .)

.init_array     0x0800272c        0x4
                0x0800272c                PROVIDE (__init_array_start, .)
 *(SORT(.init_array.*))
 *(.init_array*)
 .init_array    0x0800272c        0x4 c:/program files (x86)/atollic/truestudio for arm pro 5.3.0/armtools/bin/../lib/gcc/arm-atollic-eabi/4.8.3/armv7e-m/crtbegin.o
                0x08002730                PROVIDE (__init_array_end, .)

.fini_array     0x08002730        0x4
                0x08002730                PROVIDE (__fini_array_start, .)
 *(SORT(.fini_array.*))
 *(.fini_array*)
 .fini_array    0x08002730        0x4 c:/program files (x86)/atollic/truestudio for arm pro 5.3.0/armtools/bin/../lib/gcc/arm-atollic-eabi/4.8.3/armv7e-m/crtbegin.o
                0x08002734                PROVIDE (__fini_array_end, .)
                0x08002734                _sidata = LOADADDR (.data)

.data           0x20000000        0x4 load address 0x08002734
                0x20000000                . = ALIGN (0x4)
                0x20000000                _sdata = .
 *(.data)
 *(.data*)
 .data.SystemCoreClock
                0x20000000        0x4 Drivers\CMSIS\system_stm32f3xx.o
                0x20000000                SystemCoreClock
                0x20000004                . = ALIGN (0x4)
                0x20000004                _edata = .

.igot.plt       0x20000004        0x0 load address 0x08002738
 .igot.plt      0x00000000        0x0 c:/program files (x86)/atollic/truestudio for arm pro 5.3.0/armtools/bin/../lib/gcc/arm-atollic-eabi/4.8.3/armv7e-m/crtbegin.o
                0x20000004                . = ALIGN (0x4)

.bss            0x20000004       0x30 load address 0x08002738
                0x20000004                _sbss = .
                0x20000004                __bss_start__ = _sbss
 *(.bss)
 .bss           0x20000004       0x1c c:/program files (x86)/atollic/truestudio for arm pro 5.3.0/armtools/bin/../lib/gcc/arm-atollic-eabi/4.8.3/armv7e-m/crtbegin.o
 *(.bss*)
 .bss.uwTick    0x20000020        0x4 Drivers\STM32F3xx_HAL_Driver\stm32f3xx_hal.o
 *(COMMON)
 COMMON         0x20000024       0x10 Application\User\main.o
                0x20000024                OutputMessage
                0x20000034                . = ALIGN (0x4)
                0x20000034                _ebss = .
                0x20000034                __bss_end__ = _ebss

._user_heap_stack
                0x20000034      0x600 load address 0x08002738
                0x20000034                . = ALIGN (0x4)
                0x20000034                PROVIDE (end, .)
                0x20000034                PROVIDE (_end, .)
                0x20000234                . = (. + _Min_Heap_Size)
 *fill*         0x20000034      0x200 
                0x20000634                . = (. + _Min_Stack_Size)
 *fill*         0x20000234      0x400 
                0x20000634                . = ALIGN (0x4)

/DISCARD/
 libc.a(*)
 libm.a(*)
 libgcc.a(*)

.ARM.attributes
                0x00000000       0x2a
 *(.ARM.attributes)
 .ARM.attributes
                0x00000000       0x1e c:/program files (x86)/atollic/truestudio for arm pro 5.3.0/armtools/bin/../lib/gcc/arm-atollic-eabi/4.8.3/armv7e-m/crti.o
 .ARM.attributes
                0x0000001e       0x2e c:/program files (x86)/atollic/truestudio for arm pro 5.3.0/armtools/bin/../lib/gcc/arm-atollic-eabi/4.8.3/armv7e-m/crtbegin.o
 .ARM.attributes
                0x0000004c       0x33 Drivers\STM32F3xx_HAL_Driver\stm32f3xx_hal_rcc_ex.o
 .ARM.attributes
                0x0000007f       0x33 Drivers\STM32F3xx_HAL_Driver\stm32f3xx_hal_rcc.o
 .ARM.attributes
                0x000000b2       0x33 Drivers\STM32F3xx_HAL_Driver\stm32f3xx_hal_gpio.o
 .ARM.attributes
                0x000000e5       0x33 Drivers\STM32F3xx_HAL_Driver\stm32f3xx_hal_cortex.o
 .ARM.attributes
                0x00000118       0x33 Drivers\STM32F3xx_HAL_Driver\stm32f3xx_hal.o
 .ARM.attributes
                0x0000014b       0x33 Drivers\CMSIS\system_stm32f3xx.o
 .ARM.attributes
                0x0000017e       0x33 Application\User\stm32f3xx_it.o
 .ARM.attributes
                0x000001b1       0x33 Application\User\main.o
 .ARM.attributes
                0x000001e4       0x21 Application\TrueSTUDIO\startup_stm32f302x8.o
 .ARM.attributes
                0x00000205       0x2f ..\..\..\..\..\..\..\Middlewares\ST\STM32_Cryptographic\Lib\libSTM32CryptographicV3.0.0_CM4_GCC_ot.a(crypto.o)
 .ARM.attributes
                0x00000234       0x2e c:/program files (x86)/atollic/truestudio for arm pro 5.3.0/armtools/bin/../lib/gcc/arm-atollic-eabi/4.8.3/../../../../arm-atollic-eabi/lib/armv7e-m\libc.a(lib_a-init.o)
 .ARM.attributes
                0x00000262       0x1e c:/program files (x86)/atollic/truestudio for arm pro 5.3.0/armtools/bin/../lib/gcc/arm-atollic-eabi/4.8.3/armv7e-m/crtn.o
OUTPUT(STM32F302R8-Nucleo.elf elf32-littlearm)

.debug_info     0x00000000     0x54a4
 .debug_info    0x00000000     0x1a0b Drivers\STM32F3xx_HAL_Driver\stm32f3xx_hal_rcc_ex.o
 .debug_info    0x00001a0b      0xef4 Drivers\STM32F3xx_HAL_Driver\stm32f3xx_hal_rcc.o
 .debug_info    0x000028ff      0x673 Drivers\STM32F3xx_HAL_Driver\stm32f3xx_hal_gpio.o
 .debug_info    0x00002f72      0xc14 Drivers\STM32F3xx_HAL_Driver\stm32f3xx_hal_cortex.o
 .debug_info    0x00003b86      0x6b6 Drivers\STM32F3xx_HAL_Driver\stm32f3xx_hal.o
 .debug_info    0x0000423c      0x3b7 Drivers\CMSIS\system_stm32f3xx.o
 .debug_info    0x000045f3      0x150 Application\User\stm32f3xx_it.o
 .debug_info    0x00004743      0xc9b Application\User\main.o
 .debug_info    0x000053de       0xc6 Application\TrueSTUDIO\startup_stm32f302x8.o

.debug_abbrev   0x00000000     0x1033
 .debug_abbrev  0x00000000      0x269 Drivers\STM32F3xx_HAL_Driver\stm32f3xx_hal_rcc_ex.o
 .debug_abbrev  0x00000269      0x2d2 Drivers\STM32F3xx_HAL_Driver\stm32f3xx_hal_rcc.o
 .debug_abbrev  0x0000053b      0x1bf Drivers\STM32F3xx_HAL_Driver\stm32f3xx_hal_gpio.o
 .debug_abbrev  0x000006fa      0x29f Drivers\STM32F3xx_HAL_Driver\stm32f3xx_hal_cortex.o
 .debug_abbrev  0x00000999      0x1e2 Drivers\STM32F3xx_HAL_Driver\stm32f3xx_hal.o
 .debug_abbrev  0x00000b7b      0x101 Drivers\CMSIS\system_stm32f3xx.o
 .debug_abbrev  0x00000c7c       0xa0 Application\User\stm32f3xx_it.o
 .debug_abbrev  0x00000d1c      0x305 Application\User\main.o
 .debug_abbrev  0x00001021       0x12 Application\TrueSTUDIO\startup_stm32f302x8.o

.debug_loc      0x00000000     0x1e3a
 .debug_loc     0x00000000      0xdbf Drivers\STM32F3xx_HAL_Driver\stm32f3xx_hal_rcc_ex.o
 .debug_loc     0x00000dbf      0x580 Drivers\STM32F3xx_HAL_Driver\stm32f3xx_hal_rcc.o
 .debug_loc     0x0000133f      0x395 Drivers\STM32F3xx_HAL_Driver\stm32f3xx_hal_gpio.o
 .debug_loc     0x000016d4      0x422 Drivers\STM32F3xx_HAL_Driver\stm32f3xx_hal_cortex.o
 .debug_loc     0x00001af6       0x49 Drivers\STM32F3xx_HAL_Driver\stm32f3xx_hal.o
 .debug_loc     0x00001b3f       0xce Drivers\CMSIS\system_stm32f3xx.o
 .debug_loc     0x00001c0d      0x22d Application\User\main.o

.debug_aranges  0x00000000      0x350
 .debug_aranges
                0x00000000       0x40 Drivers\STM32F3xx_HAL_Driver\stm32f3xx_hal_rcc_ex.o
 .debug_aranges
                0x00000040       0x88 Drivers\STM32F3xx_HAL_Driver\stm32f3xx_hal_rcc.o
 .debug_aranges
                0x000000c8       0x58 Drivers\STM32F3xx_HAL_Driver\stm32f3xx_hal_gpio.o
 .debug_aranges
                0x00000120       0x90 Drivers\STM32F3xx_HAL_Driver\stm32f3xx_hal_cortex.o
 .debug_aranges
                0x000001b0       0xb0 Drivers\STM32F3xx_HAL_Driver\stm32f3xx_hal.o
 .debug_aranges
                0x00000260       0x28 Drivers\CMSIS\system_stm32f3xx.o
 .debug_aranges
                0x00000288       0x60 Application\User\stm32f3xx_it.o
 .debug_aranges
                0x000002e8       0x40 Application\User\main.o
 .debug_aranges
                0x00000328       0x28 Application\TrueSTUDIO\startup_stm32f302x8.o

.debug_ranges   0x00000000      0x360
 .debug_ranges  0x00000000       0x60 Drivers\STM32F3xx_HAL_Driver\stm32f3xx_hal_rcc_ex.o
 .debug_ranges  0x00000060       0x78 Drivers\STM32F3xx_HAL_Driver\stm32f3xx_hal_rcc.o
 .debug_ranges  0x000000d8       0x48 Drivers\STM32F3xx_HAL_Driver\stm32f3xx_hal_gpio.o
 .debug_ranges  0x00000120       0xd0 Drivers\STM32F3xx_HAL_Driver\stm32f3xx_hal_cortex.o
 .debug_ranges  0x000001f0       0xa0 Drivers\STM32F3xx_HAL_Driver\stm32f3xx_hal.o
 .debug_ranges  0x00000290       0x18 Drivers\CMSIS\system_stm32f3xx.o
 .debug_ranges  0x000002a8       0x50 Application\User\stm32f3xx_it.o
 .debug_ranges  0x000002f8       0x48 Application\User\main.o
 .debug_ranges  0x00000340       0x20 Application\TrueSTUDIO\startup_stm32f302x8.o

.debug_line     0x00000000     0x21e9
 .debug_line    0x00000000      0x8bd Drivers\STM32F3xx_HAL_Driver\stm32f3xx_hal_rcc_ex.o
 .debug_line    0x000008bd      0x59f Drivers\STM32F3xx_HAL_Driver\stm32f3xx_hal_rcc.o
 .debug_line    0x00000e5c      0x3bd Drivers\STM32F3xx_HAL_Driver\stm32f3xx_hal_gpio.o
 .debug_line    0x00001219      0x3a8 Drivers\STM32F3xx_HAL_Driver\stm32f3xx_hal_cortex.o
 .debug_line    0x000015c1      0x3ad Drivers\STM32F3xx_HAL_Driver\stm32f3xx_hal.o
 .debug_line    0x0000196e      0x1ec Drivers\CMSIS\system_stm32f3xx.o
 .debug_line    0x00001b5a      0x232 Application\User\stm32f3xx_it.o
 .debug_line    0x00001d8c      0x3e3 Application\User\main.o
 .debug_line    0x0000216f       0x7a Application\TrueSTUDIO\startup_stm32f302x8.o

.debug_str      0x00000000     0x15c9
 .debug_str     0x00000000      0x576 Drivers\STM32F3xx_HAL_Driver\stm32f3xx_hal_rcc_ex.o
                                0x5cf (size before relaxing)
 .debug_str     0x00000576      0x287 Drivers\STM32F3xx_HAL_Driver\stm32f3xx_hal_rcc.o
                                0x649 (size before relaxing)
 .debug_str     0x000007fd      0x1a3 Drivers\STM32F3xx_HAL_Driver\stm32f3xx_hal_gpio.o
                                0x4b3 (size before relaxing)
 .debug_str     0x000009a0      0x67a Drivers\STM32F3xx_HAL_Driver\stm32f3xx_hal_cortex.o
                                0x97f (size before relaxing)
 .debug_str     0x0000101a      0x19c Drivers\STM32F3xx_HAL_Driver\stm32f3xx_hal.o
                                0x815 (size before relaxing)
 .debug_str     0x000011b6       0x60 Drivers\CMSIS\system_stm32f3xx.o
                                0x31e (size before relaxing)
 .debug_str     0x00001216       0xac Application\User\stm32f3xx_it.o
                                0x286 (size before relaxing)
 .debug_str     0x000012c2      0x307 Application\User\main.o
                                0x7b3 (size before relaxing)

.comment        0x00000000       0x82
 .comment       0x00000000       0x82 Drivers\STM32F3xx_HAL_Driver\stm32f3xx_hal_rcc_ex.o
                                 0x83 (size before relaxing)
 .comment       0x00000000       0x83 Drivers\STM32F3xx_HAL_Driver\stm32f3xx_hal_rcc.o
 .comment       0x00000000       0x83 Drivers\STM32F3xx_HAL_Driver\stm32f3xx_hal_gpio.o
 .comment       0x00000000       0x83 Drivers\STM32F3xx_HAL_Driver\stm32f3xx_hal_cortex.o
 .comment       0x00000000       0x83 Drivers\STM32F3xx_HAL_Driver\stm32f3xx_hal.o
 .comment       0x00000000       0x83 Drivers\CMSIS\system_stm32f3xx.o
 .comment       0x00000000       0x83 Application\User\stm32f3xx_it.o
 .comment       0x00000000       0x83 Application\User\main.o
 .comment       0x00000000       0x83 ..\..\..\..\..\..\..\Middlewares\ST\STM32_Cryptographic\Lib\libSTM32CryptographicV3.0.0_CM4_GCC_ot.a(crypto.o)

.debug_frame    0x00000000      0x698
 .debug_frame   0x00000000       0x7c Drivers\STM32F3xx_HAL_Driver\stm32f3xx_hal_rcc_ex.o
 .debug_frame   0x0000007c      0x130 Drivers\STM32F3xx_HAL_Driver\stm32f3xx_hal_rcc.o
 .debug_frame   0x000001ac       0xc0 Drivers\STM32F3xx_HAL_Driver\stm32f3xx_hal_gpio.o
 .debug_frame   0x0000026c      0x120 Drivers\STM32F3xx_HAL_Driver\stm32f3xx_hal_cortex.o
 .debug_frame   0x0000038c      0x164 Drivers\STM32F3xx_HAL_Driver\stm32f3xx_hal.o
 .debug_frame   0x000004f0       0x38 Drivers\CMSIS\system_stm32f3xx.o
 .debug_frame   0x00000528       0xa0 Application\User\stm32f3xx_it.o
 .debug_frame   0x000005c8       0xa4 Application\User\main.o
 .debug_frame   0x0000066c       0x2c c:/program files (x86)/atollic/truestudio for arm pro 5.3.0/armtools/bin/../lib/gcc/arm-atollic-eabi/4.8.3/../../../../arm-atollic-eabi/lib/armv7e-m\libc.a(lib_a-init.o)

Cross Reference Table

Symbol                                            File
ADC1_IRQHandler                                   Application\TrueSTUDIO\startup_stm32f302x8.o
AES_CBC_Decrypt_Append                            ..\..\..\..\..\..\..\Middlewares\ST\STM32_Cryptographic\Lib\libSTM32CryptographicV3.0.0_CM4_GCC_ot.a(crypto.o)
AES_CBC_Decrypt_Finish                            ..\..\..\..\..\..\..\Middlewares\ST\STM32_Cryptographic\Lib\libSTM32CryptographicV3.0.0_CM4_GCC_ot.a(crypto.o)
AES_CBC_Decrypt_Init                              ..\..\..\..\..\..\..\Middlewares\ST\STM32_Cryptographic\Lib\libSTM32CryptographicV3.0.0_CM4_GCC_ot.a(crypto.o)
AES_CBC_Encrypt_Append                            ..\..\..\..\..\..\..\Middlewares\ST\STM32_Cryptographic\Lib\libSTM32CryptographicV3.0.0_CM4_GCC_ot.a(crypto.o)
AES_CBC_Encrypt_Finish                            ..\..\..\..\..\..\..\Middlewares\ST\STM32_Cryptographic\Lib\libSTM32CryptographicV3.0.0_CM4_GCC_ot.a(crypto.o)
AES_CBC_Encrypt_Init                              ..\..\..\..\..\..\..\Middlewares\ST\STM32_Cryptographic\Lib\libSTM32CryptographicV3.0.0_CM4_GCC_ot.a(crypto.o)
AES_CCM_Decrypt_Append                            ..\..\..\..\..\..\..\Middlewares\ST\STM32_Cryptographic\Lib\libSTM32CryptographicV3.0.0_CM4_GCC_ot.a(crypto.o)
AES_CCM_Decrypt_Finish                            ..\..\..\..\..\..\..\Middlewares\ST\STM32_Cryptographic\Lib\libSTM32CryptographicV3.0.0_CM4_GCC_ot.a(crypto.o)
AES_CCM_Decrypt_Init                              ..\..\..\..\..\..\..\Middlewares\ST\STM32_Cryptographic\Lib\libSTM32CryptographicV3.0.0_CM4_GCC_ot.a(crypto.o)
AES_CCM_Encrypt_Append                            ..\..\..\..\..\..\..\Middlewares\ST\STM32_Cryptographic\Lib\libSTM32CryptographicV3.0.0_CM4_GCC_ot.a(crypto.o)
AES_CCM_Encrypt_Finish                            ..\..\..\..\..\..\..\Middlewares\ST\STM32_Cryptographic\Lib\libSTM32CryptographicV3.0.0_CM4_GCC_ot.a(crypto.o)
AES_CCM_Encrypt_Init                              ..\..\..\..\..\..\..\Middlewares\ST\STM32_Cryptographic\Lib\libSTM32CryptographicV3.0.0_CM4_GCC_ot.a(crypto.o)
AES_CCM_Header_Append                             ..\..\..\..\..\..\..\Middlewares\ST\STM32_Cryptographic\Lib\libSTM32CryptographicV3.0.0_CM4_GCC_ot.a(crypto.o)
AES_CFB_Decrypt_Append                            ..\..\..\..\..\..\..\Middlewares\ST\STM32_Cryptographic\Lib\libSTM32CryptographicV3.0.0_CM4_GCC_ot.a(crypto.o)
AES_CFB_Decrypt_Finish                            ..\..\..\..\..\..\..\Middlewares\ST\STM32_Cryptographic\Lib\libSTM32CryptographicV3.0.0_CM4_GCC_ot.a(crypto.o)
AES_CFB_Decrypt_Init                              ..\..\..\..\..\..\..\Middlewares\ST\STM32_Cryptographic\Lib\libSTM32CryptographicV3.0.0_CM4_GCC_ot.a(crypto.o)
AES_CFB_Encrypt_Append                            ..\..\..\..\..\..\..\Middlewares\ST\STM32_Cryptographic\Lib\libSTM32CryptographicV3.0.0_CM4_GCC_ot.a(crypto.o)
AES_CFB_Encrypt_Finish                            ..\..\..\..\..\..\..\Middlewares\ST\STM32_Cryptographic\Lib\libSTM32CryptographicV3.0.0_CM4_GCC_ot.a(crypto.o)
AES_CFB_Encrypt_Init                              ..\..\..\..\..\..\..\Middlewares\ST\STM32_Cryptographic\Lib\libSTM32CryptographicV3.0.0_CM4_GCC_ot.a(crypto.o)
AES_CMAC_Decrypt_Append                           ..\..\..\..\..\..\..\Middlewares\ST\STM32_Cryptographic\Lib\libSTM32CryptographicV3.0.0_CM4_GCC_ot.a(crypto.o)
                                                  Application\User\main.o
AES_CMAC_Decrypt_Finish                           ..\..\..\..\..\..\..\Middlewares\ST\STM32_Cryptographic\Lib\libSTM32CryptographicV3.0.0_CM4_GCC_ot.a(crypto.o)
                                                  Application\User\main.o
AES_CMAC_Decrypt_Init                             ..\..\..\..\..\..\..\Middlewares\ST\STM32_Cryptographic\Lib\libSTM32CryptographicV3.0.0_CM4_GCC_ot.a(crypto.o)
                                                  Application\User\main.o
AES_CMAC_Encrypt_Append                           ..\..\..\..\..\..\..\Middlewares\ST\STM32_Cryptographic\Lib\libSTM32CryptographicV3.0.0_CM4_GCC_ot.a(crypto.o)
                                                  Application\User\main.o
AES_CMAC_Encrypt_Finish                           ..\..\..\..\..\..\..\Middlewares\ST\STM32_Cryptographic\Lib\libSTM32CryptographicV3.0.0_CM4_GCC_ot.a(crypto.o)
                                                  Application\User\main.o
AES_CMAC_Encrypt_Init                             ..\..\..\..\..\..\..\Middlewares\ST\STM32_Cryptographic\Lib\libSTM32CryptographicV3.0.0_CM4_GCC_ot.a(crypto.o)
                                                  Application\User\main.o
AES_CONF                                          ..\..\..\..\..\..\..\Middlewares\ST\STM32_Cryptographic\Lib\libSTM32CryptographicV3.0.0_CM4_GCC_ot.a(crypto.o)
AES_CTR_Decrypt_Append                            ..\..\..\..\..\..\..\Middlewares\ST\STM32_Cryptographic\Lib\libSTM32CryptographicV3.0.0_CM4_GCC_ot.a(crypto.o)
AES_CTR_Decrypt_Finish                            ..\..\..\..\..\..\..\Middlewares\ST\STM32_Cryptographic\Lib\libSTM32CryptographicV3.0.0_CM4_GCC_ot.a(crypto.o)
AES_CTR_Decrypt_Init                              ..\..\..\..\..\..\..\Middlewares\ST\STM32_Cryptographic\Lib\libSTM32CryptographicV3.0.0_CM4_GCC_ot.a(crypto.o)
AES_CTR_Encrypt_Append                            ..\..\..\..\..\..\..\Middlewares\ST\STM32_Cryptographic\Lib\libSTM32CryptographicV3.0.0_CM4_GCC_ot.a(crypto.o)
AES_CTR_Encrypt_Finish                            ..\..\..\..\..\..\..\Middlewares\ST\STM32_Cryptographic\Lib\libSTM32CryptographicV3.0.0_CM4_GCC_ot.a(crypto.o)
AES_CTR_Encrypt_Init                              ..\..\..\..\..\..\..\Middlewares\ST\STM32_Cryptographic\Lib\libSTM32CryptographicV3.0.0_CM4_GCC_ot.a(crypto.o)
AES_ECB_Decrypt_Append                            ..\..\..\..\..\..\..\Middlewares\ST\STM32_Cryptographic\Lib\libSTM32CryptographicV3.0.0_CM4_GCC_ot.a(crypto.o)
AES_ECB_Decrypt_Finish                            ..\..\..\..\..\..\..\Middlewares\ST\STM32_Cryptographic\Lib\libSTM32CryptographicV3.0.0_CM4_GCC_ot.a(crypto.o)
AES_ECB_Decrypt_Init                              ..\..\..\..\..\..\..\Middlewares\ST\STM32_Cryptographic\Lib\libSTM32CryptographicV3.0.0_CM4_GCC_ot.a(crypto.o)
AES_ECB_Encrypt_Append                            ..\..\..\..\..\..\..\Middlewares\ST\STM32_Cryptographic\Lib\libSTM32CryptographicV3.0.0_CM4_GCC_ot.a(crypto.o)
AES_ECB_Encrypt_Finish                            ..\..\..\..\..\..\..\Middlewares\ST\STM32_Cryptographic\Lib\libSTM32CryptographicV3.0.0_CM4_GCC_ot.a(crypto.o)
AES_ECB_Encrypt_Init                              ..\..\..\..\..\..\..\Middlewares\ST\STM32_Cryptographic\Lib\libSTM32CryptographicV3.0.0_CM4_GCC_ot.a(crypto.o)
AES_GCM_Decrypt_Append                            ..\..\..\..\..\..\..\Middlewares\ST\STM32_Cryptographic\Lib\libSTM32CryptographicV3.0.0_CM4_GCC_ot.a(crypto.o)
AES_GCM_Decrypt_Finish                            ..\..\..\..\..\..\..\Middlewares\ST\STM32_Cryptographic\Lib\libSTM32CryptographicV3.0.0_CM4_GCC_ot.a(crypto.o)
AES_GCM_Decrypt_Init                              ..\..\..\..\..\..\..\Middlewares\ST\STM32_Cryptographic\Lib\libSTM32CryptographicV3.0.0_CM4_GCC_ot.a(crypto.o)
AES_GCM_Encrypt_Append                            ..\..\..\..\..\..\..\Middlewares\ST\STM32_Cryptographic\Lib\libSTM32CryptographicV3.0.0_CM4_GCC_ot.a(crypto.o)
AES_GCM_Encrypt_Finish                            ..\..\..\..\..\..\..\Middlewares\ST\STM32_Cryptographic\Lib\libSTM32CryptographicV3.0.0_CM4_GCC_ot.a(crypto.o)
AES_GCM_Encrypt_Init                              ..\..\..\..\..\..\..\Middlewares\ST\STM32_Cryptographic\Lib\libSTM32CryptographicV3.0.0_CM4_GCC_ot.a(crypto.o)
AES_GCM_Header_Append                             ..\..\..\..\..\..\..\Middlewares\ST\STM32_Cryptographic\Lib\libSTM32CryptographicV3.0.0_CM4_GCC_ot.a(crypto.o)
AES_KeyWrap_Decrypt_Append                        ..\..\..\..\..\..\..\Middlewares\ST\STM32_Cryptographic\Lib\libSTM32CryptographicV3.0.0_CM4_GCC_ot.a(crypto.o)
AES_KeyWrap_Decrypt_Finish                        ..\..\..\..\..\..\..\Middlewares\ST\STM32_Cryptographic\Lib\libSTM32CryptographicV3.0.0_CM4_GCC_ot.a(crypto.o)
AES_KeyWrap_Decrypt_Init                          ..\..\..\..\..\..\..\Middlewares\ST\STM32_Cryptographic\Lib\libSTM32CryptographicV3.0.0_CM4_GCC_ot.a(crypto.o)
AES_KeyWrap_Encrypt_Append                        ..\..\..\..\..\..\..\Middlewares\ST\STM32_Cryptographic\Lib\libSTM32CryptographicV3.0.0_CM4_GCC_ot.a(crypto.o)
AES_KeyWrap_Encrypt_Finish                        ..\..\..\..\..\..\..\Middlewares\ST\STM32_Cryptographic\Lib\libSTM32CryptographicV3.0.0_CM4_GCC_ot.a(crypto.o)
AES_KeyWrap_Encrypt_Init                          ..\..\..\..\..\..\..\Middlewares\ST\STM32_Cryptographic\Lib\libSTM32CryptographicV3.0.0_CM4_GCC_ot.a(crypto.o)
AES_OFB_Decrypt_Append                            ..\..\..\..\..\..\..\Middlewares\ST\STM32_Cryptographic\Lib\libSTM32CryptographicV3.0.0_CM4_GCC_ot.a(crypto.o)
AES_OFB_Decrypt_Finish                            ..\..\..\..\..\..\..\Middlewares\ST\STM32_Cryptographic\Lib\libSTM32CryptographicV3.0.0_CM4_GCC_ot.a(crypto.o)
AES_OFB_Decrypt_Init                              ..\..\..\..\..\..\..\Middlewares\ST\STM32_Cryptographic\Lib\libSTM32CryptographicV3.0.0_CM4_GCC_ot.a(crypto.o)
AES_OFB_Encrypt_Append                            ..\..\..\..\..\..\..\Middlewares\ST\STM32_Cryptographic\Lib\libSTM32CryptographicV3.0.0_CM4_GCC_ot.a(crypto.o)
AES_OFB_Encrypt_Finish                            ..\..\..\..\..\..\..\Middlewares\ST\STM32_Cryptographic\Lib\libSTM32CryptographicV3.0.0_CM4_GCC_ot.a(crypto.o)
AES_OFB_Encrypt_Init                              ..\..\..\..\..\..\..\Middlewares\ST\STM32_Cryptographic\Lib\libSTM32CryptographicV3.0.0_CM4_GCC_ot.a(crypto.o)
AES_XTS_Decrypt_Append                            ..\..\..\..\..\..\..\Middlewares\ST\STM32_Cryptographic\Lib\libSTM32CryptographicV3.0.0_CM4_GCC_ot.a(crypto.o)
AES_XTS_Decrypt_Finish                            ..\..\..\..\..\..\..\Middlewares\ST\STM32_Cryptographic\Lib\libSTM32CryptographicV3.0.0_CM4_GCC_ot.a(crypto.o)
AES_XTS_Decrypt_Init                              ..\..\..\..\..\..\..\Middlewares\ST\STM32_Cryptographic\Lib\libSTM32CryptographicV3.0.0_CM4_GCC_ot.a(crypto.o)
AES_XTS_Encrypt_Append                            ..\..\..\..\..\..\..\Middlewares\ST\STM32_Cryptographic\Lib\libSTM32CryptographicV3.0.0_CM4_GCC_ot.a(crypto.o)
AES_XTS_Encrypt_Finish                            ..\..\..\..\..\..\..\Middlewares\ST\STM32_Cryptographic\Lib\libSTM32CryptographicV3.0.0_CM4_GCC_ot.a(crypto.o)
AES_XTS_Encrypt_Init                              ..\..\..\..\..\..\..\Middlewares\ST\STM32_Cryptographic\Lib\libSTM32CryptographicV3.0.0_CM4_GCC_ot.a(crypto.o)
AES_general_SW_dec                                ..\..\..\..\..\..\..\Middlewares\ST\STM32_Cryptographic\Lib\libSTM32CryptographicV3.0.0_CM4_GCC_ot.a(crypto.o)
AES_general_SW_enc                                ..\..\..\..\..\..\..\Middlewares\ST\STM32_Cryptographic\Lib\libSTM32CryptographicV3.0.0_CM4_GCC_ot.a(crypto.o)
AES_keyschedule_dec                               ..\..\..\..\..\..\..\Middlewares\ST\STM32_Cryptographic\Lib\libSTM32CryptographicV3.0.0_CM4_GCC_ot.a(crypto.o)
AES_keyschedule_enc                               ..\..\..\..\..\..\..\Middlewares\ST\STM32_Cryptographic\Lib\libSTM32CryptographicV3.0.0_CM4_GCC_ot.a(crypto.o)
AHBPrescTable                                     Drivers\CMSIS\system_stm32f3xx.o
APBAHBPrescTable                                  Drivers\STM32F3xx_HAL_Driver\stm32f3xx_hal_rcc.o
ARC4_Decrypt_Append                               ..\..\..\..\..\..\..\Middlewares\ST\STM32_Cryptographic\Lib\libSTM32CryptographicV3.0.0_CM4_GCC_ot.a(crypto.o)
ARC4_Decrypt_Finish                               ..\..\..\..\..\..\..\Middlewares\ST\STM32_Cryptographic\Lib\libSTM32CryptographicV3.0.0_CM4_GCC_ot.a(crypto.o)
ARC4_Decrypt_Init                                 ..\..\..\..\..\..\..\Middlewares\ST\STM32_Cryptographic\Lib\libSTM32CryptographicV3.0.0_CM4_GCC_ot.a(crypto.o)
ARC4_Encrypt_Append                               ..\..\..\..\..\..\..\Middlewares\ST\STM32_Cryptographic\Lib\libSTM32CryptographicV3.0.0_CM4_GCC_ot.a(crypto.o)
ARC4_Encrypt_Finish                               ..\..\..\..\..\..\..\Middlewares\ST\STM32_Cryptographic\Lib\libSTM32CryptographicV3.0.0_CM4_GCC_ot.a(crypto.o)
ARC4_Encrypt_Init                                 ..\..\..\..\..\..\..\Middlewares\ST\STM32_Cryptographic\Lib\libSTM32CryptographicV3.0.0_CM4_GCC_ot.a(crypto.o)
ASYM_KEY_CONF                                     ..\..\..\..\..\..\..\Middlewares\ST\STM32_Cryptographic\Lib\libSTM32CryptographicV3.0.0_CM4_GCC_ot.a(crypto.o)
AddBig                                            ..\..\..\..\..\..\..\Middlewares\ST\STM32_Cryptographic\Lib\libSTM32CryptographicV3.0.0_CM4_GCC_ot.a(crypto.o)
BSP_GetVersion                                    Drivers\BSP\STM32F3xx-Nucleo\stm32f3xx_nucleo.o
BSP_LED_Init                                      Drivers\BSP\STM32F3xx-Nucleo\stm32f3xx_nucleo.o
BSP_LED_Off                                       Drivers\BSP\STM32F3xx-Nucleo\stm32f3xx_nucleo.o
BSP_LED_On                                        Drivers\BSP\STM32F3xx-Nucleo\stm32f3xx_nucleo.o
BSP_LED_Toggle                                    Drivers\BSP\STM32F3xx-Nucleo\stm32f3xx_nucleo.o
BSP_PB_GetState                                   Drivers\BSP\STM32F3xx-Nucleo\stm32f3xx_nucleo.o
BSP_PB_Init                                       Drivers\BSP\STM32F3xx-Nucleo\stm32f3xx_nucleo.o
BUTTON_IRQn                                       Drivers\BSP\STM32F3xx-Nucleo\stm32f3xx_nucleo.o
BUTTON_PIN                                        Drivers\BSP\STM32F3xx-Nucleo\stm32f3xx_nucleo.o
BUTTON_PORT                                       Drivers\BSP\STM32F3xx-Nucleo\stm32f3xx_nucleo.o
Big_to_W8                                         ..\..\..\..\..\..\..\Middlewares\ST\STM32_Cryptographic\Lib\libSTM32CryptographicV3.0.0_CM4_GCC_ot.a(crypto.o)
Big_to_fixedW8                                    ..\..\..\..\..\..\..\Middlewares\ST\STM32_Cryptographic\Lib\libSTM32CryptographicV3.0.0_CM4_GCC_ot.a(crypto.o)
Binary_DoublePointMul                             ..\..\..\..\..\..\..\Middlewares\ST\STM32_Cryptographic\Lib\libSTM32CryptographicV3.0.0_CM4_GCC_ot.a(crypto.o)
Buffercmp                                         Application\User\main.o
BusFault_Handler                                  Application\User\stm32f3xx_it.o
C25519keyExchange                                 ..\..\..\..\..\..\..\Middlewares\ST\STM32_Cryptographic\Lib\libSTM32CryptographicV3.0.0_CM4_GCC_ot.a(crypto.o)
C25519keyGen                                      ..\..\..\..\..\..\..\Middlewares\ST\STM32_Cryptographic\Lib\libSTM32CryptographicV3.0.0_CM4_GCC_ot.a(crypto.o)
CAN_RX1_IRQHandler                                Application\TrueSTUDIO\startup_stm32f302x8.o
CAN_SCE_IRQHandler                                Application\TrueSTUDIO\startup_stm32f302x8.o
CHACHA_Decrypt_Append                             ..\..\..\..\..\..\..\Middlewares\ST\STM32_Cryptographic\Lib\libSTM32CryptographicV3.0.0_CM4_GCC_ot.a(crypto.o)
CHACHA_Decrypt_Finish                             ..\..\..\..\..\..\..\Middlewares\ST\STM32_Cryptographic\Lib\libSTM32CryptographicV3.0.0_CM4_GCC_ot.a(crypto.o)
CHACHA_Decrypt_Init                               ..\..\..\..\..\..\..\Middlewares\ST\STM32_Cryptographic\Lib\libSTM32CryptographicV3.0.0_CM4_GCC_ot.a(crypto.o)
CHACHA_Encrypt_Append                             ..\..\..\..\..\..\..\Middlewares\ST\STM32_Cryptographic\Lib\libSTM32CryptographicV3.0.0_CM4_GCC_ot.a(crypto.o)
CHACHA_Encrypt_Finish                             ..\..\..\..\..\..\..\Middlewares\ST\STM32_Cryptographic\Lib\libSTM32CryptographicV3.0.0_CM4_GCC_ot.a(crypto.o)
CHACHA_Encrypt_Init                               ..\..\..\..\..\..\..\Middlewares\ST\STM32_Cryptographic\Lib\libSTM32CryptographicV3.0.0_CM4_GCC_ot.a(crypto.o)
COMP2_IRQHandler                                  Application\TrueSTUDIO\startup_stm32f302x8.o
COMP4_6_IRQHandler                                Application\TrueSTUDIO\startup_stm32f302x8.o
CORTEX_CONF                                       ..\..\..\..\..\..\..\Middlewares\ST\STM32_Cryptographic\Lib\libSTM32CryptographicV3.0.0_CM4_GCC_ot.a(crypto.o)
ChaCha20Poly1305_Decrypt_Append                   ..\..\..\..\..\..\..\Middlewares\ST\STM32_Cryptographic\Lib\libSTM32CryptographicV3.0.0_CM4_GCC_ot.a(crypto.o)
ChaCha20Poly1305_Decrypt_Finish                   ..\..\..\..\..\..\..\Middlewares\ST\STM32_Cryptographic\Lib\libSTM32CryptographicV3.0.0_CM4_GCC_ot.a(crypto.o)
ChaCha20Poly1305_Decrypt_Init                     ..\..\..\..\..\..\..\Middlewares\ST\STM32_Cryptographic\Lib\libSTM32CryptographicV3.0.0_CM4_GCC_ot.a(crypto.o)
ChaCha20Poly1305_Encrypt_Append                   ..\..\..\..\..\..\..\Middlewares\ST\STM32_Cryptographic\Lib\libSTM32CryptographicV3.0.0_CM4_GCC_ot.a(crypto.o)
ChaCha20Poly1305_Encrypt_Finish                   ..\..\..\..\..\..\..\Middlewares\ST\STM32_Cryptographic\Lib\libSTM32CryptographicV3.0.0_CM4_GCC_ot.a(crypto.o)
ChaCha20Poly1305_Encrypt_Init                     ..\..\..\..\..\..\..\Middlewares\ST\STM32_Cryptographic\Lib\libSTM32CryptographicV3.0.0_CM4_GCC_ot.a(crypto.o)
ChaCha20Poly1305_Header_Append                    ..\..\..\..\..\..\..\Middlewares\ST\STM32_Cryptographic\Lib\libSTM32CryptographicV3.0.0_CM4_GCC_ot.a(crypto.o)
CompareBig                                        ..\..\..\..\..\..\..\Middlewares\ST\STM32_Cryptographic\Lib\libSTM32CryptographicV3.0.0_CM4_GCC_ot.a(crypto.o)
CopyBig                                           ..\..\..\..\..\..\..\Middlewares\ST\STM32_Cryptographic\Lib\libSTM32CryptographicV3.0.0_CM4_GCC_ot.a(crypto.o)
CountBits                                         ..\..\..\..\..\..\..\Middlewares\ST\STM32_Cryptographic\Lib\libSTM32CryptographicV3.0.0_CM4_GCC_ot.a(crypto.o)
CountBytes                                        ..\..\..\..\..\..\..\Middlewares\ST\STM32_Cryptographic\Lib\libSTM32CryptographicV3.0.0_CM4_GCC_ot.a(crypto.o)
DES_CBC_Decrypt_Append                            ..\..\..\..\..\..\..\Middlewares\ST\STM32_Cryptographic\Lib\libSTM32CryptographicV3.0.0_CM4_GCC_ot.a(crypto.o)
DES_CBC_Decrypt_Finish                            ..\..\..\..\..\..\..\Middlewares\ST\STM32_Cryptographic\Lib\libSTM32CryptographicV3.0.0_CM4_GCC_ot.a(crypto.o)
DES_CBC_Decrypt_Init                              ..\..\..\..\..\..\..\Middlewares\ST\STM32_Cryptographic\Lib\libSTM32CryptographicV3.0.0_CM4_GCC_ot.a(crypto.o)
DES_CBC_Encrypt_Append                            ..\..\..\..\..\..\..\Middlewares\ST\STM32_Cryptographic\Lib\libSTM32CryptographicV3.0.0_CM4_GCC_ot.a(crypto.o)
DES_CBC_Encrypt_Finish                            ..\..\..\..\..\..\..\Middlewares\ST\STM32_Cryptographic\Lib\libSTM32CryptographicV3.0.0_CM4_GCC_ot.a(crypto.o)
DES_CBC_Encrypt_Init                              ..\..\..\..\..\..\..\Middlewares\ST\STM32_Cryptographic\Lib\libSTM32CryptographicV3.0.0_CM4_GCC_ot.a(crypto.o)
DES_ECB_Decrypt_Append                            ..\..\..\..\..\..\..\Middlewares\ST\STM32_Cryptographic\Lib\libSTM32CryptographicV3.0.0_CM4_GCC_ot.a(crypto.o)
DES_ECB_Decrypt_Finish                            ..\..\..\..\..\..\..\Middlewares\ST\STM32_Cryptographic\Lib\libSTM32CryptographicV3.0.0_CM4_GCC_ot.a(crypto.o)
DES_ECB_Decrypt_Init                              ..\..\..\..\..\..\..\Middlewares\ST\STM32_Cryptographic\Lib\libSTM32CryptographicV3.0.0_CM4_GCC_ot.a(crypto.o)
DES_ECB_Encrypt_Append                            ..\..\..\..\..\..\..\Middlewares\ST\STM32_Cryptographic\Lib\libSTM32CryptographicV3.0.0_CM4_GCC_ot.a(crypto.o)
DES_ECB_Encrypt_Finish                            ..\..\..\..\..\..\..\Middlewares\ST\STM32_Cryptographic\Lib\libSTM32CryptographicV3.0.0_CM4_GCC_ot.a(crypto.o)
DES_ECB_Encrypt_Init                              ..\..\..\..\..\..\..\Middlewares\ST\STM32_Cryptographic\Lib\libSTM32CryptographicV3.0.0_CM4_GCC_ot.a(crypto.o)
DMA1_Channel1_IRQHandler                          Application\TrueSTUDIO\startup_stm32f302x8.o
DMA1_Channel2_IRQHandler                          Application\TrueSTUDIO\startup_stm32f302x8.o
DMA1_Channel3_IRQHandler                          Application\TrueSTUDIO\startup_stm32f302x8.o
DMA1_Channel4_IRQHandler                          Application\TrueSTUDIO\startup_stm32f302x8.o
DMA1_Channel5_IRQHandler                          Application\TrueSTUDIO\startup_stm32f302x8.o
DMA1_Channel6_IRQHandler                          Application\TrueSTUDIO\startup_stm32f302x8.o
DMA1_Channel7_IRQHandler                          Application\TrueSTUDIO\startup_stm32f302x8.o
DRBG_CONF                                         ..\..\..\..\..\..\..\Middlewares\ST\STM32_Cryptographic\Lib\libSTM32CryptographicV3.0.0_CM4_GCC_ot.a(crypto.o)
DebugMon_Handler                                  Application\User\stm32f3xx_it.o
Default_Handler                                   Application\TrueSTUDIO\startup_stm32f302x8.o
ECCcopyPoint                                      ..\..\..\..\..\..\..\Middlewares\ST\STM32_Cryptographic\Lib\libSTM32CryptographicV3.0.0_CM4_GCC_ot.a(crypto.o)
ECCfreeEC                                         ..\..\..\..\..\..\..\Middlewares\ST\STM32_Cryptographic\Lib\libSTM32CryptographicV3.0.0_CM4_GCC_ot.a(crypto.o)
ECCfreePoint                                      ..\..\..\..\..\..\..\Middlewares\ST\STM32_Cryptographic\Lib\libSTM32CryptographicV3.0.0_CM4_GCC_ot.a(crypto.o)
ECCfreePrivKey                                    ..\..\..\..\..\..\..\Middlewares\ST\STM32_Cryptographic\Lib\libSTM32CryptographicV3.0.0_CM4_GCC_ot.a(crypto.o)
ECCgetPointCoordinate                             ..\..\..\..\..\..\..\Middlewares\ST\STM32_Cryptographic\Lib\libSTM32CryptographicV3.0.0_CM4_GCC_ot.a(crypto.o)
ECCgetPointFlag                                   ..\..\..\..\..\..\..\Middlewares\ST\STM32_Cryptographic\Lib\libSTM32CryptographicV3.0.0_CM4_GCC_ot.a(crypto.o)
ECCgetPrivKeyValue                                ..\..\..\..\..\..\..\Middlewares\ST\STM32_Cryptographic\Lib\libSTM32CryptographicV3.0.0_CM4_GCC_ot.a(crypto.o)
ECCinitEC                                         ..\..\..\..\..\..\..\Middlewares\ST\STM32_Cryptographic\Lib\libSTM32CryptographicV3.0.0_CM4_GCC_ot.a(crypto.o)
ECCinitPoint                                      ..\..\..\..\..\..\..\Middlewares\ST\STM32_Cryptographic\Lib\libSTM32CryptographicV3.0.0_CM4_GCC_ot.a(crypto.o)
ECCinitPrivKey                                    ..\..\..\..\..\..\..\Middlewares\ST\STM32_Cryptographic\Lib\libSTM32CryptographicV3.0.0_CM4_GCC_ot.a(crypto.o)
ECCkeyGen                                         ..\..\..\..\..\..\..\Middlewares\ST\STM32_Cryptographic\Lib\libSTM32CryptographicV3.0.0_CM4_GCC_ot.a(crypto.o)
ECCpoint2Monty                                    ..\..\..\..\..\..\..\Middlewares\ST\STM32_Cryptographic\Lib\libSTM32CryptographicV3.0.0_CM4_GCC_ot.a(crypto.o)
ECCpointFromMonty                                 ..\..\..\..\..\..\..\Middlewares\ST\STM32_Cryptographic\Lib\libSTM32CryptographicV3.0.0_CM4_GCC_ot.a(crypto.o)
ECCscalarMul                                      ..\..\..\..\..\..\..\Middlewares\ST\STM32_Cryptographic\Lib\libSTM32CryptographicV3.0.0_CM4_GCC_ot.a(crypto.o)
ECCsetPointCoordinate                             ..\..\..\..\..\..\..\Middlewares\ST\STM32_Cryptographic\Lib\libSTM32CryptographicV3.0.0_CM4_GCC_ot.a(crypto.o)
ECCsetPointFlag                                   ..\..\..\..\..\..\..\Middlewares\ST\STM32_Cryptographic\Lib\libSTM32CryptographicV3.0.0_CM4_GCC_ot.a(crypto.o)
ECCsetPointGenerator                              ..\..\..\..\..\..\..\Middlewares\ST\STM32_Cryptographic\Lib\libSTM32CryptographicV3.0.0_CM4_GCC_ot.a(crypto.o)
ECCsetPrivKeyValue                                ..\..\..\..\..\..\..\Middlewares\ST\STM32_Cryptographic\Lib\libSTM32CryptographicV3.0.0_CM4_GCC_ot.a(crypto.o)
ECCsymmetricPoint                                 ..\..\..\..\..\..\..\Middlewares\ST\STM32_Cryptographic\Lib\libSTM32CryptographicV3.0.0_CM4_GCC_ot.a(crypto.o)
ECCvalidatePubKey                                 ..\..\..\..\..\..\..\Middlewares\ST\STM32_Cryptographic\Lib\libSTM32CryptographicV3.0.0_CM4_GCC_ot.a(crypto.o)
ECDSAfreeSign                                     ..\..\..\..\..\..\..\Middlewares\ST\STM32_Cryptographic\Lib\libSTM32CryptographicV3.0.0_CM4_GCC_ot.a(crypto.o)
ECDSAgetSignature                                 ..\..\..\..\..\..\..\Middlewares\ST\STM32_Cryptographic\Lib\libSTM32CryptographicV3.0.0_CM4_GCC_ot.a(crypto.o)
ECDSAinitSign                                     ..\..\..\..\..\..\..\Middlewares\ST\STM32_Cryptographic\Lib\libSTM32CryptographicV3.0.0_CM4_GCC_ot.a(crypto.o)
ECDSAsetSignature                                 ..\..\..\..\..\..\..\Middlewares\ST\STM32_Cryptographic\Lib\libSTM32CryptographicV3.0.0_CM4_GCC_ot.a(crypto.o)
ECDSAsign                                         ..\..\..\..\..\..\..\Middlewares\ST\STM32_Cryptographic\Lib\libSTM32CryptographicV3.0.0_CM4_GCC_ot.a(crypto.o)
ECDSAverify                                       ..\..\..\..\..\..\..\Middlewares\ST\STM32_Cryptographic\Lib\libSTM32CryptographicV3.0.0_CM4_GCC_ot.a(crypto.o)
ED25519keyGen                                     ..\..\..\..\..\..\..\Middlewares\ST\STM32_Cryptographic\Lib\libSTM32CryptographicV3.0.0_CM4_GCC_ot.a(crypto.o)
ED25519sign                                       ..\..\..\..\..\..\..\Middlewares\ST\STM32_Cryptographic\Lib\libSTM32CryptographicV3.0.0_CM4_GCC_ot.a(crypto.o)
ED25519verify                                     ..\..\..\..\..\..\..\Middlewares\ST\STM32_Cryptographic\Lib\libSTM32CryptographicV3.0.0_CM4_GCC_ot.a(crypto.o)
ENC_DEC_CONF                                      ..\..\..\..\..\..\..\Middlewares\ST\STM32_Cryptographic\Lib\libSTM32CryptographicV3.0.0_CM4_GCC_ot.a(crypto.o)
ENDIANNESS_CONF                                   ..\..\..\..\..\..\..\Middlewares\ST\STM32_Cryptographic\Lib\libSTM32CryptographicV3.0.0_CM4_GCC_ot.a(crypto.o)
EXTI0_IRQHandler                                  Application\TrueSTUDIO\startup_stm32f302x8.o
EXTI15_10_IRQHandler                              Application\TrueSTUDIO\startup_stm32f302x8.o
EXTI1_IRQHandler                                  Application\TrueSTUDIO\startup_stm32f302x8.o
EXTI2_TSC_IRQHandler                              Application\TrueSTUDIO\startup_stm32f302x8.o
EXTI3_IRQHandler                                  Application\TrueSTUDIO\startup_stm32f302x8.o
EXTI4_IRQHandler                                  Application\TrueSTUDIO\startup_stm32f302x8.o
EXTI9_5_IRQHandler                                Application\TrueSTUDIO\startup_stm32f302x8.o
EvenBig                                           ..\..\..\..\..\..\..\Middlewares\ST\STM32_Cryptographic\Lib\libSTM32CryptographicV3.0.0_CM4_GCC_ot.a(crypto.o)
FLASH_IRQHandler                                  Application\TrueSTUDIO\startup_stm32f302x8.o
FPU_IRQHandler                                    Application\TrueSTUDIO\startup_stm32f302x8.o
FastDiv2                                          ..\..\..\..\..\..\..\Middlewares\ST\STM32_Cryptographic\Lib\libSTM32CryptographicV3.0.0_CM4_GCC_ot.a(crypto.o)
FastDivInnerBase                                  ..\..\..\..\..\..\..\Middlewares\ST\STM32_Cryptographic\Lib\libSTM32CryptographicV3.0.0_CM4_GCC_ot.a(crypto.o)
FastMul2                                          ..\..\..\..\..\..\..\Middlewares\ST\STM32_Cryptographic\Lib\libSTM32CryptographicV3.0.0_CM4_GCC_ot.a(crypto.o)
FastMulInnerBase                                  ..\..\..\..\..\..\..\Middlewares\ST\STM32_Cryptographic\Lib\libSTM32CryptographicV3.0.0_CM4_GCC_ot.a(crypto.o)
GCM_CONF                                          ..\..\..\..\..\..\..\Middlewares\ST\STM32_Cryptographic\Lib\libSTM32CryptographicV3.0.0_CM4_GCC_ot.a(crypto.o)
GenRndBN                                          ..\..\..\..\..\..\..\Middlewares\ST\STM32_Cryptographic\Lib\libSTM32CryptographicV3.0.0_CM4_GCC_ot.a(crypto.o)
GenRndBNmodN                                      ..\..\..\..\..\..\..\Middlewares\ST\STM32_Cryptographic\Lib\libSTM32CryptographicV3.0.0_CM4_GCC_ot.a(crypto.o)
GiveBit                                           ..\..\..\..\..\..\..\Middlewares\ST\STM32_Cryptographic\Lib\libSTM32CryptographicV3.0.0_CM4_GCC_ot.a(crypto.o)
HAL_CRCEx_Input_Data_Reverse                      Drivers\STM32F3xx_HAL_Driver\stm32f3xx_hal_crc_ex.o
HAL_CRCEx_Output_Data_Reverse                     Drivers\STM32F3xx_HAL_Driver\stm32f3xx_hal_crc_ex.o
HAL_CRCEx_Polynomial_Set                          Drivers\STM32F3xx_HAL_Driver\stm32f3xx_hal_crc_ex.o
                                                  Drivers\STM32F3xx_HAL_Driver\stm32f3xx_hal_crc.o
HAL_CRC_Accumulate                                Drivers\STM32F3xx_HAL_Driver\stm32f3xx_hal_crc.o
HAL_CRC_Calculate                                 Drivers\STM32F3xx_HAL_Driver\stm32f3xx_hal_crc.o
HAL_CRC_DeInit                                    Drivers\STM32F3xx_HAL_Driver\stm32f3xx_hal_crc.o
HAL_CRC_GetState                                  Drivers\STM32F3xx_HAL_Driver\stm32f3xx_hal_crc.o
HAL_CRC_Init                                      Drivers\STM32F3xx_HAL_Driver\stm32f3xx_hal_crc.o
HAL_CRC_MspDeInit                                 Drivers\STM32F3xx_HAL_Driver\stm32f3xx_hal_crc.o
HAL_CRC_MspInit                                   Drivers\STM32F3xx_HAL_Driver\stm32f3xx_hal_crc.o
HAL_DeInit                                        Drivers\STM32F3xx_HAL_Driver\stm32f3xx_hal.o
HAL_Delay                                         Drivers\STM32F3xx_HAL_Driver\stm32f3xx_hal.o
                                                  Application\User\main.o
HAL_DisableDBGSleepMode                           Drivers\STM32F3xx_HAL_Driver\stm32f3xx_hal.o
HAL_DisableDBGStandbyMode                         Drivers\STM32F3xx_HAL_Driver\stm32f3xx_hal.o
HAL_DisableDBGStopMode                            Drivers\STM32F3xx_HAL_Driver\stm32f3xx_hal.o
HAL_EnableDBGSleepMode                            Drivers\STM32F3xx_HAL_Driver\stm32f3xx_hal.o
HAL_EnableDBGStandbyMode                          Drivers\STM32F3xx_HAL_Driver\stm32f3xx_hal.o
HAL_EnableDBGStopMode                             Drivers\STM32F3xx_HAL_Driver\stm32f3xx_hal.o
HAL_GPIO_DeInit                                   Drivers\STM32F3xx_HAL_Driver\stm32f3xx_hal_gpio.o
HAL_GPIO_EXTI_Callback                            Drivers\STM32F3xx_HAL_Driver\stm32f3xx_hal_gpio.o
HAL_GPIO_EXTI_IRQHandler                          Drivers\STM32F3xx_HAL_Driver\stm32f3xx_hal_gpio.o
HAL_GPIO_Init                                     Drivers\STM32F3xx_HAL_Driver\stm32f3xx_hal_gpio.o
                                                  Application\User\main.o
                                                  Drivers\BSP\STM32F3xx-Nucleo\stm32f3xx_nucleo.o
                                                  Drivers\STM32F3xx_HAL_Driver\stm32f3xx_hal_rcc.o
HAL_GPIO_LockPin                                  Drivers\STM32F3xx_HAL_Driver\stm32f3xx_hal_gpio.o
HAL_GPIO_ReadPin                                  Drivers\STM32F3xx_HAL_Driver\stm32f3xx_hal_gpio.o
                                                  Drivers\BSP\STM32F3xx-Nucleo\stm32f3xx_nucleo.o
HAL_GPIO_TogglePin                                Drivers\STM32F3xx_HAL_Driver\stm32f3xx_hal_gpio.o
                                                  Application\User\main.o
                                                  Drivers\BSP\STM32F3xx-Nucleo\stm32f3xx_nucleo.o
HAL_GPIO_WritePin                                 Drivers\STM32F3xx_HAL_Driver\stm32f3xx_hal_gpio.o
                                                  Application\User\main.o
                                                  Drivers\BSP\STM32F3xx-Nucleo\stm32f3xx_nucleo.o
HAL_GetDEVID                                      Drivers\STM32F3xx_HAL_Driver\stm32f3xx_hal.o
HAL_GetHalVersion                                 Drivers\STM32F3xx_HAL_Driver\stm32f3xx_hal.o
HAL_GetREVID                                      Drivers\STM32F3xx_HAL_Driver\stm32f3xx_hal.o
HAL_GetTick                                       Drivers\STM32F3xx_HAL_Driver\stm32f3xx_hal.o
                                                  Drivers\STM32F3xx_HAL_Driver\stm32f3xx_hal_rcc.o
                                                  Drivers\STM32F3xx_HAL_Driver\stm32f3xx_hal_rcc_ex.o
HAL_IncTick                                       Drivers\STM32F3xx_HAL_Driver\stm32f3xx_hal.o
                                                  Application\User\stm32f3xx_it.o
HAL_Init                                          Drivers\STM32F3xx_HAL_Driver\stm32f3xx_hal.o
                                                  Application\User\main.o
HAL_InitTick                                      Drivers\STM32F3xx_HAL_Driver\stm32f3xx_hal.o
                                                  Drivers\STM32F3xx_HAL_Driver\stm32f3xx_hal_rcc.o
HAL_MspDeInit                                     Drivers\STM32F3xx_HAL_Driver\stm32f3xx_hal.o
HAL_MspInit                                       Drivers\STM32F3xx_HAL_Driver\stm32f3xx_hal.o
HAL_NVIC_ClearPendingIRQ                          Drivers\STM32F3xx_HAL_Driver\stm32f3xx_hal_cortex.o
HAL_NVIC_DisableIRQ                               Drivers\STM32F3xx_HAL_Driver\stm32f3xx_hal_cortex.o
HAL_NVIC_EnableIRQ                                Drivers\STM32F3xx_HAL_Driver\stm32f3xx_hal_cortex.o
                                                  Drivers\BSP\STM32F3xx-Nucleo\stm32f3xx_nucleo.o
HAL_NVIC_GetActive                                Drivers\STM32F3xx_HAL_Driver\stm32f3xx_hal_cortex.o
HAL_NVIC_GetPendingIRQ                            Drivers\STM32F3xx_HAL_Driver\stm32f3xx_hal_cortex.o
HAL_NVIC_GetPriority                              Drivers\STM32F3xx_HAL_Driver\stm32f3xx_hal_cortex.o
HAL_NVIC_GetPriorityGrouping                      Drivers\STM32F3xx_HAL_Driver\stm32f3xx_hal_cortex.o
HAL_NVIC_SetPendingIRQ                            Drivers\STM32F3xx_HAL_Driver\stm32f3xx_hal_cortex.o
HAL_NVIC_SetPriority                              Drivers\STM32F3xx_HAL_Driver\stm32f3xx_hal_cortex.o
                                                  Drivers\BSP\STM32F3xx-Nucleo\stm32f3xx_nucleo.o
                                                  Drivers\STM32F3xx_HAL_Driver\stm32f3xx_hal.o
HAL_NVIC_SetPriorityGrouping                      Drivers\STM32F3xx_HAL_Driver\stm32f3xx_hal_cortex.o
                                                  Drivers\STM32F3xx_HAL_Driver\stm32f3xx_hal.o
HAL_NVIC_SystemReset                              Drivers\STM32F3xx_HAL_Driver\stm32f3xx_hal_cortex.o
HAL_RCCEx_GetPeriphCLKConfig                      Drivers\STM32F3xx_HAL_Driver\stm32f3xx_hal_rcc_ex.o
HAL_RCCEx_PeriphCLKConfig                         Drivers\STM32F3xx_HAL_Driver\stm32f3xx_hal_rcc_ex.o
HAL_RCC_CCSCallback                               Drivers\STM32F3xx_HAL_Driver\stm32f3xx_hal_rcc.o
HAL_RCC_ClockConfig                               Drivers\STM32F3xx_HAL_Driver\stm32f3xx_hal_rcc.o
                                                  Application\User\main.o
HAL_RCC_DeInit                                    Drivers\STM32F3xx_HAL_Driver\stm32f3xx_hal_rcc.o
HAL_RCC_DisableCSS                                Drivers\STM32F3xx_HAL_Driver\stm32f3xx_hal_rcc.o
HAL_RCC_EnableCSS                                 Drivers\STM32F3xx_HAL_Driver\stm32f3xx_hal_rcc.o
HAL_RCC_GetClockConfig                            Drivers\STM32F3xx_HAL_Driver\stm32f3xx_hal_rcc.o
HAL_RCC_GetHCLKFreq                               Drivers\STM32F3xx_HAL_Driver\stm32f3xx_hal_rcc.o
                                                  Drivers\STM32F3xx_HAL_Driver\stm32f3xx_hal.o
HAL_RCC_GetOscConfig                              Drivers\STM32F3xx_HAL_Driver\stm32f3xx_hal_rcc_ex.o
HAL_RCC_GetPCLK1Freq                              Drivers\STM32F3xx_HAL_Driver\stm32f3xx_hal_rcc.o
HAL_RCC_GetPCLK2Freq                              Drivers\STM32F3xx_HAL_Driver\stm32f3xx_hal_rcc.o
HAL_RCC_GetSysClockFreq                           Drivers\STM32F3xx_HAL_Driver\stm32f3xx_hal_rcc_ex.o
HAL_RCC_MCOConfig                                 Drivers\STM32F3xx_HAL_Driver\stm32f3xx_hal_rcc.o
HAL_RCC_NMI_IRQHandler                            Drivers\STM32F3xx_HAL_Driver\stm32f3xx_hal_rcc.o
HAL_RCC_OscConfig                                 Drivers\STM32F3xx_HAL_Driver\stm32f3xx_hal_rcc_ex.o
                                                  Application\User\main.o
HAL_ResumeTick                                    Drivers\STM32F3xx_HAL_Driver\stm32f3xx_hal.o
HAL_SYSTICK_CLKSourceConfig                       Drivers\STM32F3xx_HAL_Driver\stm32f3xx_hal_cortex.o
HAL_SYSTICK_Callback                              Drivers\STM32F3xx_HAL_Driver\stm32f3xx_hal_cortex.o
HAL_SYSTICK_Config                                Drivers\STM32F3xx_HAL_Driver\stm32f3xx_hal_cortex.o
                                                  Drivers\STM32F3xx_HAL_Driver\stm32f3xx_hal.o
HAL_SYSTICK_IRQHandler                            Drivers\STM32F3xx_HAL_Driver\stm32f3xx_hal_cortex.o
HAL_SuspendTick                                   Drivers\STM32F3xx_HAL_Driver\stm32f3xx_hal.o
HASH_CONF                                         ..\..\..\..\..\..\..\Middlewares\ST\STM32_Cryptographic\Lib\libSTM32CryptographicV3.0.0_CM4_GCC_ot.a(crypto.o)
HKDF_SHA512                                       ..\..\..\..\..\..\..\Middlewares\ST\STM32_Cryptographic\Lib\libSTM32CryptographicV3.0.0_CM4_GCC_ot.a(crypto.o)
HMAC_MD5_Append                                   ..\..\..\..\..\..\..\Middlewares\ST\STM32_Cryptographic\Lib\libSTM32CryptographicV3.0.0_CM4_GCC_ot.a(crypto.o)
HMAC_MD5_Finish                                   ..\..\..\..\..\..\..\Middlewares\ST\STM32_Cryptographic\Lib\libSTM32CryptographicV3.0.0_CM4_GCC_ot.a(crypto.o)
HMAC_MD5_Init                                     ..\..\..\..\..\..\..\Middlewares\ST\STM32_Cryptographic\Lib\libSTM32CryptographicV3.0.0_CM4_GCC_ot.a(crypto.o)
HMAC_SHA1_Append                                  ..\..\..\..\..\..\..\Middlewares\ST\STM32_Cryptographic\Lib\libSTM32CryptographicV3.0.0_CM4_GCC_ot.a(crypto.o)
HMAC_SHA1_Finish                                  ..\..\..\..\..\..\..\Middlewares\ST\STM32_Cryptographic\Lib\libSTM32CryptographicV3.0.0_CM4_GCC_ot.a(crypto.o)
HMAC_SHA1_Init                                    ..\..\..\..\..\..\..\Middlewares\ST\STM32_Cryptographic\Lib\libSTM32CryptographicV3.0.0_CM4_GCC_ot.a(crypto.o)
HMAC_SHA224_Append                                ..\..\..\..\..\..\..\Middlewares\ST\STM32_Cryptographic\Lib\libSTM32CryptographicV3.0.0_CM4_GCC_ot.a(crypto.o)
HMAC_SHA224_Finish                                ..\..\..\..\..\..\..\Middlewares\ST\STM32_Cryptographic\Lib\libSTM32CryptographicV3.0.0_CM4_GCC_ot.a(crypto.o)
HMAC_SHA224_Init                                  ..\..\..\..\..\..\..\Middlewares\ST\STM32_Cryptographic\Lib\libSTM32CryptographicV3.0.0_CM4_GCC_ot.a(crypto.o)
HMAC_SHA256_Append                                ..\..\..\..\..\..\..\Middlewares\ST\STM32_Cryptographic\Lib\libSTM32CryptographicV3.0.0_CM4_GCC_ot.a(crypto.o)
HMAC_SHA256_Finish                                ..\..\..\..\..\..\..\Middlewares\ST\STM32_Cryptographic\Lib\libSTM32CryptographicV3.0.0_CM4_GCC_ot.a(crypto.o)
HMAC_SHA256_Init                                  ..\..\..\..\..\..\..\Middlewares\ST\STM32_Cryptographic\Lib\libSTM32CryptographicV3.0.0_CM4_GCC_ot.a(crypto.o)
HMAC_SHA384_Append                                ..\..\..\..\..\..\..\Middlewares\ST\STM32_Cryptographic\Lib\libSTM32CryptographicV3.0.0_CM4_GCC_ot.a(crypto.o)
HMAC_SHA384_Finish                                ..\..\..\..\..\..\..\Middlewares\ST\STM32_Cryptographic\Lib\libSTM32CryptographicV3.0.0_CM4_GCC_ot.a(crypto.o)
HMAC_SHA384_Init                                  ..\..\..\..\..\..\..\Middlewares\ST\STM32_Cryptographic\Lib\libSTM32CryptographicV3.0.0_CM4_GCC_ot.a(crypto.o)
HMAC_SHA512_Append                                ..\..\..\..\..\..\..\Middlewares\ST\STM32_Cryptographic\Lib\libSTM32CryptographicV3.0.0_CM4_GCC_ot.a(crypto.o)
HMAC_SHA512_Finish                                ..\..\..\..\..\..\..\Middlewares\ST\STM32_Cryptographic\Lib\libSTM32CryptographicV3.0.0_CM4_GCC_ot.a(crypto.o)
HMAC_SHA512_Init                                  ..\..\..\..\..\..\..\Middlewares\ST\STM32_Cryptographic\Lib\libSTM32CryptographicV3.0.0_CM4_GCC_ot.a(crypto.o)
HardFault_Handler                                 Application\User\stm32f3xx_it.o
I2C1_ER_IRQHandler                                Application\TrueSTUDIO\startup_stm32f302x8.o
I2C1_EV_IRQHandler                                Application\TrueSTUDIO\startup_stm32f302x8.o
I2C2_ER_IRQHandler                                Application\TrueSTUDIO\startup_stm32f302x8.o
I2C2_EV_IRQHandler                                Application\TrueSTUDIO\startup_stm32f302x8.o
I2C3_ER_IRQHandler                                Application\TrueSTUDIO\startup_stm32f302x8.o
I2C3_EV_IRQHandler                                Application\TrueSTUDIO\startup_stm32f302x8.o
IDE_CONF                                          ..\..\..\..\..\..\..\Middlewares\ST\STM32_Cryptographic\Lib\libSTM32CryptographicV3.0.0_CM4_GCC_ot.a(crypto.o)
IDE_OPTIMIZATION                                  ..\..\..\..\..\..\..\Middlewares\ST\STM32_Cryptographic\Lib\libSTM32CryptographicV3.0.0_CM4_GCC_ot.a(crypto.o)
InitBig                                           ..\..\..\..\..\..\..\Middlewares\ST\STM32_Cryptographic\Lib\libSTM32CryptographicV3.0.0_CM4_GCC_ot.a(crypto.o)
InvSbox                                           ..\..\..\..\..\..\..\Middlewares\ST\STM32_Cryptographic\Lib\libSTM32CryptographicV3.0.0_CM4_GCC_ot.a(crypto.o)
IsZeroBig                                         ..\..\..\..\..\..\..\Middlewares\ST\STM32_Cryptographic\Lib\libSTM32CryptographicV3.0.0_CM4_GCC_ot.a(crypto.o)
K256                                              ..\..\..\..\..\..\..\Middlewares\ST\STM32_Cryptographic\Lib\libSTM32CryptographicV3.0.0_CM4_GCC_ot.a(crypto.o)
LED_PIN                                           Drivers\BSP\STM32F3xx-Nucleo\stm32f3xx_nucleo.o
LED_PORT                                          Drivers\BSP\STM32F3xx-Nucleo\stm32f3xx_nucleo.o
LeftShift                                         ..\..\..\..\..\..\..\Middlewares\ST\STM32_Cryptographic\Lib\libSTM32CryptographicV3.0.0_CM4_GCC_ot.a(crypto.o)
MAC_CONF                                          ..\..\..\..\..\..\..\Middlewares\ST\STM32_Cryptographic\Lib\libSTM32CryptographicV3.0.0_CM4_GCC_ot.a(crypto.o)
MD5_Append                                        ..\..\..\..\..\..\..\Middlewares\ST\STM32_Cryptographic\Lib\libSTM32CryptographicV3.0.0_CM4_GCC_ot.a(crypto.o)
MD5_Finish                                        ..\..\..\..\..\..\..\Middlewares\ST\STM32_Cryptographic\Lib\libSTM32CryptographicV3.0.0_CM4_GCC_ot.a(crypto.o)
MD5_Init                                          ..\..\..\..\..\..\..\Middlewares\ST\STM32_Cryptographic\Lib\libSTM32CryptographicV3.0.0_CM4_GCC_ot.a(crypto.o)
MISALIGNED_CONF                                   ..\..\..\..\..\..\..\Middlewares\ST\STM32_Cryptographic\Lib\libSTM32CryptographicV3.0.0_CM4_GCC_ot.a(crypto.o)
MemManage_Handler                                 Application\User\stm32f3xx_it.o
ModularAddBig                                     ..\..\..\..\..\..\..\Middlewares\ST\STM32_Cryptographic\Lib\libSTM32CryptographicV3.0.0_CM4_GCC_ot.a(crypto.o)
ModularExpSlidWin                                 ..\..\..\..\..\..\..\Middlewares\ST\STM32_Cryptographic\Lib\libSTM32CryptographicV3.0.0_CM4_GCC_ot.a(crypto.o)
ModularFastMul2                                   ..\..\..\..\..\..\..\Middlewares\ST\STM32_Cryptographic\Lib\libSTM32CryptographicV3.0.0_CM4_GCC_ot.a(crypto.o)
ModularInvBig                                     ..\..\..\..\..\..\..\Middlewares\ST\STM32_Cryptographic\Lib\libSTM32CryptographicV3.0.0_CM4_GCC_ot.a(crypto.o)
ModularSubBig                                     ..\..\..\..\..\..\..\Middlewares\ST\STM32_Cryptographic\Lib\libSTM32CryptographicV3.0.0_CM4_GCC_ot.a(crypto.o)
MontyExit                                         ..\..\..\..\..\..\..\Middlewares\ST\STM32_Cryptographic\Lib\libSTM32CryptographicV3.0.0_CM4_GCC_ot.a(crypto.o)
MontyInit                                         ..\..\..\..\..\..\..\Middlewares\ST\STM32_Cryptographic\Lib\libSTM32CryptographicV3.0.0_CM4_GCC_ot.a(crypto.o)
MontyJacProjAddPoints                             ..\..\..\..\..\..\..\Middlewares\ST\STM32_Cryptographic\Lib\libSTM32CryptographicV3.0.0_CM4_GCC_ot.a(crypto.o)
MontyJacProjDoublePoint                           ..\..\..\..\..\..\..\Middlewares\ST\STM32_Cryptographic\Lib\libSTM32CryptographicV3.0.0_CM4_GCC_ot.a(crypto.o)
MontyKillAll                                      ..\..\..\..\..\..\..\Middlewares\ST\STM32_Cryptographic\Lib\libSTM32CryptographicV3.0.0_CM4_GCC_ot.a(crypto.o)
MontyKillR2                                       ..\..\..\..\..\..\..\Middlewares\ST\STM32_Cryptographic\Lib\libSTM32CryptographicV3.0.0_CM4_GCC_ot.a(crypto.o)
MontyMul                                          ..\..\..\..\..\..\..\Middlewares\ST\STM32_Cryptographic\Lib\libSTM32CryptographicV3.0.0_CM4_GCC_ot.a(crypto.o)
MulBigbyUnInt                                     ..\..\..\..\..\..\..\Middlewares\ST\STM32_Cryptographic\Lib\libSTM32CryptographicV3.0.0_CM4_GCC_ot.a(crypto.o)
NAF_Binary_PointMul                               ..\..\..\..\..\..\..\Middlewares\ST\STM32_Cryptographic\Lib\libSTM32CryptographicV3.0.0_CM4_GCC_ot.a(crypto.o)
NMI_Handler                                       Application\User\stm32f3xx_it.o
Normalize                                         ..\..\..\..\..\..\..\Middlewares\ST\STM32_Cryptographic\Lib\libSTM32CryptographicV3.0.0_CM4_GCC_ot.a(crypto.o)
OutputMessage                                     Application\User\main.o
PLLMULFactorTable                                 Drivers\STM32F3xx_HAL_Driver\stm32f3xx_hal_rcc_ex.o
PVD_IRQHandler                                    Application\TrueSTUDIO\startup_stm32f302x8.o
PendSV_Handler                                    Application\User\stm32f3xx_it.o
Plaintext                                         Application\User\main.o
Poly1305_Auth_Append                              ..\..\..\..\..\..\..\Middlewares\ST\STM32_Cryptographic\Lib\libSTM32CryptographicV3.0.0_CM4_GCC_ot.a(crypto.o)
Poly1305_Auth_Finish                              ..\..\..\..\..\..\..\Middlewares\ST\STM32_Cryptographic\Lib\libSTM32CryptographicV3.0.0_CM4_GCC_ot.a(crypto.o)
Poly1305_Auth_Init                                ..\..\..\..\..\..\..\Middlewares\ST\STM32_Cryptographic\Lib\libSTM32CryptographicV3.0.0_CM4_GCC_ot.a(crypto.o)
Poly1305_Core_Finish                              ..\..\..\..\..\..\..\Middlewares\ST\STM32_Cryptographic\Lib\libSTM32CryptographicV3.0.0_CM4_GCC_ot.a(crypto.o)
Poly1305_Core_Update                              ..\..\..\..\..\..\..\Middlewares\ST\STM32_Cryptographic\Lib\libSTM32CryptographicV3.0.0_CM4_GCC_ot.a(crypto.o)
Poly1305_Verify_Append                            ..\..\..\..\..\..\..\Middlewares\ST\STM32_Cryptographic\Lib\libSTM32CryptographicV3.0.0_CM4_GCC_ot.a(crypto.o)
Poly1305_Verify_Finish                            ..\..\..\..\..\..\..\Middlewares\ST\STM32_Cryptographic\Lib\libSTM32CryptographicV3.0.0_CM4_GCC_ot.a(crypto.o)
Poly1305_Verify_Init                              ..\..\..\..\..\..\..\Middlewares\ST\STM32_Cryptographic\Lib\libSTM32CryptographicV3.0.0_CM4_GCC_ot.a(crypto.o)
PredivFactorTable                                 Drivers\STM32F3xx_HAL_Driver\stm32f3xx_hal_rcc_ex.o
RCC_IRQHandler                                    Application\TrueSTUDIO\startup_stm32f302x8.o
RNGfree                                           ..\..\..\..\..\..\..\Middlewares\ST\STM32_Cryptographic\Lib\libSTM32CryptographicV3.0.0_CM4_GCC_ot.a(crypto.o)
RNGgenBytes                                       ..\..\..\..\..\..\..\Middlewares\ST\STM32_Cryptographic\Lib\libSTM32CryptographicV3.0.0_CM4_GCC_ot.a(crypto.o)
RNGgenWords                                       ..\..\..\..\..\..\..\Middlewares\ST\STM32_Cryptographic\Lib\libSTM32CryptographicV3.0.0_CM4_GCC_ot.a(crypto.o)
RNGinit                                           ..\..\..\..\..\..\..\Middlewares\ST\STM32_Cryptographic\Lib\libSTM32CryptographicV3.0.0_CM4_GCC_ot.a(crypto.o)
RNGreseed                                         ..\..\..\..\..\..\..\Middlewares\ST\STM32_Cryptographic\Lib\libSTM32CryptographicV3.0.0_CM4_GCC_ot.a(crypto.o)
RSASP1                                            ..\..\..\..\..\..\..\Middlewares\ST\STM32_Cryptographic\Lib\libSTM32CryptographicV3.0.0_CM4_GCC_ot.a(crypto.o)
RSAVP1                                            ..\..\..\..\..\..\..\Middlewares\ST\STM32_Cryptographic\Lib\libSTM32CryptographicV3.0.0_CM4_GCC_ot.a(crypto.o)
RSA_CONF                                          ..\..\..\..\..\..\..\Middlewares\ST\STM32_Cryptographic\Lib\libSTM32CryptographicV3.0.0_CM4_GCC_ot.a(crypto.o)
RSA_PKCS1v15_Decrypt                              ..\..\..\..\..\..\..\Middlewares\ST\STM32_Cryptographic\Lib\libSTM32CryptographicV3.0.0_CM4_GCC_ot.a(crypto.o)
RSA_PKCS1v15_Encrypt                              ..\..\..\..\..\..\..\Middlewares\ST\STM32_Cryptographic\Lib\libSTM32CryptographicV3.0.0_CM4_GCC_ot.a(crypto.o)
RSA_PKCS1v15_Sign                                 ..\..\..\..\..\..\..\Middlewares\ST\STM32_Cryptographic\Lib\libSTM32CryptographicV3.0.0_CM4_GCC_ot.a(crypto.o)
RSA_PKCS1v15_Verify                               ..\..\..\..\..\..\..\Middlewares\ST\STM32_Cryptographic\Lib\libSTM32CryptographicV3.0.0_CM4_GCC_ot.a(crypto.o)
RTC_Alarm_IRQHandler                              Application\TrueSTUDIO\startup_stm32f302x8.o
RTC_WKUP_IRQHandler                               Application\TrueSTUDIO\startup_stm32f302x8.o
Reset_Handler                                     Application\TrueSTUDIO\startup_stm32f302x8.o
RightShift                                        ..\..\..\..\..\..\..\Middlewares\ST\STM32_Cryptographic\Lib\libSTM32CryptographicV3.0.0_CM4_GCC_ot.a(crypto.o)
SHA1Final                                         ..\..\..\..\..\..\..\Middlewares\ST\STM32_Cryptographic\Lib\libSTM32CryptographicV3.0.0_CM4_GCC_ot.a(crypto.o)
SHA1Init                                          ..\..\..\..\..\..\..\Middlewares\ST\STM32_Cryptographic\Lib\libSTM32CryptographicV3.0.0_CM4_GCC_ot.a(crypto.o)
SHA1Update                                        ..\..\..\..\..\..\..\Middlewares\ST\STM32_Cryptographic\Lib\libSTM32CryptographicV3.0.0_CM4_GCC_ot.a(crypto.o)
SHA1_Append                                       ..\..\..\..\..\..\..\Middlewares\ST\STM32_Cryptographic\Lib\libSTM32CryptographicV3.0.0_CM4_GCC_ot.a(crypto.o)
SHA1_Finish                                       ..\..\..\..\..\..\..\Middlewares\ST\STM32_Cryptographic\Lib\libSTM32CryptographicV3.0.0_CM4_GCC_ot.a(crypto.o)
SHA1_Init                                         ..\..\..\..\..\..\..\Middlewares\ST\STM32_Cryptographic\Lib\libSTM32CryptographicV3.0.0_CM4_GCC_ot.a(crypto.o)
SHA224Final                                       ..\..\..\..\..\..\..\Middlewares\ST\STM32_Cryptographic\Lib\libSTM32CryptographicV3.0.0_CM4_GCC_ot.a(crypto.o)
SHA224Init                                        ..\..\..\..\..\..\..\Middlewares\ST\STM32_Cryptographic\Lib\libSTM32CryptographicV3.0.0_CM4_GCC_ot.a(crypto.o)
SHA224_Append                                     ..\..\..\..\..\..\..\Middlewares\ST\STM32_Cryptographic\Lib\libSTM32CryptographicV3.0.0_CM4_GCC_ot.a(crypto.o)
SHA224_Finish                                     ..\..\..\..\..\..\..\Middlewares\ST\STM32_Cryptographic\Lib\libSTM32CryptographicV3.0.0_CM4_GCC_ot.a(crypto.o)
SHA224_Init                                       ..\..\..\..\..\..\..\Middlewares\ST\STM32_Cryptographic\Lib\libSTM32CryptographicV3.0.0_CM4_GCC_ot.a(crypto.o)
SHA256Final                                       ..\..\..\..\..\..\..\Middlewares\ST\STM32_Cryptographic\Lib\libSTM32CryptographicV3.0.0_CM4_GCC_ot.a(crypto.o)
SHA256Init                                        ..\..\..\..\..\..\..\Middlewares\ST\STM32_Cryptographic\Lib\libSTM32CryptographicV3.0.0_CM4_GCC_ot.a(crypto.o)
SHA256Update                                      ..\..\..\..\..\..\..\Middlewares\ST\STM32_Cryptographic\Lib\libSTM32CryptographicV3.0.0_CM4_GCC_ot.a(crypto.o)
SHA256_Append                                     ..\..\..\..\..\..\..\Middlewares\ST\STM32_Cryptographic\Lib\libSTM32CryptographicV3.0.0_CM4_GCC_ot.a(crypto.o)
SHA256_Finish                                     ..\..\..\..\..\..\..\Middlewares\ST\STM32_Cryptographic\Lib\libSTM32CryptographicV3.0.0_CM4_GCC_ot.a(crypto.o)
SHA256_Init                                       ..\..\..\..\..\..\..\Middlewares\ST\STM32_Cryptographic\Lib\libSTM32CryptographicV3.0.0_CM4_GCC_ot.a(crypto.o)
SHA384Final                                       ..\..\..\..\..\..\..\Middlewares\ST\STM32_Cryptographic\Lib\libSTM32CryptographicV3.0.0_CM4_GCC_ot.a(crypto.o)
SHA384Init                                        ..\..\..\..\..\..\..\Middlewares\ST\STM32_Cryptographic\Lib\libSTM32CryptographicV3.0.0_CM4_GCC_ot.a(crypto.o)
SHA384_Append                                     ..\..\..\..\..\..\..\Middlewares\ST\STM32_Cryptographic\Lib\libSTM32CryptographicV3.0.0_CM4_GCC_ot.a(crypto.o)
SHA384_Finish                                     ..\..\..\..\..\..\..\Middlewares\ST\STM32_Cryptographic\Lib\libSTM32CryptographicV3.0.0_CM4_GCC_ot.a(crypto.o)
SHA384_Init                                       ..\..\..\..\..\..\..\Middlewares\ST\STM32_Cryptographic\Lib\libSTM32CryptographicV3.0.0_CM4_GCC_ot.a(crypto.o)
SHA512Final                                       ..\..\..\..\..\..\..\Middlewares\ST\STM32_Cryptographic\Lib\libSTM32CryptographicV3.0.0_CM4_GCC_ot.a(crypto.o)
SHA512Init                                        ..\..\..\..\..\..\..\Middlewares\ST\STM32_Cryptographic\Lib\libSTM32CryptographicV3.0.0_CM4_GCC_ot.a(crypto.o)
SHA512Update                                      ..\..\..\..\..\..\..\Middlewares\ST\STM32_Cryptographic\Lib\libSTM32CryptographicV3.0.0_CM4_GCC_ot.a(crypto.o)
SHA512_Append                                     ..\..\..\..\..\..\..\Middlewares\ST\STM32_Cryptographic\Lib\libSTM32CryptographicV3.0.0_CM4_GCC_ot.a(crypto.o)
SHA512_Finish                                     ..\..\..\..\..\..\..\Middlewares\ST\STM32_Cryptographic\Lib\libSTM32CryptographicV3.0.0_CM4_GCC_ot.a(crypto.o)
SHA512_Init                                       ..\..\..\..\..\..\..\Middlewares\ST\STM32_Cryptographic\Lib\libSTM32CryptographicV3.0.0_CM4_GCC_ot.a(crypto.o)
SP1                                               ..\..\..\..\..\..\..\Middlewares\ST\STM32_Cryptographic\Lib\libSTM32CryptographicV3.0.0_CM4_GCC_ot.a(crypto.o)
SP2                                               ..\..\..\..\..\..\..\Middlewares\ST\STM32_Cryptographic\Lib\libSTM32CryptographicV3.0.0_CM4_GCC_ot.a(crypto.o)
SP3                                               ..\..\..\..\..\..\..\Middlewares\ST\STM32_Cryptographic\Lib\libSTM32CryptographicV3.0.0_CM4_GCC_ot.a(crypto.o)
SP4                                               ..\..\..\..\..\..\..\Middlewares\ST\STM32_Cryptographic\Lib\libSTM32CryptographicV3.0.0_CM4_GCC_ot.a(crypto.o)
SP5                                               ..\..\..\..\..\..\..\Middlewares\ST\STM32_Cryptographic\Lib\libSTM32CryptographicV3.0.0_CM4_GCC_ot.a(crypto.o)
SP6                                               ..\..\..\..\..\..\..\Middlewares\ST\STM32_Cryptographic\Lib\libSTM32CryptographicV3.0.0_CM4_GCC_ot.a(crypto.o)
SP7                                               ..\..\..\..\..\..\..\Middlewares\ST\STM32_Cryptographic\Lib\libSTM32CryptographicV3.0.0_CM4_GCC_ot.a(crypto.o)
SP8                                               ..\..\..\..\..\..\..\Middlewares\ST\STM32_Cryptographic\Lib\libSTM32CryptographicV3.0.0_CM4_GCC_ot.a(crypto.o)
SPI2_IRQHandler                                   Application\TrueSTUDIO\startup_stm32f302x8.o
SPI3_IRQHandler                                   Application\TrueSTUDIO\startup_stm32f302x8.o
STM32_AES_CMAC_Decrypt                            Application\User\main.o
STM32_AES_CMAC_Encrypt                            Application\User\main.o
STM32_GetCryptoLibrarySettings                    ..\..\..\..\..\..\..\Middlewares\ST\STM32_Cryptographic\Lib\libSTM32CryptographicV3.0.0_CM4_GCC_ot.a(crypto.o)
SVC_Handler                                       Application\User\stm32f3xx_it.o
SYM_KEY_CONF                                      ..\..\..\..\..\..\..\Middlewares\ST\STM32_Cryptographic\Lib\libSTM32CryptographicV3.0.0_CM4_GCC_ot.a(crypto.o)
SYM_KEY_MODES_CONF                                ..\..\..\..\..\..\..\Middlewares\ST\STM32_Cryptographic\Lib\libSTM32CryptographicV3.0.0_CM4_GCC_ot.a(crypto.o)
Sbox                                              ..\..\..\..\..\..\..\Middlewares\ST\STM32_Cryptographic\Lib\libSTM32CryptographicV3.0.0_CM4_GCC_ot.a(crypto.o)
SetZeroBig                                        ..\..\..\..\..\..\..\Middlewares\ST\STM32_Cryptographic\Lib\libSTM32CryptographicV3.0.0_CM4_GCC_ot.a(crypto.o)
SignBig                                           ..\..\..\..\..\..\..\Middlewares\ST\STM32_Cryptographic\Lib\libSTM32CryptographicV3.0.0_CM4_GCC_ot.a(crypto.o)
StAllocBig                                        ..\..\..\..\..\..\..\Middlewares\ST\STM32_Cryptographic\Lib\libSTM32CryptographicV3.0.0_CM4_GCC_ot.a(crypto.o)
StFreeBig                                         ..\..\..\..\..\..\..\Middlewares\ST\STM32_Cryptographic\Lib\libSTM32CryptographicV3.0.0_CM4_GCC_ot.a(crypto.o)
SubBig                                            ..\..\..\..\..\..\..\Middlewares\ST\STM32_Cryptographic\Lib\libSTM32CryptographicV3.0.0_CM4_GCC_ot.a(crypto.o)
Sub_Moduli_Big                                    ..\..\..\..\..\..\..\Middlewares\ST\STM32_Cryptographic\Lib\libSTM32CryptographicV3.0.0_CM4_GCC_ot.a(crypto.o)
SysTick_Handler                                   Application\User\stm32f3xx_it.o
SystemCoreClock                                   Drivers\CMSIS\system_stm32f3xx.o
                                                  Drivers\STM32F3xx_HAL_Driver\stm32f3xx_hal_rcc.o
SystemCoreClockUpdate                             Drivers\CMSIS\system_stm32f3xx.o
SystemInit                                        Drivers\CMSIS\system_stm32f3xx.o
                                                  Application\TrueSTUDIO\startup_stm32f302x8.o
TAMP_STAMP_IRQHandler                             Application\TrueSTUDIO\startup_stm32f302x8.o
TDES_CBC_Decrypt_Append                           ..\..\..\..\..\..\..\Middlewares\ST\STM32_Cryptographic\Lib\libSTM32CryptographicV3.0.0_CM4_GCC_ot.a(crypto.o)
TDES_CBC_Decrypt_Finish                           ..\..\..\..\..\..\..\Middlewares\ST\STM32_Cryptographic\Lib\libSTM32CryptographicV3.0.0_CM4_GCC_ot.a(crypto.o)
TDES_CBC_Decrypt_Init                             ..\..\..\..\..\..\..\Middlewares\ST\STM32_Cryptographic\Lib\libSTM32CryptographicV3.0.0_CM4_GCC_ot.a(crypto.o)
TDES_CBC_Encrypt_Append                           ..\..\..\..\..\..\..\Middlewares\ST\STM32_Cryptographic\Lib\libSTM32CryptographicV3.0.0_CM4_GCC_ot.a(crypto.o)
TDES_CBC_Encrypt_Finish                           ..\..\..\..\..\..\..\Middlewares\ST\STM32_Cryptographic\Lib\libSTM32CryptographicV3.0.0_CM4_GCC_ot.a(crypto.o)
TDES_CBC_Encrypt_Init                             ..\..\..\..\..\..\..\Middlewares\ST\STM32_Cryptographic\Lib\libSTM32CryptographicV3.0.0_CM4_GCC_ot.a(crypto.o)
TDES_ECB_Decrypt_Append                           ..\..\..\..\..\..\..\Middlewares\ST\STM32_Cryptographic\Lib\libSTM32CryptographicV3.0.0_CM4_GCC_ot.a(crypto.o)
TDES_ECB_Decrypt_Finish                           ..\..\..\..\..\..\..\Middlewares\ST\STM32_Cryptographic\Lib\libSTM32CryptographicV3.0.0_CM4_GCC_ot.a(crypto.o)
TDES_ECB_Decrypt_Init                             ..\..\..\..\..\..\..\Middlewares\ST\STM32_Cryptographic\Lib\libSTM32CryptographicV3.0.0_CM4_GCC_ot.a(crypto.o)
TDES_ECB_Encrypt_Append                           ..\..\..\..\..\..\..\Middlewares\ST\STM32_Cryptographic\Lib\libSTM32CryptographicV3.0.0_CM4_GCC_ot.a(crypto.o)
TDES_ECB_Encrypt_Finish                           ..\..\..\..\..\..\..\Middlewares\ST\STM32_Cryptographic\Lib\libSTM32CryptographicV3.0.0_CM4_GCC_ot.a(crypto.o)
TDES_ECB_Encrypt_Init                             ..\..\..\..\..\..\..\Middlewares\ST\STM32_Cryptographic\Lib\libSTM32CryptographicV3.0.0_CM4_GCC_ot.a(crypto.o)
TIM1_BRK_TIM15_IRQHandler                         Application\TrueSTUDIO\startup_stm32f302x8.o
TIM1_CC_IRQHandler                                Application\TrueSTUDIO\startup_stm32f302x8.o
TIM1_TRG_COM_TIM17_IRQHandler                     Application\TrueSTUDIO\startup_stm32f302x8.o
TIM1_UP_TIM16_IRQHandler                          Application\TrueSTUDIO\startup_stm32f302x8.o
TIM2_IRQHandler                                   Application\TrueSTUDIO\startup_stm32f302x8.o
TIM6_DAC_IRQHandler                               Application\TrueSTUDIO\startup_stm32f302x8.o
TYPE_CONF                                         ..\..\..\..\..\..\..\Middlewares\ST\STM32_Cryptographic\Lib\libSTM32CryptographicV3.0.0_CM4_GCC_ot.a(crypto.o)
USART1_IRQHandler                                 Application\TrueSTUDIO\startup_stm32f302x8.o
USART2_IRQHandler                                 Application\TrueSTUDIO\startup_stm32f302x8.o
USART3_IRQHandler                                 Application\TrueSTUDIO\startup_stm32f302x8.o
USBWakeUp_IRQHandler                              Application\TrueSTUDIO\startup_stm32f302x8.o
USBWakeUp_RMP_IRQHandler                          Application\TrueSTUDIO\startup_stm32f302x8.o
USB_HP_CAN_TX_IRQHandler                          Application\TrueSTUDIO\startup_stm32f302x8.o
USB_HP_IRQHandler                                 Application\TrueSTUDIO\startup_stm32f302x8.o
USB_LP_CAN_RX0_IRQHandler                         Application\TrueSTUDIO\startup_stm32f302x8.o
USB_LP_IRQHandler                                 Application\TrueSTUDIO\startup_stm32f302x8.o
UsageFault_Handler                                Application\User\stm32f3xx_it.o
W32_to_W8                                         ..\..\..\..\..\..\..\Middlewares\ST\STM32_Cryptographic\Lib\libSTM32CryptographicV3.0.0_CM4_GCC_ot.a(crypto.o)
W8_to_Big                                         ..\..\..\..\..\..\..\Middlewares\ST\STM32_Cryptographic\Lib\libSTM32CryptographicV3.0.0_CM4_GCC_ot.a(crypto.o)
WWDG_IRQHandler                                   Application\TrueSTUDIO\startup_stm32f302x8.o
__deregister_frame_info                           c:/program files (x86)/atollic/truestudio for arm pro 5.3.0/armtools/bin/../lib/gcc/arm-atollic-eabi/4.8.3/armv7e-m/crtbegin.o
__dso_handle                                      c:/program files (x86)/atollic/truestudio for arm pro 5.3.0/armtools/bin/../lib/gcc/arm-atollic-eabi/4.8.3/armv7e-m/crtbegin.o
__init_array_end                                  c:/program files (x86)/atollic/truestudio for arm pro 5.3.0/armtools/bin/../lib/gcc/arm-atollic-eabi/4.8.3/../../../../arm-atollic-eabi/lib/armv7e-m\libc.a(lib_a-init.o)
__init_array_start                                c:/program files (x86)/atollic/truestudio for arm pro 5.3.0/armtools/bin/../lib/gcc/arm-atollic-eabi/4.8.3/../../../../arm-atollic-eabi/lib/armv7e-m\libc.a(lib_a-init.o)
__libc_init_array                                 c:/program files (x86)/atollic/truestudio for arm pro 5.3.0/armtools/bin/../lib/gcc/arm-atollic-eabi/4.8.3/../../../../arm-atollic-eabi/lib/armv7e-m\libc.a(lib_a-init.o)
                                                  Application\TrueSTUDIO\startup_stm32f302x8.o
__preinit_array_end                               c:/program files (x86)/atollic/truestudio for arm pro 5.3.0/armtools/bin/../lib/gcc/arm-atollic-eabi/4.8.3/../../../../arm-atollic-eabi/lib/armv7e-m\libc.a(lib_a-init.o)
__preinit_array_start                             c:/program files (x86)/atollic/truestudio for arm pro 5.3.0/armtools/bin/../lib/gcc/arm-atollic-eabi/4.8.3/../../../../arm-atollic-eabi/lib/armv7e-m\libc.a(lib_a-init.o)
__register_frame_info                             c:/program files (x86)/atollic/truestudio for arm pro 5.3.0/armtools/bin/../lib/gcc/arm-atollic-eabi/4.8.3/armv7e-m/crtbegin.o
_ebss                                             Application\TrueSTUDIO\startup_stm32f302x8.o
_edata                                            Application\TrueSTUDIO\startup_stm32f302x8.o
_estack                                           Application\TrueSTUDIO\startup_stm32f302x8.o
_fini                                             c:/program files (x86)/atollic/truestudio for arm pro 5.3.0/armtools/bin/../lib/gcc/arm-atollic-eabi/4.8.3/armv7e-m/crti.o
_init                                             c:/program files (x86)/atollic/truestudio for arm pro 5.3.0/armtools/bin/../lib/gcc/arm-atollic-eabi/4.8.3/armv7e-m/crti.o