Archive member included because of file (symbol)

..\..\..\..\..\..\..\Middlewares\ST\STM32_Cryptographic\Lib\libSTM32CryptographicV3.0.0_CM3_GCC_ot.a(crypto.o)
                              Application\User\main.o (RNGinit)
c:/program files (x86)/atollic/truestudio for arm pro 5.3.0/armtools/bin/../lib/gcc/arm-atollic-eabi/4.8.3/../../../../arm-atollic-eabi/lib/armv7-m\libc.a(lib_a-init.o)
                              Application\TrueSTUDIO\startup_stm32l152xe.o (__libc_init_array)
c:/program files (x86)/atollic/truestudio for arm pro 5.3.0/armtools/bin/../lib/gcc/arm-atollic-eabi/4.8.3/../../../../arm-atollic-eabi/lib/armv7-m\libc.a(lib_a-memcpy-stub.o)
                              ..\..\..\..\..\..\..\Middlewares\ST\STM32_Cryptographic\Lib\libSTM32CryptographicV3.0.0_CM3_GCC_ot.a(crypto.o) (memcpy)
c:/program files (x86)/atollic/truestudio for arm pro 5.3.0/armtools/bin/../lib/gcc/arm-atollic-eabi/4.8.3/../../../../arm-atollic-eabi/lib/armv7-m\libc.a(lib_a-memmove.o)
                              ..\..\..\..\..\..\..\Middlewares\ST\STM32_Cryptographic\Lib\libSTM32CryptographicV3.0.0_CM3_GCC_ot.a(crypto.o) (memmove)
c:/program files (x86)/atollic/truestudio for arm pro 5.3.0/armtools/bin/../lib/gcc/arm-atollic-eabi/4.8.3/../../../../arm-atollic-eabi/lib/armv7-m\libc.a(lib_a-memset.o)
                              Drivers\BSP\STM32L1xx_Nucleo\stm32l1xx_nucleo.o (memset)

Allocating common symbols
Common symbol       size              file

public_key          0x20              Application\User\main.o
signature           0x40              Application\User\main.o
public_key2         0x40              Application\User\main.o
private_key         0x40              Application\User\main.o

Discarded input sections

 .text          0x00000000        0x0 c:/program files (x86)/atollic/truestudio for arm pro 5.3.0/armtools/bin/../lib/gcc/arm-atollic-eabi/4.8.3/armv7-m/crti.o
 .data          0x00000000        0x0 c:/program files (x86)/atollic/truestudio for arm pro 5.3.0/armtools/bin/../lib/gcc/arm-atollic-eabi/4.8.3/armv7-m/crti.o
 .bss           0x00000000        0x0 c:/program files (x86)/atollic/truestudio for arm pro 5.3.0/armtools/bin/../lib/gcc/arm-atollic-eabi/4.8.3/armv7-m/crti.o
 .data          0x00000000        0x4 c:/program files (x86)/atollic/truestudio for arm pro 5.3.0/armtools/bin/../lib/gcc/arm-atollic-eabi/4.8.3/armv7-m/crtbegin.o
 .text          0x00000000        0x0 Drivers\STM32L1xx_HAL_Driver\stm32l1xx_hal_spi.o
 .data          0x00000000        0x0 Drivers\STM32L1xx_HAL_Driver\stm32l1xx_hal_spi.o
 .bss           0x00000000        0x0 Drivers\STM32L1xx_HAL_Driver\stm32l1xx_hal_spi.o
 .text.SPI_WaitOnFlagUntilTimeout
                0x00000000       0x92 Drivers\STM32L1xx_HAL_Driver\stm32l1xx_hal_spi.o
 .text.HAL_SPI_Init
                0x00000000        0x4 Drivers\STM32L1xx_HAL_Driver\stm32l1xx_hal_spi.o
 .text.HAL_SPI_MspInit
                0x00000000        0x2 Drivers\STM32L1xx_HAL_Driver\stm32l1xx_hal_spi.o
 .text.HAL_SPI_MspDeInit
                0x00000000        0x2 Drivers\STM32L1xx_HAL_Driver\stm32l1xx_hal_spi.o
 .text.HAL_SPI_DeInit
                0x00000000       0x28 Drivers\STM32L1xx_HAL_Driver\stm32l1xx_hal_spi.o
 .text.HAL_SPI_Transmit
                0x00000000      0x15a Drivers\STM32L1xx_HAL_Driver\stm32l1xx_hal_spi.o
 .text.HAL_SPI_TransmitReceive
                0x00000000      0x2ac Drivers\STM32L1xx_HAL_Driver\stm32l1xx_hal_spi.o
 .text.HAL_SPI_Receive
                0x00000000      0x1de Drivers\STM32L1xx_HAL_Driver\stm32l1xx_hal_spi.o
 .text.HAL_SPI_Transmit_IT
                0x00000000       0xa4 Drivers\STM32L1xx_HAL_Driver\stm32l1xx_hal_spi.o
 .text.HAL_SPI_TransmitReceive_IT
                0x00000000       0xb0 Drivers\STM32L1xx_HAL_Driver\stm32l1xx_hal_spi.o
 .text.HAL_SPI_Receive_IT
                0x00000000       0xb8 Drivers\STM32L1xx_HAL_Driver\stm32l1xx_hal_spi.o
 .text.HAL_SPI_Transmit_DMA
                0x00000000       0xb8 Drivers\STM32L1xx_HAL_Driver\stm32l1xx_hal_spi.o
 .text.HAL_SPI_TransmitReceive_DMA
                0x00000000      0x104 Drivers\STM32L1xx_HAL_Driver\stm32l1xx_hal_spi.o
 .text.HAL_SPI_Receive_DMA
                0x00000000       0xd4 Drivers\STM32L1xx_HAL_Driver\stm32l1xx_hal_spi.o
 .text.HAL_SPI_DMAPause
                0x00000000       0x28 Drivers\STM32L1xx_HAL_Driver\stm32l1xx_hal_spi.o
 .text.HAL_SPI_DMAResume
                0x00000000       0x28 Drivers\STM32L1xx_HAL_Driver\stm32l1xx_hal_spi.o
 .text.HAL_SPI_DMAStop
                0x00000000       0x30 Drivers\STM32L1xx_HAL_Driver\stm32l1xx_hal_spi.o
 .text.HAL_SPI_TxCpltCallback
                0x00000000        0x2 Drivers\STM32L1xx_HAL_Driver\stm32l1xx_hal_spi.o
 .text.HAL_SPI_RxCpltCallback
                0x00000000        0x2 Drivers\STM32L1xx_HAL_Driver\stm32l1xx_hal_spi.o
 .text.HAL_SPI_TxRxCpltCallback
                0x00000000        0x2 Drivers\STM32L1xx_HAL_Driver\stm32l1xx_hal_spi.o
 .text.HAL_SPI_TxHalfCpltCallback
[...]
Memory Configuration

Name             Origin             Length             Attributes
FLASH            0x08000000         0x00080000         xr
RAM              0x20000000         0x00014000         xrw
MEMORY_B1        0x60000000         0x00000000         xr
*default*        0x00000000         0xffffffff

Linker script and memory map

LOAD c:/program files (x86)/atollic/truestudio for arm pro 5.3.0/armtools/bin/../lib/gcc/arm-atollic-eabi/4.8.3/armv7-m/crti.o
LOAD c:/program files (x86)/atollic/truestudio for arm pro 5.3.0/armtools/bin/../lib/gcc/arm-atollic-eabi/4.8.3/armv7-m/crtbegin.o
LOAD Drivers\STM32L1xx_HAL_Driver\stm32l1xx_hal_spi.o
LOAD Drivers\STM32L1xx_HAL_Driver\stm32l1xx_hal_rcc.o
LOAD Drivers\STM32L1xx_HAL_Driver\stm32l1xx_hal_gpio.o
LOAD Drivers\STM32L1xx_HAL_Driver\stm32l1xx_hal_dma.o
LOAD Drivers\STM32L1xx_HAL_Driver\stm32l1xx_hal_crc.o
LOAD Drivers\STM32L1xx_HAL_Driver\stm32l1xx_hal_cortex.o
LOAD Drivers\STM32L1xx_HAL_Driver\stm32l1xx_hal_adc_ex.o
LOAD Drivers\STM32L1xx_HAL_Driver\stm32l1xx_hal_adc.o
LOAD Drivers\STM32L1xx_HAL_Driver\stm32l1xx_hal.o
LOAD Drivers\CMSIS\system_stm32l1xx.o
LOAD Drivers\BSP\STM32L1xx_Nucleo\stm32l1xx_nucleo.o
LOAD Application\User\stm32l1xx_it.o
LOAD Application\User\main.o
LOAD Application\TrueSTUDIO\startup_stm32l152xe.o
LOAD ..\..\..\..\..\..\..\Middlewares\ST\STM32_Cryptographic\Lib\libSTM32CryptographicV3.0.0_CM3_GCC_ot.a
START GROUP
LOAD c:/program files (x86)/atollic/truestudio for arm pro 5.3.0/armtools/bin/../lib/gcc/arm-atollic-eabi/4.8.3/../../../../arm-atollic-eabi/lib/armv7-m\libc.a
LOAD c:/program files (x86)/atollic/truestudio for arm pro 5.3.0/armtools/bin/../lib/gcc/arm-atollic-eabi/4.8.3/../../../../arm-atollic-eabi/lib/armv7-m\libm.a
END GROUP
                0x00001000                malloc_getpagesize_P = 0x1000
START GROUP
LOAD c:/program files (x86)/atollic/truestudio for arm pro 5.3.0/armtools/bin/../lib/gcc/arm-atollic-eabi/4.8.3/armv7-m\libgcc.a
LOAD c:/program files (x86)/atollic/truestudio for arm pro 5.3.0/armtools/bin/../lib/gcc/arm-atollic-eabi/4.8.3/../../../../arm-atollic-eabi/lib/armv7-m\libc.a
END GROUP
LOAD c:/program files (x86)/atollic/truestudio for arm pro 5.3.0/armtools/bin/../lib/gcc/arm-atollic-eabi/4.8.3/armv7-m/crtend.o
LOAD c:/program files (x86)/atollic/truestudio for arm pro 5.3.0/armtools/bin/../lib/gcc/arm-atollic-eabi/4.8.3/armv7-m/crtn.o
                0x20014000                _estack = 0x20014000
                0x00000000                _Min_Heap_Size = 0x0
                0x00000400                _Min_Stack_Size = 0x400

.isr_vector     0x08000000      0x13c
                0x08000000                . = ALIGN (0x4)
 *(.isr_vector)
 .isr_vector    0x08000000      0x13c Application\TrueSTUDIO\startup_stm32l152xe.o
                0x08000000                g_pfnVectors
                0x0800013c                . = ALIGN (0x4)

.text           0x08000140     0x5474
                0x08000140                . = ALIGN (0x4)
 *(.text)
 .text          0x08000140       0x40 c:/program files (x86)/atollic/truestudio for arm pro 5.3.0/armtools/bin/../lib/gcc/arm-atollic-eabi/4.8.3/armv7-m/crtbegin.o
 *(.text*)
 .text.HAL_RCC_OscConfig
                0x08000180      0x77c Drivers\STM32L1xx_HAL_Driver\stm32l1xx_hal_rcc.o
                0x08000180                HAL_RCC_OscConfig
 .text.HAL_RCC_ClockConfig
                0x080008fc      0x358 Drivers\STM32L1xx_HAL_Driver\stm32l1xx_hal_rcc.o
                0x080008fc                HAL_RCC_ClockConfig
 .text.HAL_RCC_GetSysClockFreq
                0x08000c54       0x9c Drivers\STM32L1xx_HAL_Driver\stm32l1xx_hal_rcc.o
                0x08000c54                HAL_RCC_GetSysClockFreq
 .text.HAL_RCC_GetHCLKFreq
                0x08000cf0       0x38 Drivers\STM32L1xx_HAL_Driver\stm32l1xx_hal_rcc.o
                0x08000cf0                HAL_RCC_GetHCLKFreq
 .text.HAL_GPIO_Init
                0x08000d28      0x188 Drivers\STM32L1xx_HAL_Driver\stm32l1xx_hal_gpio.o
                0x08000d28                HAL_GPIO_Init
 .text.HAL_GPIO_WritePin
                0x08000eb0        0x8 Drivers\STM32L1xx_HAL_Driver\stm32l1xx_hal_gpio.o
                0x08000eb0                HAL_GPIO_WritePin
 .text.HAL_GPIO_TogglePin
                0x08000eb8        0x8 Drivers\STM32L1xx_HAL_Driver\stm32l1xx_hal_gpio.o
                0x08000eb8                HAL_GPIO_TogglePin
 .text.HAL_NVIC_SetPriorityGrouping
                0x08000ec0       0x24 Drivers\STM32L1xx_HAL_Driver\stm32l1xx_hal_cortex.o
                0x08000ec0                HAL_NVIC_SetPriorityGrouping
 .text.HAL_NVIC_SetPriority
                0x08000ee4       0x64 Drivers\STM32L1xx_HAL_Driver\stm32l1xx_hal_cortex.o
                0x08000ee4                HAL_NVIC_SetPriority
 .text.HAL_SYSTICK_Config
                0x08000f48       0x2c Drivers\STM32L1xx_HAL_Driver\stm32l1xx_hal_cortex.o
                0x08000f48                HAL_SYSTICK_Config
 .text.HAL_MspInit
                0x08000f74        0x2 Drivers\STM32L1xx_HAL_Driver\stm32l1xx_hal.o
                0x08000f74                HAL_MspInit
 .text.HAL_InitTick
                0x08000f76       0x24 Drivers\STM32L1xx_HAL_Driver\stm32l1xx_hal.o
                0x08000f76                HAL_InitTick
 *fill*         0x08000f9a        0x2 
 .text.HAL_Init
                0x08000f9c       0x2c Drivers\STM32L1xx_HAL_Driver\stm32l1xx_hal.o
                0x08000f9c                HAL_Init
 .text.HAL_IncTick
                0x08000fc8       0x10 Drivers\STM32L1xx_HAL_Driver\stm32l1xx_hal.o
                0x08000fc8                HAL_IncTick
 .text.HAL_GetTick
                0x08000fd8        0xc Drivers\STM32L1xx_HAL_Driver\stm32l1xx_hal.o
                0x08000fd8                HAL_GetTick
 .text.HAL_Delay
                0x08000fe4       0x1a Drivers\STM32L1xx_HAL_Driver\stm32l1xx_hal.o
                0x08000fe4                HAL_Delay
 *fill*         0x08000ffe        0x2 
 .text.SystemInit
                0x08001000       0x48 Drivers\CMSIS\system_stm32l1xx.o
                0x08001000                SystemInit
 .text.NMI_Handler
                0x08001048        0x2 Application\User\stm32l1xx_it.o
                0x08001048                NMI_Handler
 .text.HardFault_Handler
                0x0800104a        0x2 Application\User\stm32l1xx_it.o
                0x0800104a                HardFault_Handler
 .text.MemManage_Handler
                0x0800104c        0x2 Application\User\stm32l1xx_it.o
                0x0800104c                MemManage_Handler
 .text.BusFault_Handler
                0x0800104e        0x2 Application\User\stm32l1xx_it.o
                0x0800104e                BusFault_Handler
 .text.UsageFault_Handler
                0x08001050        0x2 Application\User\stm32l1xx_it.o
                0x08001050                UsageFault_Handler
 .text.SVC_Handler
                0x08001052        0x2 Application\User\stm32l1xx_it.o
                0x08001052                SVC_Handler
 .text.DebugMon_Handler
                0x08001054        0x2 Application\User\stm32l1xx_it.o
                0x08001054                DebugMon_Handler
 .text.PendSV_Handler
                0x08001056        0x2 Application\User\stm32l1xx_it.o
                0x08001056                PendSV_Handler
 .text.SysTick_Handler
                0x08001058        0x4 Application\User\stm32l1xx_it.o
                0x08001058                SysTick_Handler
 .text.Error_Handler
                0x0800105c       0x24 Application\User\main.o
 .text.STM32_ED25519_RandKeyGen
                0x08001080       0x60 Application\User\main.o
                0x08001080                STM32_ED25519_RandKeyGen
 .text.Buffercmp
                0x080010e0       0x20 Application\User\main.o
                0x080010e0                Buffercmp
 .text.startup.main
                0x08001100      0x18c Application\User\main.o
                0x08001100                main
 .text.Reset_Handler
                0x0800128c       0x50 Application\TrueSTUDIO\startup_stm32l152xe.o
                0x0800128c                Reset_Handler
 .text.Default_Handler
                0x080012dc        0x4 Application\TrueSTUDIO\startup_stm32l152xe.o
                0x080012dc                RTC_Alarm_IRQHandler
                0x080012dc                EXTI2_IRQHandler
                0x080012dc                COMP_ACQ_IRQHandler
                0x080012dc                TIM10_IRQHandler
                0x080012dc                USB_HP_IRQHandler
                0x080012dc                TIM6_IRQHandler
                0x080012dc                PVD_IRQHandler
                0x080012dc                EXTI3_IRQHandler
                0x080012dc                EXTI0_IRQHandler
                0x080012dc                I2C2_EV_IRQHandler
                0x080012dc                SPI1_IRQHandler
                0x080012dc                USB_FS_WKUP_IRQHandler
                0x080012dc                DMA2_Channel2_IRQHandler
                0x080012dc                DMA1_Channel4_IRQHandler
                0x080012dc                ADC1_IRQHandler
                0x080012dc                USART3_IRQHandler
                0x080012dc                DMA1_Channel7_IRQHandler
                0x080012dc                LCD_IRQHandler
                0x080012dc                UART5_IRQHandler
                0x080012dc                TIM4_IRQHandler
                0x080012dc                DMA2_Channel1_IRQHandler
                0x080012dc                I2C1_EV_IRQHandler
                0x080012dc                DMA1_Channel6_IRQHandler
                0x080012dc                UART4_IRQHandler
                0x080012dc                DMA2_Channel4_IRQHandler
                0x080012dc                TIM3_IRQHandler
                0x080012dc                RCC_IRQHandler
                0x080012dc                DMA1_Channel1_IRQHandler
                0x080012dc                Default_Handler
                0x080012dc                EXTI15_10_IRQHandler
                0x080012dc                TIM7_IRQHandler
                0x080012dc                TIM5_IRQHandler
                0x080012dc                EXTI9_5_IRQHandler
                0x080012dc                TIM9_IRQHandler
                0x080012dc                TAMPER_STAMP_IRQHandler
                0x080012dc                RTC_WKUP_IRQHandler
                0x080012dc                SPI2_IRQHandler
                0x080012dc                DMA2_Channel5_IRQHandler
                0x080012dc                DMA1_Channel5_IRQHandler
                0x080012dc                USB_LP_IRQHandler
                0x080012dc                EXTI4_IRQHandler
                0x080012dc                DMA1_Channel3_IRQHandler
                0x080012dc                COMP_IRQHandler
                0x080012dc                WWDG_IRQHandler
                0x080012dc                TIM2_IRQHandler
                0x080012dc                DAC_IRQHandler
                0x080012dc                EXTI1_IRQHandler
                0x080012dc                TIM11_IRQHandler
                0x080012dc                USART2_IRQHandler
                0x080012dc                I2C2_ER_IRQHandler
                0x080012dc                DMA1_Channel2_IRQHandler
                0x080012dc                FLASH_IRQHandler
                0x080012dc                USART1_IRQHandler
                0x080012dc                SPI3_IRQHandler
                0x080012dc                I2C1_ER_IRQHandler
                0x080012dc                DMA2_Channel3_IRQHandler
 .text.AES_keyschedule_enc_LL
                0x080012e0      0x1c0 ..\..\..\..\..\..\..\Middlewares\ST\STM32_Cryptographic\Lib\libSTM32CryptographicV3.0.0_CM3_GCC_ot.a(crypto.o)
 .text.SHA512Transform
                0x080014a0      0x648 ..\..\..\..\..\..\..\Middlewares\ST\STM32_Cryptographic\Lib\libSTM32CryptographicV3.0.0_CM3_GCC_ot.a(crypto.o)
 .text.barrett_reduce
                0x08001ae8      0xa60 ..\..\..\..\..\..\..\Middlewares\ST\STM32_Cryptographic\Lib\libSTM32CryptographicV3.0.0_CM3_GCC_ot.a(crypto.o)
 .text.AES_general_SW_enc
                0x08002548      0x318 ..\..\..\..\..\..\..\Middlewares\ST\STM32_Cryptographic\Lib\libSTM32CryptographicV3.0.0_CM3_GCC_ot.a(crypto.o)
                0x08002548                AES_general_SW_enc
 .text.DRBG_AES128_Block_cipher_df.constprop.37
                0x08002860      0x27c ..\..\..\..\..\..\..\Middlewares\ST\STM32_Cryptographic\Lib\libSTM32CryptographicV3.0.0_CM3_GCC_ot.a(crypto.o)
 .text.crl_DRBG_AES128_Generate.part.25.constprop.36
                0x08002adc      0x224 ..\..\..\..\..\..\..\Middlewares\ST\STM32_Cryptographic\Lib\libSTM32CryptographicV3.0.0_CM3_GCC_ot.a(crypto.o)
 .text.crl_DRBG_AES128_Generate.part.25
                0x08002d00      0x340 ..\..\..\..\..\..\..\Middlewares\ST\STM32_Cryptographic\Lib\libSTM32CryptographicV3.0.0_CM3_GCC_ot.a(crypto.o)
 .text.SHA512Update
                0x08003040       0xc8 ..\..\..\..\..\..\..\Middlewares\ST\STM32_Cryptographic\Lib\libSTM32CryptographicV3.0.0_CM3_GCC_ot.a(crypto.o)
                0x08003040                SHA512Update
 .text.SHA512Final
                0x08003108      0x1cc ..\..\..\..\..\..\..\Middlewares\ST\STM32_Cryptographic\Lib\libSTM32CryptographicV3.0.0_CM3_GCC_ot.a(crypto.o)
                0x08003108                SHA512Final
 .text.crl_DRBG_AES128_Instantiate
                0x080032d4      0x12c ..\..\..\..\..\..\..\Middlewares\ST\STM32_Cryptographic\Lib\libSTM32CryptographicV3.0.0_CM3_GCC_ot.a(crypto.o)
                0x080032d4                crl_DRBG_AES128_Instantiate
 .text.RNGinit  0x08003400       0x38 ..\..\..\..\..\..\..\Middlewares\ST\STM32_Cryptographic\Lib\libSTM32CryptographicV3.0.0_CM3_GCC_ot.a(crypto.o)
                0x08003400                RNGinit
 .text.RNGgenBytes
                0x08003438       0xcc ..\..\..\..\..\..\..\Middlewares\ST\STM32_Cryptographic\Lib\libSTM32CryptographicV3.0.0_CM3_GCC_ot.a(crypto.o)
                0x08003438                RNGgenBytes
 .text.sc25519_from32bytes
                0x08003504      0x114 ..\..\..\..\..\..\..\Middlewares\ST\STM32_Cryptographic\Lib\libSTM32CryptographicV3.0.0_CM3_GCC_ot.a(crypto.o)
                0x08003504                sc25519_from32bytes
 .text.sc25519_from64bytes
                0x08003618       0x3c ..\..\..\..\..\..\..\Middlewares\ST\STM32_Cryptographic\Lib\libSTM32CryptographicV3.0.0_CM3_GCC_ot.a(crypto.o)
                0x08003618                sc25519_from64bytes
 .text.sc25519_to32bytes
                0x08003654       0x94 ..\..\..\..\..\..\..\Middlewares\ST\STM32_Cryptographic\Lib\libSTM32CryptographicV3.0.0_CM3_GCC_ot.a(crypto.o)
                0x08003654                sc25519_to32bytes
 .text.sc25519_add
                0x080036e8      0x2f8 ..\..\..\..\..\..\..\Middlewares\ST\STM32_Cryptographic\Lib\libSTM32CryptographicV3.0.0_CM3_GCC_ot.a(crypto.o)
                0x080036e8                sc25519_add
 .text.sc25519_mul
                0x080039e0      0x1c8 ..\..\..\..\..\..\..\Middlewares\ST\STM32_Cryptographic\Lib\libSTM32CryptographicV3.0.0_CM3_GCC_ot.a(crypto.o)
                0x080039e0                sc25519_mul
 .text.fe25519_unpack
                0x08003ba8       0xbc ..\..\..\..\..\..\..\Middlewares\ST\STM32_Cryptographic\Lib\libSTM32CryptographicV3.0.0_CM3_GCC_ot.a(crypto.o)
                0x08003ba8                fe25519_unpack
 .text.fe25519_cmov
                0x08003c64       0x68 ..\..\..\..\..\..\..\Middlewares\ST\STM32_Cryptographic\Lib\libSTM32CryptographicV3.0.0_CM3_GCC_ot.a(crypto.o)
                0x08003c64                fe25519_cmov
 .text.fe25519_setone
                0x08003ccc       0x10 ..\..\..\..\..\..\..\Middlewares\ST\STM32_Cryptographic\Lib\libSTM32CryptographicV3.0.0_CM3_GCC_ot.a(crypto.o)
                0x08003ccc                fe25519_setone
 .text.fe25519_setzero
                0x08003cdc        0x8 ..\..\..\..\..\..\..\Middlewares\ST\STM32_Cryptographic\Lib\libSTM32CryptographicV3.0.0_CM3_GCC_ot.a(crypto.o)
                0x08003cdc                fe25519_setzero
 .text.fe25519_add
                0x08003ce4      0x188 ..\..\..\..\..\..\..\Middlewares\ST\STM32_Cryptographic\Lib\libSTM32CryptographicV3.0.0_CM3_GCC_ot.a(crypto.o)
                0x08003ce4                fe25519_add
 .text.fe25519_sub
                0x08003e6c      0x1a0 ..\..\..\..\..\..\..\Middlewares\ST\STM32_Cryptographic\Lib\libSTM32CryptographicV3.0.0_CM3_GCC_ot.a(crypto.o)
                0x08003e6c                fe25519_sub
 .text.fe25519_neg
                0x0800400c       0x34 ..\..\..\..\..\..\..\Middlewares\ST\STM32_Cryptographic\Lib\libSTM32CryptographicV3.0.0_CM3_GCC_ot.a(crypto.o)
                0x0800400c                fe25519_neg
 .text.fe25519_freeze
                0x08004040      0x160 ..\..\..\..\..\..\..\Middlewares\ST\STM32_Cryptographic\Lib\libSTM32CryptographicV3.0.0_CM3_GCC_ot.a(crypto.o)
                0x08004040                fe25519_freeze
 .text.fe25519_pack
                0x080041a0       0xdc ..\..\..\..\..\..\..\Middlewares\ST\STM32_Cryptographic\Lib\libSTM32CryptographicV3.0.0_CM3_GCC_ot.a(crypto.o)
                0x080041a0                fe25519_pack
 .text.fe25519_iseq_vartime
                0x0800427c       0x7c ..\..\..\..\..\..\..\Middlewares\ST\STM32_Cryptographic\Lib\libSTM32CryptographicV3.0.0_CM3_GCC_ot.a(crypto.o)
                0x0800427c                fe25519_iseq_vartime
 .text.fe25519_getparity
                0x080042f8       0x24 ..\..\..\..\..\..\..\Middlewares\ST\STM32_Cryptographic\Lib\libSTM32CryptographicV3.0.0_CM3_GCC_ot.a(crypto.o)
                0x080042f8                fe25519_getparity
 .text.fe25519_mul
                0x0800431c      0x308 ..\..\..\..\..\..\..\Middlewares\ST\STM32_Cryptographic\Lib\libSTM32CryptographicV3.0.0_CM3_GCC_ot.a(crypto.o)
                0x0800431c                fe25519_mul
 .text.ed25519_double
                0x08004624       0xb4 ..\..\..\..\..\..\..\Middlewares\ST\STM32_Cryptographic\Lib\libSTM32CryptographicV3.0.0_CM3_GCC_ot.a(crypto.o)
 .text.ed25519_add
                0x080046d8       0xe0 ..\..\..\..\..\..\..\Middlewares\ST\STM32_Cryptographic\Lib\libSTM32CryptographicV3.0.0_CM3_GCC_ot.a(crypto.o)
 .text.ge25519_double_scalarmult_vartime
                0x080047b8       0xa8 ..\..\..\..\..\..\..\Middlewares\ST\STM32_Cryptographic\Lib\libSTM32CryptographicV3.0.0_CM3_GCC_ot.a(crypto.o)
                0x080047b8                ge25519_double_scalarmult_vartime
 .text.ge25519_scalarmult_base
                0x08004860      0x144 ..\..\..\..\..\..\..\Middlewares\ST\STM32_Cryptographic\Lib\libSTM32CryptographicV3.0.0_CM3_GCC_ot.a(crypto.o)
                0x08004860                ge25519_scalarmult_base
 .text.fe25519_square
                0x080049a4        0xc ..\..\..\..\..\..\..\Middlewares\ST\STM32_Cryptographic\Lib\libSTM32CryptographicV3.0.0_CM3_GCC_ot.a(crypto.o)
                0x080049a4                fe25519_square
 .text.fe25519_invert
                0x080049b0      0x1cc ..\..\..\..\..\..\..\Middlewares\ST\STM32_Cryptographic\Lib\libSTM32CryptographicV3.0.0_CM3_GCC_ot.a(crypto.o)
                0x080049b0                fe25519_invert
 .text.ge25519_pack
                0x08004b7c       0x40 ..\..\..\..\..\..\..\Middlewares\ST\STM32_Cryptographic\Lib\libSTM32CryptographicV3.0.0_CM3_GCC_ot.a(crypto.o)
                0x08004b7c                ge25519_pack
 .text.fe25519_pow2523
                0x08004bbc      0x144 ..\..\..\..\..\..\..\Middlewares\ST\STM32_Cryptographic\Lib\libSTM32CryptographicV3.0.0_CM3_GCC_ot.a(crypto.o)
                0x08004bbc                fe25519_pow2523
 .text.ge25519_unpackneg_vartime
                0x08004d00      0x120 ..\..\..\..\..\..\..\Middlewares\ST\STM32_Cryptographic\Lib\libSTM32CryptographicV3.0.0_CM3_GCC_ot.a(crypto.o)
                0x08004d00                ge25519_unpackneg_vartime
 .text.ED25519keyGen
                0x08004e20      0x190 ..\..\..\..\..\..\..\Middlewares\ST\STM32_Cryptographic\Lib\libSTM32CryptographicV3.0.0_CM3_GCC_ot.a(crypto.o)
                0x08004e20                ED25519keyGen
 .text.ED25519sign
                0x08004fb0      0x370 ..\..\..\..\..\..\..\Middlewares\ST\STM32_Cryptographic\Lib\libSTM32CryptographicV3.0.0_CM3_GCC_ot.a(crypto.o)
                0x08004fb0                ED25519sign
 .text.ED25519verify
                0x08005320      0x1d8 ..\..\..\..\..\..\..\Middlewares\ST\STM32_Cryptographic\Lib\libSTM32CryptographicV3.0.0_CM3_GCC_ot.a(crypto.o)
                0x08005320                ED25519verify
 .text.__libc_init_array
                0x080054f8       0x4c c:/program files (x86)/atollic/truestudio for arm pro 5.3.0/armtools/bin/../lib/gcc/arm-atollic-eabi/4.8.3/../../../../arm-atollic-eabi/lib/armv7-m\libc.a(lib_a-init.o)
                0x080054f8                __libc_init_array
 .text.memcpy   0x08005544       0x12 c:/program files (x86)/atollic/truestudio for arm pro 5.3.0/armtools/bin/../lib/gcc/arm-atollic-eabi/4.8.3/../../../../arm-atollic-eabi/lib/armv7-m\libc.a(lib_a-memcpy-stub.o)
                0x08005544                memcpy
 .text.memmove  0x08005556       0x36 c:/program files (x86)/atollic/truestudio for arm pro 5.3.0/armtools/bin/../lib/gcc/arm-atollic-eabi/4.8.3/../../../../arm-atollic-eabi/lib/armv7-m\libc.a(lib_a-memmove.o)
                0x08005556                memmove
 .text.memset   0x0800558c       0x10 c:/program files (x86)/atollic/truestudio for arm pro 5.3.0/armtools/bin/../lib/gcc/arm-atollic-eabi/4.8.3/../../../../arm-atollic-eabi/lib/armv7-m\libc.a(lib_a-memset.o)
                0x0800558c                memset
 *(.glue_7)
 .glue_7        0x00000000        0x0 linker stubs
 *(.glue_7t)
 .glue_7t       0x00000000        0x0 linker stubs
 *(.eh_frame)
 .eh_frame      0x0800559c        0x0 c:/program files (x86)/atollic/truestudio for arm pro 5.3.0/armtools/bin/../lib/gcc/arm-atollic-eabi/4.8.3/armv7-m/crtbegin.o
 *(.init)
 .init          0x0800559c        0x4 c:/program files (x86)/atollic/truestudio for arm pro 5.3.0/armtools/bin/../lib/gcc/arm-atollic-eabi/4.8.3/armv7-m/crti.o
                0x0800559c                _init
 .init          0x080055a0        0x8 c:/program files (x86)/atollic/truestudio for arm pro 5.3.0/armtools/bin/../lib/gcc/arm-atollic-eabi/4.8.3/armv7-m/crtn.o
 *(.fini)
 .fini          0x080055a8        0x4 c:/program files (x86)/atollic/truestudio for arm pro 5.3.0/armtools/bin/../lib/gcc/arm-atollic-eabi/4.8.3/armv7-m/crti.o
                0x080055a8                _fini
 .fini          0x080055ac        0x8 c:/program files (x86)/atollic/truestudio for arm pro 5.3.0/armtools/bin/../lib/gcc/arm-atollic-eabi/4.8.3/armv7-m/crtn.o
                0x080055b4                . = ALIGN (0x4)
                0x080055b4                _etext = .

.vfp11_veneer   0x080055b4        0x0
 .vfp11_veneer  0x00000000        0x0 linker stubs

.v4_bx          0x080055b4        0x0
 .v4_bx         0x00000000        0x0 linker stubs

.iplt           0x080055b4        0x0
 .iplt          0x00000000        0x0 c:/program files (x86)/atollic/truestudio for arm pro 5.3.0/armtools/bin/../lib/gcc/arm-atollic-eabi/4.8.3/armv7-m/crtbegin.o

.rodata         0x080055b8      0xc5c
                0x080055b8                . = ALIGN (0x4)
 *(.rodata)
 .rodata        0x080055b8       0x10 Application\User\main.o
 .rodata        0x080055c8      0x2fc ..\..\..\..\..\..\..\Middlewares\ST\STM32_Cryptographic\Lib\libSTM32CryptographicV3.0.0_CM3_GCC_ot.a(crypto.o)
 *(.rodata*)
 .rodata.aPLLMulFactorTable
                0x080058c4        0x9 Drivers\STM32L1xx_HAL_Driver\stm32l1xx_hal_rcc.o
                0x080058c4                aPLLMulFactorTable
 .rodata.aAPBAHBPrescTable
                0x080058cd       0x10 Drivers\STM32L1xx_HAL_Driver\stm32l1xx_hal_rcc.o
                0x080058cd                aAPBAHBPrescTable
 .rodata.aPLLDivisionFactorTable
                0x080058dd        0x4 Drivers\STM32L1xx_HAL_Driver\stm32l1xx_hal_rcc.o
                0x080058dd                aPLLDivisionFactorTable
 .rodata.ed25519_m
                0x080058e1        0x1 Application\User\main.o
                0x080058e1                ed25519_m
 .rodata.ed25519_correct_pk
                0x080058e2       0x20 Application\User\main.o
                0x080058e2                ed25519_correct_pk
 .rodata.ed25519_correct_sign
                0x08005902       0x40 Application\User\main.o
                0x08005902                ed25519_correct_sign
 *fill*         0x08005942        0x2 
 .rodata.rcon   0x08005944       0x28 ..\..\..\..\..\..\..\Middlewares\ST\STM32_Cryptographic\Lib\libSTM32CryptographicV3.0.0_CM3_GCC_ot.a(crypto.o)
                0x08005944                rcon
 .rodata.m      0x0800596c       0x20 ..\..\..\..\..\..\..\Middlewares\ST\STM32_Cryptographic\Lib\libSTM32CryptographicV3.0.0_CM3_GCC_ot.a(crypto.o)
 *fill*         0x0800598c        0x4 
 .rodata.sha512_K
                0x08005990      0x280 ..\..\..\..\..\..\..\Middlewares\ST\STM32_Cryptographic\Lib\libSTM32CryptographicV3.0.0_CM3_GCC_ot.a(crypto.o)
 .rodata.enc_table
                0x08005c10      0x400 ..\..\..\..\..\..\..\Middlewares\ST\STM32_Cryptographic\Lib\libSTM32CryptographicV3.0.0_CM3_GCC_ot.a(crypto.o)
                0x08005c10                enc_table
 .rodata.ge25519_ec2d
                0x08006010       0x20 ..\..\..\..\..\..\..\Middlewares\ST\STM32_Cryptographic\Lib\libSTM32CryptographicV3.0.0_CM3_GCC_ot.a(crypto.o)
 .rodata.ge25519_sqrtm1
                0x08006030       0x20 ..\..\..\..\..\..\..\Middlewares\ST\STM32_Cryptographic\Lib\libSTM32CryptographicV3.0.0_CM3_GCC_ot.a(crypto.o)
 .rodata.mu     0x08006050       0x24 ..\..\..\..\..\..\..\Middlewares\ST\STM32_Cryptographic\Lib\libSTM32CryptographicV3.0.0_CM3_GCC_ot.a(crypto.o)
 .rodata.Sbox   0x08006074      0x100 ..\..\..\..\..\..\..\Middlewares\ST\STM32_Cryptographic\Lib\libSTM32CryptographicV3.0.0_CM3_GCC_ot.a(crypto.o)
                0x08006074                Sbox
 .rodata.ge25519_base
                0x08006174       0x80 ..\..\..\..\..\..\..\Middlewares\ST\STM32_Cryptographic\Lib\libSTM32CryptographicV3.0.0_CM3_GCC_ot.a(crypto.o)
                0x08006174                ge25519_base
 .rodata.ge25519_ecd
                0x080061f4       0x20 ..\..\..\..\..\..\..\Middlewares\ST\STM32_Cryptographic\Lib\libSTM32CryptographicV3.0.0_CM3_GCC_ot.a(crypto.o)
                0x08006214                . = ALIGN (0x4)

.rel.dyn        0x08006214        0x0
 .rel.iplt      0x00000000        0x0 c:/program files (x86)/atollic/truestudio for arm pro 5.3.0/armtools/bin/../lib/gcc/arm-atollic-eabi/4.8.3/armv7-m/crtbegin.o

.ARM.extab
 *(.ARM.extab* .gnu.linkonce.armextab.*)

.ARM            0x08006214        0x0
                0x08006214                __exidx_start = .
 *(.ARM.exidx*)
                0x08006214                __exidx_end = .

.preinit_array  0x08006214        0x0
                0x08006214                PROVIDE (__preinit_array_start, .)
 *(.preinit_array*)
                0x08006214                PROVIDE (__preinit_array_end, .)

.init_array     0x08006214        0x4
                0x08006214                PROVIDE (__init_array_start, .)
 *(SORT(.init_array.*))
 *(.init_array*)
 .init_array    0x08006214        0x4 c:/program files (x86)/atollic/truestudio for arm pro 5.3.0/armtools/bin/../lib/gcc/arm-atollic-eabi/4.8.3/armv7-m/crtbegin.o
                0x08006218                PROVIDE (__init_array_end, .)

.fini_array     0x08006218        0x4
                0x08006218                PROVIDE (__fini_array_start, .)
 *(SORT(.fini_array.*))
 *(.fini_array*)
 .fini_array    0x08006218        0x4 c:/program files (x86)/atollic/truestudio for arm pro 5.3.0/armtools/bin/../lib/gcc/arm-atollic-eabi/4.8.3/armv7-m/crtbegin.o
                0x0800621c                PROVIDE (__fini_array_end, .)
                0x0800621c                _sidata = LOADADDR (.data)

.data           0x20000000       0x44 load address 0x0800621c
                0x20000000                . = ALIGN (0x4)
                0x20000000                _sdata = .
 *(.data)
 *(.data*)
 .data.SystemCoreClock
                0x20000000        0x4 Drivers\CMSIS\system_stm32l1xx.o
                0x20000000                SystemCoreClock
 .data.ed25519_correct_sk
                0x20000004       0x40 Application\User\main.o
                0x20000004                ed25519_correct_sk
                0x20000044                . = ALIGN (0x4)
                0x20000044                _edata = .

.igot.plt       0x20000044        0x0 load address 0x08006260
 .igot.plt      0x00000000        0x0 c:/program files (x86)/atollic/truestudio for arm pro 5.3.0/armtools/bin/../lib/gcc/arm-atollic-eabi/4.8.3/armv7-m/crtbegin.o
                0x20000044                . = ALIGN (0x4)

.bss            0x20000044      0x100 load address 0x08006260
                0x20000044                _sbss = .
                0x20000044                __bss_start__ = _sbss
 *(.bss)
 .bss           0x20000044       0x1c c:/program files (x86)/atollic/truestudio for arm pro 5.3.0/armtools/bin/../lib/gcc/arm-atollic-eabi/4.8.3/armv7-m/crtbegin.o
 *(.bss*)
 .bss.uwTick    0x20000060        0x4 Drivers\STM32L1xx_HAL_Driver\stm32l1xx_hal.o
 *(COMMON)
 COMMON         0x20000064       0xe0 Application\User\main.o
                0x20000064                public_key
                0x20000084                signature
                0x200000c4                public_key2
                0x20000104                private_key
                0x20000144                . = ALIGN (0x4)
                0x20000144                _ebss = .
                0x20000144                __bss_end__ = _ebss

._user_heap_stack
                0x20000144      0x400 load address 0x08006260
                0x20000144                . = ALIGN (0x4)
                0x20000144                PROVIDE (end, .)
                0x20000144                PROVIDE (_end, .)
                0x20000144                . = (. + _Min_Heap_Size)
                0x20000544                . = (. + _Min_Stack_Size)
 *fill*         0x20000144      0x400 
                0x20000544                . = ALIGN (0x4)

.memory_b1_text
 *(.mb1text)
 *(.mb1text*)
 *(.mb1rodata)
 *(.mb1rodata*)

/DISCARD/
 libc.a(*)
 libm.a(*)
 libgcc.a(*)

.ARM.attributes
                0x00000000       0x29
 *(.ARM.attributes)
 .ARM.attributes
                0x00000000       0x1d c:/program files (x86)/atollic/truestudio for arm pro 5.3.0/armtools/bin/../lib/gcc/arm-atollic-eabi/4.8.3/armv7-m/crti.o
 .ARM.attributes
                0x0000001d       0x2d c:/program files (x86)/atollic/truestudio for arm pro 5.3.0/armtools/bin/../lib/gcc/arm-atollic-eabi/4.8.3/armv7-m/crtbegin.o
 .ARM.attributes
                0x0000004a       0x33 Drivers\STM32L1xx_HAL_Driver\stm32l1xx_hal_rcc.o
 .ARM.attributes
                0x0000007d       0x33 Drivers\STM32L1xx_HAL_Driver\stm32l1xx_hal_gpio.o
 .ARM.attributes
                0x000000b0       0x33 Drivers\STM32L1xx_HAL_Driver\stm32l1xx_hal_cortex.o
 .ARM.attributes
                0x000000e3       0x33 Drivers\STM32L1xx_HAL_Driver\stm32l1xx_hal.o
 .ARM.attributes
                0x00000116       0x33 Drivers\CMSIS\system_stm32l1xx.o
 .ARM.attributes
                0x00000149       0x33 Application\User\stm32l1xx_it.o
 .ARM.attributes
                0x0000017c       0x33 Application\User\main.o
 .ARM.attributes
                0x000001af       0x21 Application\TrueSTUDIO\startup_stm32l152xe.o
 .ARM.attributes
                0x000001d0       0x2f ..\..\..\..\..\..\..\Middlewares\ST\STM32_Cryptographic\Lib\libSTM32CryptographicV3.0.0_CM3_GCC_ot.a(crypto.o)
 .ARM.attributes
                0x000001ff       0x2d c:/program files (x86)/atollic/truestudio for arm pro 5.3.0/armtools/bin/../lib/gcc/arm-atollic-eabi/4.8.3/../../../../arm-atollic-eabi/lib/armv7-m\libc.a(lib_a-init.o)
 .ARM.attributes
                0x0000022c       0x2d c:/program files (x86)/atollic/truestudio for arm pro 5.3.0/armtools/bin/../lib/gcc/arm-atollic-eabi/4.8.3/../../../../arm-atollic-eabi/lib/armv7-m\libc.a(lib_a-memcpy-stub.o)
 .ARM.attributes
                0x00000259       0x2d c:/program files (x86)/atollic/truestudio for arm pro 5.3.0/armtools/bin/../lib/gcc/arm-atollic-eabi/4.8.3/../../../../arm-atollic-eabi/lib/armv7-m\libc.a(lib_a-memmove.o)
 .ARM.attributes
                0x00000286       0x2d c:/program files (x86)/atollic/truestudio for arm pro 5.3.0/armtools/bin/../lib/gcc/arm-atollic-eabi/4.8.3/../../../../arm-atollic-eabi/lib/armv7-m\libc.a(lib_a-memset.o)
 .ARM.attributes
                0x000002b3       0x1d c:/program files (x86)/atollic/truestudio for arm pro 5.3.0/armtools/bin/../lib/gcc/arm-atollic-eabi/4.8.3/armv7-m/crtn.o
OUTPUT(STM32L152RE_NUCLEO.elf elf32-littlearm)

.debug_info     0x00000000     0x548d
 .debug_info    0x00000000     0x2843 Drivers\STM32L1xx_HAL_Driver\stm32l1xx_hal_rcc.o
 .debug_info    0x00002843      0x5fb Drivers\STM32L1xx_HAL_Driver\stm32l1xx_hal_gpio.o
 .debug_info    0x00002e3e      0xc2a Drivers\STM32L1xx_HAL_Driver\stm32l1xx_hal_cortex.o
 .debug_info    0x00003a68      0x71f Drivers\STM32L1xx_HAL_Driver\stm32l1xx_hal.o
 .debug_info    0x00004187      0x3fe Drivers\CMSIS\system_stm32l1xx.o
 .debug_info    0x00004585      0x150 Application\User\stm32l1xx_it.o
 .debug_info    0x000046d5      0xce8 Application\User\main.o
 .debug_info    0x000053bd       0xd0 Application\TrueSTUDIO\startup_stm32l152xe.o

.debug_abbrev   0x00000000      0xd7d
 .debug_abbrev  0x00000000      0x2ef Drivers\STM32L1xx_HAL_Driver\stm32l1xx_hal_rcc.o
 .debug_abbrev  0x000002ef      0x1bf Drivers\STM32L1xx_HAL_Driver\stm32l1xx_hal_gpio.o
 .debug_abbrev  0x000004ae      0x29f Drivers\STM32L1xx_HAL_Driver\stm32l1xx_hal_cortex.o
 .debug_abbrev  0x0000074d      0x210 Drivers\STM32L1xx_HAL_Driver\stm32l1xx_hal.o
 .debug_abbrev  0x0000095d      0x101 Drivers\CMSIS\system_stm32l1xx.o
 .debug_abbrev  0x00000a5e       0xa0 Application\User\stm32l1xx_it.o
 .debug_abbrev  0x00000afe      0x26d Application\User\main.o
 .debug_abbrev  0x00000d6b       0x12 Application\TrueSTUDIO\startup_stm32l152xe.o

.debug_loc      0x00000000     0x2104
 .debug_loc     0x00000000     0x167a Drivers\STM32L1xx_HAL_Driver\stm32l1xx_hal_rcc.o
 .debug_loc     0x0000167a      0x3a9 Drivers\STM32L1xx_HAL_Driver\stm32l1xx_hal_gpio.o
 .debug_loc     0x00001a23      0x443 Drivers\STM32L1xx_HAL_Driver\stm32l1xx_hal_cortex.o
 .debug_loc     0x00001e66       0x68 Drivers\STM32L1xx_HAL_Driver\stm32l1xx_hal.o
 .debug_loc     0x00001ece      0x108 Drivers\CMSIS\system_stm32l1xx.o
 .debug_loc     0x00001fd6      0x12e Application\User\main.o

.debug_aranges  0x00000000      0x308
 .debug_aranges
                0x00000000       0x88 Drivers\STM32L1xx_HAL_Driver\stm32l1xx_hal_rcc.o
 .debug_aranges
                0x00000088       0x58 Drivers\STM32L1xx_HAL_Driver\stm32l1xx_hal_gpio.o
 .debug_aranges
                0x000000e0       0x90 Drivers\STM32L1xx_HAL_Driver\stm32l1xx_hal_cortex.o
 .debug_aranges
                0x00000170       0xb0 Drivers\STM32L1xx_HAL_Driver\stm32l1xx_hal.o
 .debug_aranges
                0x00000220       0x28 Drivers\CMSIS\system_stm32l1xx.o
 .debug_aranges
                0x00000248       0x60 Application\User\stm32l1xx_it.o
 .debug_aranges
                0x000002a8       0x38 Application\User\main.o
 .debug_aranges
                0x000002e0       0x28 Application\TrueSTUDIO\startup_stm32l152xe.o

.debug_ranges   0x00000000      0x490
 .debug_ranges  0x00000000      0x210 Drivers\STM32L1xx_HAL_Driver\stm32l1xx_hal_rcc.o
 .debug_ranges  0x00000210       0x48 Drivers\STM32L1xx_HAL_Driver\stm32l1xx_hal_gpio.o
 .debug_ranges  0x00000258       0xe8 Drivers\STM32L1xx_HAL_Driver\stm32l1xx_hal_cortex.o
 .debug_ranges  0x00000340       0xa0 Drivers\STM32L1xx_HAL_Driver\stm32l1xx_hal.o
 .debug_ranges  0x000003e0       0x18 Drivers\CMSIS\system_stm32l1xx.o
 .debug_ranges  0x000003f8       0x50 Application\User\stm32l1xx_it.o
 .debug_ranges  0x00000448       0x28 Application\User\main.o
 .debug_ranges  0x00000470       0x20 Application\TrueSTUDIO\startup_stm32l152xe.o

.debug_line     0x00000000     0x1fec
 .debug_line    0x00000000      0xc81 Drivers\STM32L1xx_HAL_Driver\stm32l1xx_hal_rcc.o
 .debug_line    0x00000c81      0x3b3 Drivers\STM32L1xx_HAL_Driver\stm32l1xx_hal_gpio.o
 .debug_line    0x00001034      0x3a9 Drivers\STM32L1xx_HAL_Driver\stm32l1xx_hal_cortex.o
 .debug_line    0x000013dd      0x3af Drivers\STM32L1xx_HAL_Driver\stm32l1xx_hal.o
 .debug_line    0x0000178c      0x1f7 Drivers\CMSIS\system_stm32l1xx.o
 .debug_line    0x00001983      0x232 Application\User\stm32l1xx_it.o
 .debug_line    0x00001bb5      0x3bf Application\User\main.o
 .debug_line    0x00001f74       0x78 Application\TrueSTUDIO\startup_stm32l152xe.o

.debug_str      0x00000000     0x13b6
 .debug_str     0x00000000      0x6a3 Drivers\STM32L1xx_HAL_Driver\stm32l1xx_hal_rcc.o
                                0x713 (size before relaxing)
 .debug_str     0x000006a3      0x169 Drivers\STM32L1xx_HAL_Driver\stm32l1xx_hal_gpio.o
                                0x48e (size before relaxing)
 .debug_str     0x0000080c      0x69d Drivers\STM32L1xx_HAL_Driver\stm32l1xx_hal_cortex.o
                                0x998 (size before relaxing)
 .debug_str     0x00000ea9      0x19c Drivers\STM32L1xx_HAL_Driver\stm32l1xx_hal.o
                                0x869 (size before relaxing)
 .debug_str     0x00001045       0x6e Drivers\CMSIS\system_stm32l1xx.o
                                0x348 (size before relaxing)
 .debug_str     0x000010b3       0xac Application\User\stm32l1xx_it.o
                                0x290 (size before relaxing)
 .debug_str     0x0000115f      0x257 Application\User\main.o
                                0x74e (size before relaxing)

.comment        0x00000000       0x82
 .comment       0x00000000       0x82 Drivers\STM32L1xx_HAL_Driver\stm32l1xx_hal_rcc.o
                                 0x83 (size before relaxing)
 .comment       0x00000000       0x83 Drivers\STM32L1xx_HAL_Driver\stm32l1xx_hal_gpio.o
 .comment       0x00000000       0x83 Drivers\STM32L1xx_HAL_Driver\stm32l1xx_hal_cortex.o
 .comment       0x00000000       0x83 Drivers\STM32L1xx_HAL_Driver\stm32l1xx_hal.o
 .comment       0x00000000       0x83 Drivers\CMSIS\system_stm32l1xx.o
 .comment       0x00000000       0x83 Application\User\stm32l1xx_it.o
 .comment       0x00000000       0x83 Application\User\main.o
 .comment       0x00000000       0x83 ..\..\..\..\..\..\..\Middlewares\ST\STM32_Cryptographic\Lib\libSTM32CryptographicV3.0.0_CM3_GCC_ot.a(crypto.o)

.debug_frame    0x00000000      0x674
 .debug_frame   0x00000000      0x138 Drivers\STM32L1xx_HAL_Driver\stm32l1xx_hal_rcc.o
 .debug_frame   0x00000138       0xc0 Drivers\STM32L1xx_HAL_Driver\stm32l1xx_hal_gpio.o
 .debug_frame   0x000001f8      0x120 Drivers\STM32L1xx_HAL_Driver\stm32l1xx_hal_cortex.o
 .debug_frame   0x00000318      0x164 Drivers\STM32L1xx_HAL_Driver\stm32l1xx_hal.o
 .debug_frame   0x0000047c       0x38 Drivers\CMSIS\system_stm32l1xx.o
 .debug_frame   0x000004b4       0xa0 Application\User\stm32l1xx_it.o
 .debug_frame   0x00000554       0x80 Application\User\main.o
 .debug_frame   0x000005d4       0x2c c:/program files (x86)/atollic/truestudio for arm pro 5.3.0/armtools/bin/../lib/gcc/arm-atollic-eabi/4.8.3/../../../../arm-atollic-eabi/lib/armv7-m\libc.a(lib_a-init.o)
 .debug_frame   0x00000600       0x28 c:/program files (x86)/atollic/truestudio for arm pro 5.3.0/armtools/bin/../lib/gcc/arm-atollic-eabi/4.8.3/../../../../arm-atollic-eabi/lib/armv7-m\libc.a(lib_a-memcpy-stub.o)
 .debug_frame   0x00000628       0x2c c:/program files (x86)/atollic/truestudio for arm pro 5.3.0/armtools/bin/../lib/gcc/arm-atollic-eabi/4.8.3/../../../../arm-atollic-eabi/lib/armv7-m\libc.a(lib_a-memmove.o)
 .debug_frame   0x00000654       0x20 c:/program files (x86)/atollic/truestudio for arm pro 5.3.0/armtools/bin/../lib/gcc/arm-atollic-eabi/4.8.3/../../../../arm-atollic-eabi/lib/armv7-m\libc.a(lib_a-memset.o)

Cross Reference Table

Symbol                                            File
ADC1_IRQHandler                                   Application\TrueSTUDIO\startup_stm32l152xe.o
ADC_ConversionStop_Disable                        Drivers\STM32L1xx_HAL_Driver\stm32l1xx_hal_adc.o
                                                  Drivers\STM32L1xx_HAL_Driver\stm32l1xx_hal_adc_ex.o
ADC_Enable                                        Drivers\STM32L1xx_HAL_Driver\stm32l1xx_hal_adc.o
                                                  Drivers\STM32L1xx_HAL_Driver\stm32l1xx_hal_adc_ex.o
AES_CBC_Decrypt_Append                            ..\..\..\..\..\..\..\Middlewares\ST\STM32_Cryptographic\Lib\libSTM32CryptographicV3.0.0_CM3_GCC_ot.a(crypto.o)
AES_CBC_Decrypt_Finish                            ..\..\..\..\..\..\..\Middlewares\ST\STM32_Cryptographic\Lib\libSTM32CryptographicV3.0.0_CM3_GCC_ot.a(crypto.o)
AES_CBC_Decrypt_Init                              ..\..\..\..\..\..\..\Middlewares\ST\STM32_Cryptographic\Lib\libSTM32CryptographicV3.0.0_CM3_GCC_ot.a(crypto.o)
AES_CBC_Encrypt_Append                            ..\..\..\..\..\..\..\Middlewares\ST\STM32_Cryptographic\Lib\libSTM32CryptographicV3.0.0_CM3_GCC_ot.a(crypto.o)
AES_CBC_Encrypt_Finish                            ..\..\..\..\..\..\..\Middlewares\ST\STM32_Cryptographic\Lib\libSTM32CryptographicV3.0.0_CM3_GCC_ot.a(crypto.o)
AES_CBC_Encrypt_Init                              ..\..\..\..\..\..\..\Middlewares\ST\STM32_Cryptographic\Lib\libSTM32CryptographicV3.0.0_CM3_GCC_ot.a(crypto.o)
AES_CCM_Decrypt_Append                            ..\..\..\..\..\..\..\Middlewares\ST\STM32_Cryptographic\Lib\libSTM32CryptographicV3.0.0_CM3_GCC_ot.a(crypto.o)
AES_CCM_Decrypt_Finish                            ..\..\..\..\..\..\..\Middlewares\ST\STM32_Cryptographic\Lib\libSTM32CryptographicV3.0.0_CM3_GCC_ot.a(crypto.o)
AES_CCM_Decrypt_Init                              ..\..\..\..\..\..\..\Middlewares\ST\STM32_Cryptographic\Lib\libSTM32CryptographicV3.0.0_CM3_GCC_ot.a(crypto.o)
AES_CCM_Encrypt_Append                            ..\..\..\..\..\..\..\Middlewares\ST\STM32_Cryptographic\Lib\libSTM32CryptographicV3.0.0_CM3_GCC_ot.a(crypto.o)
AES_CCM_Encrypt_Finish                            ..\..\..\..\..\..\..\Middlewares\ST\STM32_Cryptographic\Lib\libSTM32CryptographicV3.0.0_CM3_GCC_ot.a(crypto.o)
AES_CCM_Encrypt_Init                              ..\..\..\..\..\..\..\Middlewares\ST\STM32_Cryptographic\Lib\libSTM32CryptographicV3.0.0_CM3_GCC_ot.a(crypto.o)
AES_CCM_Header_Append                             ..\..\..\..\..\..\..\Middlewares\ST\STM32_Cryptographic\Lib\libSTM32CryptographicV3.0.0_CM3_GCC_ot.a(crypto.o)
AES_CFB_Decrypt_Append                            ..\..\..\..\..\..\..\Middlewares\ST\STM32_Cryptographic\Lib\libSTM32CryptographicV3.0.0_CM3_GCC_ot.a(crypto.o)
AES_CFB_Decrypt_Finish                            ..\..\..\..\..\..\..\Middlewares\ST\STM32_Cryptographic\Lib\libSTM32CryptographicV3.0.0_CM3_GCC_ot.a(crypto.o)
AES_CFB_Decrypt_Init                              ..\..\..\..\..\..\..\Middlewares\ST\STM32_Cryptographic\Lib\libSTM32CryptographicV3.0.0_CM3_GCC_ot.a(crypto.o)
AES_CFB_Encrypt_Append                            ..\..\..\..\..\..\..\Middlewares\ST\STM32_Cryptographic\Lib\libSTM32CryptographicV3.0.0_CM3_GCC_ot.a(crypto.o)
AES_CFB_Encrypt_Finish                            ..\..\..\..\..\..\..\Middlewares\ST\STM32_Cryptographic\Lib\libSTM32CryptographicV3.0.0_CM3_GCC_ot.a(crypto.o)
AES_CFB_Encrypt_Init                              ..\..\..\..\..\..\..\Middlewares\ST\STM32_Cryptographic\Lib\libSTM32CryptographicV3.0.0_CM3_GCC_ot.a(crypto.o)
AES_CMAC_Decrypt_Append                           ..\..\..\..\..\..\..\Middlewares\ST\STM32_Cryptographic\Lib\libSTM32CryptographicV3.0.0_CM3_GCC_ot.a(crypto.o)
AES_CMAC_Decrypt_Finish                           ..\..\..\..\..\..\..\Middlewares\ST\STM32_Cryptographic\Lib\libSTM32CryptographicV3.0.0_CM3_GCC_ot.a(crypto.o)
AES_CMAC_Decrypt_Init                             ..\..\..\..\..\..\..\Middlewares\ST\STM32_Cryptographic\Lib\libSTM32CryptographicV3.0.0_CM3_GCC_ot.a(crypto.o)
AES_CMAC_Encrypt_Append                           ..\..\..\..\..\..\..\Middlewares\ST\STM32_Cryptographic\Lib\libSTM32CryptographicV3.0.0_CM3_GCC_ot.a(crypto.o)
AES_CMAC_Encrypt_Finish                           ..\..\..\..\..\..\..\Middlewares\ST\STM32_Cryptographic\Lib\libSTM32CryptographicV3.0.0_CM3_GCC_ot.a(crypto.o)
AES_CMAC_Encrypt_Init                             ..\..\..\..\..\..\..\Middlewares\ST\STM32_Cryptographic\Lib\libSTM32CryptographicV3.0.0_CM3_GCC_ot.a(crypto.o)
AES_CONF                                          ..\..\..\..\..\..\..\Middlewares\ST\STM32_Cryptographic\Lib\libSTM32CryptographicV3.0.0_CM3_GCC_ot.a(crypto.o)
AES_CTR_Decrypt_Append                            ..\..\..\..\..\..\..\Middlewares\ST\STM32_Cryptographic\Lib\libSTM32CryptographicV3.0.0_CM3_GCC_ot.a(crypto.o)
AES_CTR_Decrypt_Finish                            ..\..\..\..\..\..\..\Middlewares\ST\STM32_Cryptographic\Lib\libSTM32CryptographicV3.0.0_CM3_GCC_ot.a(crypto.o)
AES_CTR_Decrypt_Init                              ..\..\..\..\..\..\..\Middlewares\ST\STM32_Cryptographic\Lib\libSTM32CryptographicV3.0.0_CM3_GCC_ot.a(crypto.o)
AES_CTR_Encrypt_Append                            ..\..\..\..\..\..\..\Middlewares\ST\STM32_Cryptographic\Lib\libSTM32CryptographicV3.0.0_CM3_GCC_ot.a(crypto.o)
AES_CTR_Encrypt_Finish                            ..\..\..\..\..\..\..\Middlewares\ST\STM32_Cryptographic\Lib\libSTM32CryptographicV3.0.0_CM3_GCC_ot.a(crypto.o)
AES_CTR_Encrypt_Init                              ..\..\..\..\..\..\..\Middlewares\ST\STM32_Cryptographic\Lib\libSTM32CryptographicV3.0.0_CM3_GCC_ot.a(crypto.o)
AES_ECB_Decrypt_Append                            ..\..\..\..\..\..\..\Middlewares\ST\STM32_Cryptographic\Lib\libSTM32CryptographicV3.0.0_CM3_GCC_ot.a(crypto.o)
AES_ECB_Decrypt_Finish                            ..\..\..\..\..\..\..\Middlewares\ST\STM32_Cryptographic\Lib\libSTM32CryptographicV3.0.0_CM3_GCC_ot.a(crypto.o)
AES_ECB_Decrypt_Init                              ..\..\..\..\..\..\..\Middlewares\ST\STM32_Cryptographic\Lib\libSTM32CryptographicV3.0.0_CM3_GCC_ot.a(crypto.o)
AES_ECB_Encrypt_Append                            ..\..\..\..\..\..\..\Middlewares\ST\STM32_Cryptographic\Lib\libSTM32CryptographicV3.0.0_CM3_GCC_ot.a(crypto.o)
AES_ECB_Encrypt_Finish                            ..\..\..\..\..\..\..\Middlewares\ST\STM32_Cryptographic\Lib\libSTM32CryptographicV3.0.0_CM3_GCC_ot.a(crypto.o)
AES_ECB_Encrypt_Init                              ..\..\..\..\..\..\..\Middlewares\ST\STM32_Cryptographic\Lib\libSTM32CryptographicV3.0.0_CM3_GCC_ot.a(crypto.o)
AES_GCM_Decrypt_Append                            ..\..\..\..\..\..\..\Middlewares\ST\STM32_Cryptographic\Lib\libSTM32CryptographicV3.0.0_CM3_GCC_ot.a(crypto.o)
AES_GCM_Decrypt_Finish                            ..\..\..\..\..\..\..\Middlewares\ST\STM32_Cryptographic\Lib\libSTM32CryptographicV3.0.0_CM3_GCC_ot.a(crypto.o)
AES_GCM_Decrypt_Init                              ..\..\..\..\..\..\..\Middlewares\ST\STM32_Cryptographic\Lib\libSTM32CryptographicV3.0.0_CM3_GCC_ot.a(crypto.o)
AES_GCM_Encrypt_Append                            ..\..\..\..\..\..\..\Middlewares\ST\STM32_Cryptographic\Lib\libSTM32CryptographicV3.0.0_CM3_GCC_ot.a(crypto.o)
AES_GCM_Encrypt_Finish                            ..\..\..\..\..\..\..\Middlewares\ST\STM32_Cryptographic\Lib\libSTM32CryptographicV3.0.0_CM3_GCC_ot.a(crypto.o)
AES_GCM_Encrypt_Init                              ..\..\..\..\..\..\..\Middlewares\ST\STM32_Cryptographic\Lib\libSTM32CryptographicV3.0.0_CM3_GCC_ot.a(crypto.o)
AES_GCM_Header_Append                             ..\..\..\..\..\..\..\Middlewares\ST\STM32_Cryptographic\Lib\libSTM32CryptographicV3.0.0_CM3_GCC_ot.a(crypto.o)
AES_KeyWrap_Decrypt_Append                        ..\..\..\..\..\..\..\Middlewares\ST\STM32_Cryptographic\Lib\libSTM32CryptographicV3.0.0_CM3_GCC_ot.a(crypto.o)
AES_KeyWrap_Decrypt_Finish                        ..\..\..\..\..\..\..\Middlewares\ST\STM32_Cryptographic\Lib\libSTM32CryptographicV3.0.0_CM3_GCC_ot.a(crypto.o)
AES_KeyWrap_Decrypt_Init                          ..\..\..\..\..\..\..\Middlewares\ST\STM32_Cryptographic\Lib\libSTM32CryptographicV3.0.0_CM3_GCC_ot.a(crypto.o)
AES_KeyWrap_Encrypt_Append                        ..\..\..\..\..\..\..\Middlewares\ST\STM32_Cryptographic\Lib\libSTM32CryptographicV3.0.0_CM3_GCC_ot.a(crypto.o)
AES_KeyWrap_Encrypt_Finish                        ..\..\..\..\..\..\..\Middlewares\ST\STM32_Cryptographic\Lib\libSTM32CryptographicV3.0.0_CM3_GCC_ot.a(crypto.o)
AES_KeyWrap_Encrypt_Init                          ..\..\..\..\..\..\..\Middlewares\ST\STM32_Cryptographic\Lib\libSTM32CryptographicV3.0.0_CM3_GCC_ot.a(crypto.o)
AES_OFB_Decrypt_Append                            ..\..\..\..\..\..\..\Middlewares\ST\STM32_Cryptographic\Lib\libSTM32CryptographicV3.0.0_CM3_GCC_ot.a(crypto.o)
AES_OFB_Decrypt_Finish                            ..\..\..\..\..\..\..\Middlewares\ST\STM32_Cryptographic\Lib\libSTM32CryptographicV3.0.0_CM3_GCC_ot.a(crypto.o)
AES_OFB_Decrypt_Init                              ..\..\..\..\..\..\..\Middlewares\ST\STM32_Cryptographic\Lib\libSTM32CryptographicV3.0.0_CM3_GCC_ot.a(crypto.o)
AES_OFB_Encrypt_Append                            ..\..\..\..\..\..\..\Middlewares\ST\STM32_Cryptographic\Lib\libSTM32CryptographicV3.0.0_CM3_GCC_ot.a(crypto.o)
AES_OFB_Encrypt_Finish                            ..\..\..\..\..\..\..\Middlewares\ST\STM32_Cryptographic\Lib\libSTM32CryptographicV3.0.0_CM3_GCC_ot.a(crypto.o)
AES_OFB_Encrypt_Init                              ..\..\..\..\..\..\..\Middlewares\ST\STM32_Cryptographic\Lib\libSTM32CryptographicV3.0.0_CM3_GCC_ot.a(crypto.o)
AES_XTS_Decrypt_Append                            ..\..\..\..\..\..\..\Middlewares\ST\STM32_Cryptographic\Lib\libSTM32CryptographicV3.0.0_CM3_GCC_ot.a(crypto.o)
AES_XTS_Decrypt_Finish                            ..\..\..\..\..\..\..\Middlewares\ST\STM32_Cryptographic\Lib\libSTM32CryptographicV3.0.0_CM3_GCC_ot.a(crypto.o)
AES_XTS_Decrypt_Init                              ..\..\..\..\..\..\..\Middlewares\ST\STM32_Cryptographic\Lib\libSTM32CryptographicV3.0.0_CM3_GCC_ot.a(crypto.o)
AES_XTS_Encrypt_Append                            ..\..\..\..\..\..\..\Middlewares\ST\STM32_Cryptographic\Lib\libSTM32CryptographicV3.0.0_CM3_GCC_ot.a(crypto.o)
AES_XTS_Encrypt_Finish                            ..\..\..\..\..\..\..\Middlewares\ST\STM32_Cryptographic\Lib\libSTM32CryptographicV3.0.0_CM3_GCC_ot.a(crypto.o)
AES_XTS_Encrypt_Init                              ..\..\..\..\..\..\..\Middlewares\ST\STM32_Cryptographic\Lib\libSTM32CryptographicV3.0.0_CM3_GCC_ot.a(crypto.o)
AES_general_SW_dec                                ..\..\..\..\..\..\..\Middlewares\ST\STM32_Cryptographic\Lib\libSTM32CryptographicV3.0.0_CM3_GCC_ot.a(crypto.o)
AES_general_SW_enc                                ..\..\..\..\..\..\..\Middlewares\ST\STM32_Cryptographic\Lib\libSTM32CryptographicV3.0.0_CM3_GCC_ot.a(crypto.o)
AES_keyschedule_dec                               ..\..\..\..\..\..\..\Middlewares\ST\STM32_Cryptographic\Lib\libSTM32CryptographicV3.0.0_CM3_GCC_ot.a(crypto.o)
AES_keyschedule_enc                               ..\..\..\..\..\..\..\Middlewares\ST\STM32_Cryptographic\Lib\libSTM32CryptographicV3.0.0_CM3_GCC_ot.a(crypto.o)
AHBPrescTable                                     Drivers\CMSIS\system_stm32l1xx.o
ARC4_Decrypt_Append                               ..\..\..\..\..\..\..\Middlewares\ST\STM32_Cryptographic\Lib\libSTM32CryptographicV3.0.0_CM3_GCC_ot.a(crypto.o)
ARC4_Decrypt_Finish                               ..\..\..\..\..\..\..\Middlewares\ST\STM32_Cryptographic\Lib\libSTM32CryptographicV3.0.0_CM3_GCC_ot.a(crypto.o)
ARC4_Decrypt_Init                                 ..\..\..\..\..\..\..\Middlewares\ST\STM32_Cryptographic\Lib\libSTM32CryptographicV3.0.0_CM3_GCC_ot.a(crypto.o)
ARC4_Encrypt_Append                               ..\..\..\..\..\..\..\Middlewares\ST\STM32_Cryptographic\Lib\libSTM32CryptographicV3.0.0_CM3_GCC_ot.a(crypto.o)
ARC4_Encrypt_Finish                               ..\..\..\..\..\..\..\Middlewares\ST\STM32_Cryptographic\Lib\libSTM32CryptographicV3.0.0_CM3_GCC_ot.a(crypto.o)
ARC4_Encrypt_Init                                 ..\..\..\..\..\..\..\Middlewares\ST\STM32_Cryptographic\Lib\libSTM32CryptographicV3.0.0_CM3_GCC_ot.a(crypto.o)
ASYM_KEY_CONF                                     ..\..\..\..\..\..\..\Middlewares\ST\STM32_Cryptographic\Lib\libSTM32CryptographicV3.0.0_CM3_GCC_ot.a(crypto.o)
AddBig                                            ..\..\..\..\..\..\..\Middlewares\ST\STM32_Cryptographic\Lib\libSTM32CryptographicV3.0.0_CM3_GCC_ot.a(crypto.o)
BSP_GetVersion                                    Drivers\BSP\STM32L1xx_Nucleo\stm32l1xx_nucleo.o
BSP_JOY_GetState                                  Drivers\BSP\STM32L1xx_Nucleo\stm32l1xx_nucleo.o
BSP_JOY_Init                                      Drivers\BSP\STM32L1xx_Nucleo\stm32l1xx_nucleo.o
BSP_LED_Init                                      Drivers\BSP\STM32L1xx_Nucleo\stm32l1xx_nucleo.o
BSP_LED_Off                                       Drivers\BSP\STM32L1xx_Nucleo\stm32l1xx_nucleo.o
BSP_LED_On                                        Drivers\BSP\STM32L1xx_Nucleo\stm32l1xx_nucleo.o
BSP_LED_Toggle                                    Drivers\BSP\STM32L1xx_Nucleo\stm32l1xx_nucleo.o
BSP_PB_GetState                                   Drivers\BSP\STM32L1xx_Nucleo\stm32l1xx_nucleo.o
BSP_PB_Init                                       Drivers\BSP\STM32L1xx_Nucleo\stm32l1xx_nucleo.o
BUTTON_IRQn                                       Drivers\BSP\STM32L1xx_Nucleo\stm32l1xx_nucleo.o
BUTTON_PIN                                        Drivers\BSP\STM32L1xx_Nucleo\stm32l1xx_nucleo.o
BUTTON_PORT                                       Drivers\BSP\STM32L1xx_Nucleo\stm32l1xx_nucleo.o
Big_to_W8                                         ..\..\..\..\..\..\..\Middlewares\ST\STM32_Cryptographic\Lib\libSTM32CryptographicV3.0.0_CM3_GCC_ot.a(crypto.o)
Big_to_fixedW8                                    ..\..\..\..\..\..\..\Middlewares\ST\STM32_Cryptographic\Lib\libSTM32CryptographicV3.0.0_CM3_GCC_ot.a(crypto.o)
Binary_DoublePointMul                             ..\..\..\..\..\..\..\Middlewares\ST\STM32_Cryptographic\Lib\libSTM32CryptographicV3.0.0_CM3_GCC_ot.a(crypto.o)
Buffercmp                                         Application\User\main.o
BusFault_Handler                                  Application\User\stm32l1xx_it.o
C25519keyExchange                                 ..\..\..\..\..\..\..\Middlewares\ST\STM32_Cryptographic\Lib\libSTM32CryptographicV3.0.0_CM3_GCC_ot.a(crypto.o)
C25519keyGen                                      ..\..\..\..\..\..\..\Middlewares\ST\STM32_Cryptographic\Lib\libSTM32CryptographicV3.0.0_CM3_GCC_ot.a(crypto.o)
CHACHA_Decrypt_Append                             ..\..\..\..\..\..\..\Middlewares\ST\STM32_Cryptographic\Lib\libSTM32CryptographicV3.0.0_CM3_GCC_ot.a(crypto.o)
CHACHA_Decrypt_Finish                             ..\..\..\..\..\..\..\Middlewares\ST\STM32_Cryptographic\Lib\libSTM32CryptographicV3.0.0_CM3_GCC_ot.a(crypto.o)
CHACHA_Decrypt_Init                               ..\..\..\..\..\..\..\Middlewares\ST\STM32_Cryptographic\Lib\libSTM32CryptographicV3.0.0_CM3_GCC_ot.a(crypto.o)
CHACHA_Encrypt_Append                             ..\..\..\..\..\..\..\Middlewares\ST\STM32_Cryptographic\Lib\libSTM32CryptographicV3.0.0_CM3_GCC_ot.a(crypto.o)
CHACHA_Encrypt_Finish                             ..\..\..\..\..\..\..\Middlewares\ST\STM32_Cryptographic\Lib\libSTM32CryptographicV3.0.0_CM3_GCC_ot.a(crypto.o)
CHACHA_Encrypt_Init                               ..\..\..\..\..\..\..\Middlewares\ST\STM32_Cryptographic\Lib\libSTM32CryptographicV3.0.0_CM3_GCC_ot.a(crypto.o)
COMP_ACQ_IRQHandler                               Application\TrueSTUDIO\startup_stm32l152xe.o
COMP_IRQHandler                                   Application\TrueSTUDIO\startup_stm32l152xe.o
CORTEX_CONF                                       ..\..\..\..\..\..\..\Middlewares\ST\STM32_Cryptographic\Lib\libSTM32CryptographicV3.0.0_CM3_GCC_ot.a(crypto.o)
ChaCha20Poly1305_Decrypt_Append                   ..\..\..\..\..\..\..\Middlewares\ST\STM32_Cryptographic\Lib\libSTM32CryptographicV3.0.0_CM3_GCC_ot.a(crypto.o)
ChaCha20Poly1305_Decrypt_Finish                   ..\..\..\..\..\..\..\Middlewares\ST\STM32_Cryptographic\Lib\libSTM32CryptographicV3.0.0_CM3_GCC_ot.a(crypto.o)
ChaCha20Poly1305_Decrypt_Init                     ..\..\..\..\..\..\..\Middlewares\ST\STM32_Cryptographic\Lib\libSTM32CryptographicV3.0.0_CM3_GCC_ot.a(crypto.o)
ChaCha20Poly1305_Encrypt_Append                   ..\..\..\..\..\..\..\Middlewares\ST\STM32_Cryptographic\Lib\libSTM32CryptographicV3.0.0_CM3_GCC_ot.a(crypto.o)
ChaCha20Poly1305_Encrypt_Finish                   ..\..\..\..\..\..\..\Middlewares\ST\STM32_Cryptographic\Lib\libSTM32CryptographicV3.0.0_CM3_GCC_ot.a(crypto.o)
ChaCha20Poly1305_Encrypt_Init                     ..\..\..\..\..\..\..\Middlewares\ST\STM32_Cryptographic\Lib\libSTM32CryptographicV3.0.0_CM3_GCC_ot.a(crypto.o)
ChaCha20Poly1305_Header_Append                    ..\..\..\..\..\..\..\Middlewares\ST\STM32_Cryptographic\Lib\libSTM32CryptographicV3.0.0_CM3_GCC_ot.a(crypto.o)
CompareBig                                        ..\..\..\..\..\..\..\Middlewares\ST\STM32_Cryptographic\Lib\libSTM32CryptographicV3.0.0_CM3_GCC_ot.a(crypto.o)
CopyBig                                           ..\..\..\..\..\..\..\Middlewares\ST\STM32_Cryptographic\Lib\libSTM32CryptographicV3.0.0_CM3_GCC_ot.a(crypto.o)
CountBits                                         ..\..\..\..\..\..\..\Middlewares\ST\STM32_Cryptographic\Lib\libSTM32CryptographicV3.0.0_CM3_GCC_ot.a(crypto.o)
CountBytes                                        ..\..\..\..\..\..\..\Middlewares\ST\STM32_Cryptographic\Lib\libSTM32CryptographicV3.0.0_CM3_GCC_ot.a(crypto.o)
DAC_IRQHandler                                    Application\TrueSTUDIO\startup_stm32l152xe.o
DES_CBC_Decrypt_Append                            ..\..\..\..\..\..\..\Middlewares\ST\STM32_Cryptographic\Lib\libSTM32CryptographicV3.0.0_CM3_GCC_ot.a(crypto.o)
DES_CBC_Decrypt_Finish                            ..\..\..\..\..\..\..\Middlewares\ST\STM32_Cryptographic\Lib\libSTM32CryptographicV3.0.0_CM3_GCC_ot.a(crypto.o)
DES_CBC_Decrypt_Init                              ..\..\..\..\..\..\..\Middlewares\ST\STM32_Cryptographic\Lib\libSTM32CryptographicV3.0.0_CM3_GCC_ot.a(crypto.o)
DES_CBC_Encrypt_Append                            ..\..\..\..\..\..\..\Middlewares\ST\STM32_Cryptographic\Lib\libSTM32CryptographicV3.0.0_CM3_GCC_ot.a(crypto.o)
DES_CBC_Encrypt_Finish                            ..\..\..\..\..\..\..\Middlewares\ST\STM32_Cryptographic\Lib\libSTM32CryptographicV3.0.0_CM3_GCC_ot.a(crypto.o)
DES_CBC_Encrypt_Init                              ..\..\..\..\..\..\..\Middlewares\ST\STM32_Cryptographic\Lib\libSTM32CryptographicV3.0.0_CM3_GCC_ot.a(crypto.o)
DES_ECB_Decrypt_Append                            ..\..\..\..\..\..\..\Middlewares\ST\STM32_Cryptographic\Lib\libSTM32CryptographicV3.0.0_CM3_GCC_ot.a(crypto.o)
DES_ECB_Decrypt_Finish                            ..\..\..\..\..\..\..\Middlewares\ST\STM32_Cryptographic\Lib\libSTM32CryptographicV3.0.0_CM3_GCC_ot.a(crypto.o)
DES_ECB_Decrypt_Init                              ..\..\..\..\..\..\..\Middlewares\ST\STM32_Cryptographic\Lib\libSTM32CryptographicV3.0.0_CM3_GCC_ot.a(crypto.o)
DES_ECB_Encrypt_Append                            ..\..\..\..\..\..\..\Middlewares\ST\STM32_Cryptographic\Lib\libSTM32CryptographicV3.0.0_CM3_GCC_ot.a(crypto.o)
DES_ECB_Encrypt_Finish                            ..\..\..\..\..\..\..\Middlewares\ST\STM32_Cryptographic\Lib\libSTM32CryptographicV3.0.0_CM3_GCC_ot.a(crypto.o)
DES_ECB_Encrypt_Init                              ..\..\..\..\..\..\..\Middlewares\ST\STM32_Cryptographic\Lib\libSTM32CryptographicV3.0.0_CM3_GCC_ot.a(crypto.o)
DMA1_Channel1_IRQHandler                          Application\TrueSTUDIO\startup_stm32l152xe.o
DMA1_Channel2_IRQHandler                          Application\TrueSTUDIO\startup_stm32l152xe.o
DMA1_Channel3_IRQHandler                          Application\TrueSTUDIO\startup_stm32l152xe.o
DMA1_Channel4_IRQHandler                          Application\TrueSTUDIO\startup_stm32l152xe.o
DMA1_Channel5_IRQHandler                          Application\TrueSTUDIO\startup_stm32l152xe.o
DMA1_Channel6_IRQHandler                          Application\TrueSTUDIO\startup_stm32l152xe.o
DMA1_Channel7_IRQHandler                          Application\TrueSTUDIO\startup_stm32l152xe.o
DMA2_Channel1_IRQHandler                          Application\TrueSTUDIO\startup_stm32l152xe.o
DMA2_Channel2_IRQHandler                          Application\TrueSTUDIO\startup_stm32l152xe.o
DMA2_Channel3_IRQHandler                          Application\TrueSTUDIO\startup_stm32l152xe.o
DMA2_Channel4_IRQHandler                          Application\TrueSTUDIO\startup_stm32l152xe.o
DMA2_Channel5_IRQHandler                          Application\TrueSTUDIO\startup_stm32l152xe.o
DRBG_CONF                                         ..\..\..\..\..\..\..\Middlewares\ST\STM32_Cryptographic\Lib\libSTM32CryptographicV3.0.0_CM3_GCC_ot.a(crypto.o)
DebugMon_Handler                                  Application\User\stm32l1xx_it.o
Default_Handler                                   Application\TrueSTUDIO\startup_stm32l152xe.o
ECCcopyPoint                                      ..\..\..\..\..\..\..\Middlewares\ST\STM32_Cryptographic\Lib\libSTM32CryptographicV3.0.0_CM3_GCC_ot.a(crypto.o)
ECCfreeEC                                         ..\..\..\..\..\..\..\Middlewares\ST\STM32_Cryptographic\Lib\libSTM32CryptographicV3.0.0_CM3_GCC_ot.a(crypto.o)
ECCfreePoint                                      ..\..\..\..\..\..\..\Middlewares\ST\STM32_Cryptographic\Lib\libSTM32CryptographicV3.0.0_CM3_GCC_ot.a(crypto.o)
ECCfreePrivKey                                    ..\..\..\..\..\..\..\Middlewares\ST\STM32_Cryptographic\Lib\libSTM32CryptographicV3.0.0_CM3_GCC_ot.a(crypto.o)
ECCgetPointCoordinate                             ..\..\..\..\..\..\..\Middlewares\ST\STM32_Cryptographic\Lib\libSTM32CryptographicV3.0.0_CM3_GCC_ot.a(crypto.o)
ECCgetPointFlag                                   ..\..\..\..\..\..\..\Middlewares\ST\STM32_Cryptographic\Lib\libSTM32CryptographicV3.0.0_CM3_GCC_ot.a(crypto.o)
ECCgetPrivKeyValue                                ..\..\..\..\..\..\..\Middlewares\ST\STM32_Cryptographic\Lib\libSTM32CryptographicV3.0.0_CM3_GCC_ot.a(crypto.o)
ECCinitEC                                         ..\..\..\..\..\..\..\Middlewares\ST\STM32_Cryptographic\Lib\libSTM32CryptographicV3.0.0_CM3_GCC_ot.a(crypto.o)
ECCinitPoint                                      ..\..\..\..\..\..\..\Middlewares\ST\STM32_Cryptographic\Lib\libSTM32CryptographicV3.0.0_CM3_GCC_ot.a(crypto.o)
ECCinitPrivKey                                    ..\..\..\..\..\..\..\Middlewares\ST\STM32_Cryptographic\Lib\libSTM32CryptographicV3.0.0_CM3_GCC_ot.a(crypto.o)
ECCkeyGen                                         ..\..\..\..\..\..\..\Middlewares\ST\STM32_Cryptographic\Lib\libSTM32CryptographicV3.0.0_CM3_GCC_ot.a(crypto.o)
ECCpoint2Monty                                    ..\..\..\..\..\..\..\Middlewares\ST\STM32_Cryptographic\Lib\libSTM32CryptographicV3.0.0_CM3_GCC_ot.a(crypto.o)
ECCpointFromMonty                                 ..\..\..\..\..\..\..\Middlewares\ST\STM32_Cryptographic\Lib\libSTM32CryptographicV3.0.0_CM3_GCC_ot.a(crypto.o)
ECCscalarMul                                      ..\..\..\..\..\..\..\Middlewares\ST\STM32_Cryptographic\Lib\libSTM32CryptographicV3.0.0_CM3_GCC_ot.a(crypto.o)
ECCsetPointCoordinate                             ..\..\..\..\..\..\..\Middlewares\ST\STM32_Cryptographic\Lib\libSTM32CryptographicV3.0.0_CM3_GCC_ot.a(crypto.o)
ECCsetPointFlag                                   ..\..\..\..\..\..\..\Middlewares\ST\STM32_Cryptographic\Lib\libSTM32CryptographicV3.0.0_CM3_GCC_ot.a(crypto.o)
ECCsetPointGenerator                              ..\..\..\..\..\..\..\Middlewares\ST\STM32_Cryptographic\Lib\libSTM32CryptographicV3.0.0_CM3_GCC_ot.a(crypto.o)
ECCsetPrivKeyValue                                ..\..\..\..\..\..\..\Middlewares\ST\STM32_Cryptographic\Lib\libSTM32CryptographicV3.0.0_CM3_GCC_ot.a(crypto.o)
ECCsymmetricPoint                                 ..\..\..\..\..\..\..\Middlewares\ST\STM32_Cryptographic\Lib\libSTM32CryptographicV3.0.0_CM3_GCC_ot.a(crypto.o)
ECCvalidatePubKey                                 ..\..\..\..\..\..\..\Middlewares\ST\STM32_Cryptographic\Lib\libSTM32CryptographicV3.0.0_CM3_GCC_ot.a(crypto.o)
ECDSAfreeSign                                     ..\..\..\..\..\..\..\Middlewares\ST\STM32_Cryptographic\Lib\libSTM32CryptographicV3.0.0_CM3_GCC_ot.a(crypto.o)
ECDSAgetSignature                                 ..\..\..\..\..\..\..\Middlewares\ST\STM32_Cryptographic\Lib\libSTM32CryptographicV3.0.0_CM3_GCC_ot.a(crypto.o)
ECDSAinitSign                                     ..\..\..\..\..\..\..\Middlewares\ST\STM32_Cryptographic\Lib\libSTM32CryptographicV3.0.0_CM3_GCC_ot.a(crypto.o)
ECDSAsetSignature                                 ..\..\..\..\..\..\..\Middlewares\ST\STM32_Cryptographic\Lib\libSTM32CryptographicV3.0.0_CM3_GCC_ot.a(crypto.o)
ECDSAsign                                         ..\..\..\..\..\..\..\Middlewares\ST\STM32_Cryptographic\Lib\libSTM32CryptographicV3.0.0_CM3_GCC_ot.a(crypto.o)
ECDSAverify                                       ..\..\..\..\..\..\..\Middlewares\ST\STM32_Cryptographic\Lib\libSTM32CryptographicV3.0.0_CM3_GCC_ot.a(crypto.o)
ED25519keyGen                                     ..\..\..\..\..\..\..\Middlewares\ST\STM32_Cryptographic\Lib\libSTM32CryptographicV3.0.0_CM3_GCC_ot.a(crypto.o)
                                                  Application\User\main.o
ED25519sign                                       ..\..\..\..\..\..\..\Middlewares\ST\STM32_Cryptographic\Lib\libSTM32CryptographicV3.0.0_CM3_GCC_ot.a(crypto.o)
                                                  Application\User\main.o
ED25519verify                                     ..\..\..\..\..\..\..\Middlewares\ST\STM32_Cryptographic\Lib\libSTM32CryptographicV3.0.0_CM3_GCC_ot.a(crypto.o)
                                                  Application\User\main.o
ENC_DEC_CONF                                      ..\..\..\..\..\..\..\Middlewares\ST\STM32_Cryptographic\Lib\libSTM32CryptographicV3.0.0_CM3_GCC_ot.a(crypto.o)
ENDIANNESS_CONF                                   ..\..\..\..\..\..\..\Middlewares\ST\STM32_Cryptographic\Lib\libSTM32CryptographicV3.0.0_CM3_GCC_ot.a(crypto.o)
EXTI0_IRQHandler                                  Application\TrueSTUDIO\startup_stm32l152xe.o
EXTI15_10_IRQHandler                              Application\TrueSTUDIO\startup_stm32l152xe.o
EXTI1_IRQHandler                                  Application\TrueSTUDIO\startup_stm32l152xe.o
EXTI2_IRQHandler                                  Application\TrueSTUDIO\startup_stm32l152xe.o
EXTI3_IRQHandler                                  Application\TrueSTUDIO\startup_stm32l152xe.o
EXTI4_IRQHandler                                  Application\TrueSTUDIO\startup_stm32l152xe.o
EXTI9_5_IRQHandler                                Application\TrueSTUDIO\startup_stm32l152xe.o
EvenBig                                           ..\..\..\..\..\..\..\Middlewares\ST\STM32_Cryptographic\Lib\libSTM32CryptographicV3.0.0_CM3_GCC_ot.a(crypto.o)
FLASH_IRQHandler                                  Application\TrueSTUDIO\startup_stm32l152xe.o
FastDiv2                                          ..\..\..\..\..\..\..\Middlewares\ST\STM32_Cryptographic\Lib\libSTM32CryptographicV3.0.0_CM3_GCC_ot.a(crypto.o)
FastDivInnerBase                                  ..\..\..\..\..\..\..\Middlewares\ST\STM32_Cryptographic\Lib\libSTM32CryptographicV3.0.0_CM3_GCC_ot.a(crypto.o)
FastMul2                                          ..\..\..\..\..\..\..\Middlewares\ST\STM32_Cryptographic\Lib\libSTM32CryptographicV3.0.0_CM3_GCC_ot.a(crypto.o)
FastMulInnerBase                                  ..\..\..\..\..\..\..\Middlewares\ST\STM32_Cryptographic\Lib\libSTM32CryptographicV3.0.0_CM3_GCC_ot.a(crypto.o)
GCM_CONF                                          ..\..\..\..\..\..\..\Middlewares\ST\STM32_Cryptographic\Lib\libSTM32CryptographicV3.0.0_CM3_GCC_ot.a(crypto.o)
GPIO_PIN                                          Drivers\BSP\STM32L1xx_Nucleo\stm32l1xx_nucleo.o
GPIO_PORT                                         Drivers\BSP\STM32L1xx_Nucleo\stm32l1xx_nucleo.o
GenRndBN                                          ..\..\..\..\..\..\..\Middlewares\ST\STM32_Cryptographic\Lib\libSTM32CryptographicV3.0.0_CM3_GCC_ot.a(crypto.o)
GenRndBNmodN                                      ..\..\..\..\..\..\..\Middlewares\ST\STM32_Cryptographic\Lib\libSTM32CryptographicV3.0.0_CM3_GCC_ot.a(crypto.o)
GiveBit                                           ..\..\..\..\..\..\..\Middlewares\ST\STM32_Cryptographic\Lib\libSTM32CryptographicV3.0.0_CM3_GCC_ot.a(crypto.o)
HAL_ADCEx_InjectedConfigChannel                   Drivers\STM32L1xx_HAL_Driver\stm32l1xx_hal_adc_ex.o
HAL_ADCEx_InjectedConvCpltCallback                Drivers\STM32L1xx_HAL_Driver\stm32l1xx_hal_adc_ex.o
                                                  Drivers\STM32L1xx_HAL_Driver\stm32l1xx_hal_adc.o
HAL_ADCEx_InjectedGetValue                        Drivers\STM32L1xx_HAL_Driver\stm32l1xx_hal_adc_ex.o
HAL_ADCEx_InjectedPollForConversion               Drivers\STM32L1xx_HAL_Driver\stm32l1xx_hal_adc_ex.o
HAL_ADCEx_InjectedStart                           Drivers\STM32L1xx_HAL_Driver\stm32l1xx_hal_adc_ex.o
HAL_ADCEx_InjectedStart_IT                        Drivers\STM32L1xx_HAL_Driver\stm32l1xx_hal_adc_ex.o
HAL_ADCEx_InjectedStop                            Drivers\STM32L1xx_HAL_Driver\stm32l1xx_hal_adc_ex.o
HAL_ADCEx_InjectedStop_IT                         Drivers\STM32L1xx_HAL_Driver\stm32l1xx_hal_adc_ex.o
HAL_ADC_AnalogWDGConfig                           Drivers\STM32L1xx_HAL_Driver\stm32l1xx_hal_adc.o
HAL_ADC_ConfigChannel                             Drivers\STM32L1xx_HAL_Driver\stm32l1xx_hal_adc.o
                                                  Drivers\BSP\STM32L1xx_Nucleo\stm32l1xx_nucleo.o
HAL_ADC_ConvCpltCallback                          Drivers\STM32L1xx_HAL_Driver\stm32l1xx_hal_adc.o
HAL_ADC_ConvHalfCpltCallback                      Drivers\STM32L1xx_HAL_Driver\stm32l1xx_hal_adc.o
HAL_ADC_DeInit                                    Drivers\STM32L1xx_HAL_Driver\stm32l1xx_hal_adc.o
HAL_ADC_ErrorCallback                             Drivers\STM32L1xx_HAL_Driver\stm32l1xx_hal_adc.o
HAL_ADC_GetError                                  Drivers\STM32L1xx_HAL_Driver\stm32l1xx_hal_adc.o
HAL_ADC_GetState                                  Drivers\STM32L1xx_HAL_Driver\stm32l1xx_hal_adc.o
                                                  Drivers\BSP\STM32L1xx_Nucleo\stm32l1xx_nucleo.o
HAL_ADC_GetValue                                  Drivers\STM32L1xx_HAL_Driver\stm32l1xx_hal_adc.o
                                                  Drivers\BSP\STM32L1xx_Nucleo\stm32l1xx_nucleo.o
HAL_ADC_IRQHandler                                Drivers\STM32L1xx_HAL_Driver\stm32l1xx_hal_adc.o
HAL_ADC_Init                                      Drivers\STM32L1xx_HAL_Driver\stm32l1xx_hal_adc.o
                                                  Drivers\BSP\STM32L1xx_Nucleo\stm32l1xx_nucleo.o
HAL_ADC_LevelOutOfWindowCallback                  Drivers\STM32L1xx_HAL_Driver\stm32l1xx_hal_adc.o
HAL_ADC_MspDeInit                                 Drivers\STM32L1xx_HAL_Driver\stm32l1xx_hal_adc.o
HAL_ADC_MspInit                                   Drivers\STM32L1xx_HAL_Driver\stm32l1xx_hal_adc.o
HAL_ADC_PollForConversion                         Drivers\STM32L1xx_HAL_Driver\stm32l1xx_hal_adc.o
                                                  Drivers\BSP\STM32L1xx_Nucleo\stm32l1xx_nucleo.o
HAL_ADC_PollForEvent                              Drivers\STM32L1xx_HAL_Driver\stm32l1xx_hal_adc.o
HAL_ADC_Start                                     Drivers\STM32L1xx_HAL_Driver\stm32l1xx_hal_adc.o
                                                  Drivers\BSP\STM32L1xx_Nucleo\stm32l1xx_nucleo.o
HAL_ADC_Start_DMA                                 Drivers\STM32L1xx_HAL_Driver\stm32l1xx_hal_adc.o
HAL_ADC_Start_IT                                  Drivers\STM32L1xx_HAL_Driver\stm32l1xx_hal_adc.o
HAL_ADC_Stop                                      Drivers\STM32L1xx_HAL_Driver\stm32l1xx_hal_adc.o
HAL_ADC_Stop_DMA                                  Drivers\STM32L1xx_HAL_Driver\stm32l1xx_hal_adc.o
HAL_ADC_Stop_IT                                   Drivers\STM32L1xx_HAL_Driver\stm32l1xx_hal_adc.o
HAL_CRC_Accumulate                                Drivers\STM32L1xx_HAL_Driver\stm32l1xx_hal_crc.o
HAL_CRC_Calculate                                 Drivers\STM32L1xx_HAL_Driver\stm32l1xx_hal_crc.o
HAL_CRC_DeInit                                    Drivers\STM32L1xx_HAL_Driver\stm32l1xx_hal_crc.o
HAL_CRC_GetState                                  Drivers\STM32L1xx_HAL_Driver\stm32l1xx_hal_crc.o
HAL_CRC_Init                                      Drivers\STM32L1xx_HAL_Driver\stm32l1xx_hal_crc.o
HAL_CRC_MspDeInit                                 Drivers\STM32L1xx_HAL_Driver\stm32l1xx_hal_crc.o
HAL_CRC_MspInit                                   Drivers\STM32L1xx_HAL_Driver\stm32l1xx_hal_crc.o
HAL_DMA_Abort                                     Drivers\STM32L1xx_HAL_Driver\stm32l1xx_hal_dma.o
                                                  Drivers\STM32L1xx_HAL_Driver\stm32l1xx_hal_adc.o
                                                  Drivers\STM32L1xx_HAL_Driver\stm32l1xx_hal_spi.o
HAL_DMA_DeInit                                    Drivers\STM32L1xx_HAL_Driver\stm32l1xx_hal_dma.o
HAL_DMA_GetError                                  Drivers\STM32L1xx_HAL_Driver\stm32l1xx_hal_dma.o
HAL_DMA_GetState                                  Drivers\STM32L1xx_HAL_Driver\stm32l1xx_hal_dma.o
HAL_DMA_IRQHandler                                Drivers\STM32L1xx_HAL_Driver\stm32l1xx_hal_dma.o
HAL_DMA_Init                                      Drivers\STM32L1xx_HAL_Driver\stm32l1xx_hal_dma.o
HAL_DMA_PollForTransfer                           Drivers\STM32L1xx_HAL_Driver\stm32l1xx_hal_dma.o
HAL_DMA_Start                                     Drivers\STM32L1xx_HAL_Driver\stm32l1xx_hal_dma.o
HAL_DMA_Start_IT                                  Drivers\STM32L1xx_HAL_Driver\stm32l1xx_hal_dma.o
                                                  Drivers\STM32L1xx_HAL_Driver\stm32l1xx_hal_adc.o
                                                  Drivers\STM32L1xx_HAL_Driver\stm32l1xx_hal_spi.o
HAL_DeInit                                        Drivers\STM32L1xx_HAL_Driver\stm32l1xx_hal.o
HAL_Delay                                         Drivers\STM32L1xx_HAL_Driver\stm32l1xx_hal.o
                                                  Application\User\main.o
                                                  Drivers\BSP\STM32L1xx_Nucleo\stm32l1xx_nucleo.o
HAL_DisableDBGSleepMode                           Drivers\STM32L1xx_HAL_Driver\stm32l1xx_hal.o
HAL_DisableDBGStandbyMode                         Drivers\STM32L1xx_HAL_Driver\stm32l1xx_hal.o
HAL_DisableDBGStopMode                            Drivers\STM32L1xx_HAL_Driver\stm32l1xx_hal.o
HAL_EnableDBGSleepMode                            Drivers\STM32L1xx_HAL_Driver\stm32l1xx_hal.o
HAL_EnableDBGStandbyMode                          Drivers\STM32L1xx_HAL_Driver\stm32l1xx_hal.o
HAL_EnableDBGStopMode                             Drivers\STM32L1xx_HAL_Driver\stm32l1xx_hal.o
HAL_GPIO_DeInit                                   Drivers\STM32L1xx_HAL_Driver\stm32l1xx_hal_gpio.o
HAL_GPIO_EXTI_Callback                            Drivers\STM32L1xx_HAL_Driver\stm32l1xx_hal_gpio.o
HAL_GPIO_EXTI_IRQHandler                          Drivers\STM32L1xx_HAL_Driver\stm32l1xx_hal_gpio.o
HAL_GPIO_Init                                     Drivers\STM32L1xx_HAL_Driver\stm32l1xx_hal_gpio.o
                                                  Application\User\main.o
                                                  Drivers\BSP\STM32L1xx_Nucleo\stm32l1xx_nucleo.o
                                                  Drivers\STM32L1xx_HAL_Driver\stm32l1xx_hal_rcc.o
HAL_GPIO_LockPin                                  Drivers\STM32L1xx_HAL_Driver\stm32l1xx_hal_gpio.o
HAL_GPIO_ReadPin                                  Drivers\STM32L1xx_HAL_Driver\stm32l1xx_hal_gpio.o
                                                  Drivers\BSP\STM32L1xx_Nucleo\stm32l1xx_nucleo.o
HAL_GPIO_TogglePin                                Drivers\STM32L1xx_HAL_Driver\stm32l1xx_hal_gpio.o
                                                  Application\User\main.o
                                                  Drivers\BSP\STM32L1xx_Nucleo\stm32l1xx_nucleo.o
HAL_GPIO_WritePin                                 Drivers\STM32L1xx_HAL_Driver\stm32l1xx_hal_gpio.o
                                                  Application\User\main.o
                                                  Drivers\BSP\STM32L1xx_Nucleo\stm32l1xx_nucleo.o
HAL_GetDEVID                                      Drivers\STM32L1xx_HAL_Driver\stm32l1xx_hal.o
HAL_GetHalVersion                                 Drivers\STM32L1xx_HAL_Driver\stm32l1xx_hal.o
HAL_GetREVID                                      Drivers\STM32L1xx_HAL_Driver\stm32l1xx_hal.o
HAL_GetTick                                       Drivers\STM32L1xx_HAL_Driver\stm32l1xx_hal.o
                                                  Drivers\STM32L1xx_HAL_Driver\stm32l1xx_hal_adc.o
                                                  Drivers\STM32L1xx_HAL_Driver\stm32l1xx_hal_adc_ex.o
                                                  Drivers\STM32L1xx_HAL_Driver\stm32l1xx_hal_dma.o
                                                  Drivers\STM32L1xx_HAL_Driver\stm32l1xx_hal_rcc.o
                                                  Drivers\STM32L1xx_HAL_Driver\stm32l1xx_hal_spi.o
HAL_IncTick                                       Drivers\STM32L1xx_HAL_Driver\stm32l1xx_hal.o
                                                  Application\User\stm32l1xx_it.o
HAL_Init                                          Drivers\STM32L1xx_HAL_Driver\stm32l1xx_hal.o
                                                  Application\User\main.o
HAL_InitTick                                      Drivers\STM32L1xx_HAL_Driver\stm32l1xx_hal.o
                                                  Drivers\STM32L1xx_HAL_Driver\stm32l1xx_hal_rcc.o
HAL_MspDeInit                                     Drivers\STM32L1xx_HAL_Driver\stm32l1xx_hal.o
HAL_MspInit                                       Drivers\STM32L1xx_HAL_Driver\stm32l1xx_hal.o
HAL_NVIC_ClearPendingIRQ                          Drivers\STM32L1xx_HAL_Driver\stm32l1xx_hal_cortex.o
HAL_NVIC_DisableIRQ                               Drivers\STM32L1xx_HAL_Driver\stm32l1xx_hal_cortex.o
HAL_NVIC_EnableIRQ                                Drivers\STM32L1xx_HAL_Driver\stm32l1xx_hal_cortex.o
                                                  Drivers\BSP\STM32L1xx_Nucleo\stm32l1xx_nucleo.o
HAL_NVIC_GetActive                                Drivers\STM32L1xx_HAL_Driver\stm32l1xx_hal_cortex.o
HAL_NVIC_GetPendingIRQ                            Drivers\STM32L1xx_HAL_Driver\stm32l1xx_hal_cortex.o
HAL_NVIC_GetPriority                              Drivers\STM32L1xx_HAL_Driver\stm32l1xx_hal_cortex.o
HAL_NVIC_GetPriorityGrouping                      Drivers\STM32L1xx_HAL_Driver\stm32l1xx_hal_cortex.o
HAL_NVIC_SetPendingIRQ                            Drivers\STM32L1xx_HAL_Driver\stm32l1xx_hal_cortex.o
HAL_NVIC_SetPriority                              Drivers\STM32L1xx_HAL_Driver\stm32l1xx_hal_cortex.o
                                                  Drivers\BSP\STM32L1xx_Nucleo\stm32l1xx_nucleo.o
                                                  Drivers\STM32L1xx_HAL_Driver\stm32l1xx_hal.o
HAL_NVIC_SetPriorityGrouping                      Drivers\STM32L1xx_HAL_Driver\stm32l1xx_hal_cortex.o
                                                  Drivers\STM32L1xx_HAL_Driver\stm32l1xx_hal.o
HAL_NVIC_SystemReset                              Drivers\STM32L1xx_HAL_Driver\stm32l1xx_hal_cortex.o
HAL_RCC_CCSCallback                               Drivers\STM32L1xx_HAL_Driver\stm32l1xx_hal_rcc.o
HAL_RCC_ClockConfig                               Drivers\STM32L1xx_HAL_Driver\stm32l1xx_hal_rcc.o
                                                  Application\User\main.o
HAL_RCC_DeInit                                    Drivers\STM32L1xx_HAL_Driver\stm32l1xx_hal_rcc.o
HAL_RCC_DisableCSS                                Drivers\STM32L1xx_HAL_Driver\stm32l1xx_hal_rcc.o
HAL_RCC_EnableCSS                                 Drivers\STM32L1xx_HAL_Driver\stm32l1xx_hal_rcc.o
HAL_RCC_GetClockConfig                            Drivers\STM32L1xx_HAL_Driver\stm32l1xx_hal_rcc.o
HAL_RCC_GetHCLKFreq                               Drivers\STM32L1xx_HAL_Driver\stm32l1xx_hal_rcc.o
                                                  Drivers\STM32L1xx_HAL_Driver\stm32l1xx_hal.o
HAL_RCC_GetOscConfig                              Drivers\STM32L1xx_HAL_Driver\stm32l1xx_hal_rcc.o
HAL_RCC_GetPCLK1Freq                              Drivers\STM32L1xx_HAL_Driver\stm32l1xx_hal_rcc.o
HAL_RCC_GetPCLK2Freq                              Drivers\STM32L1xx_HAL_Driver\stm32l1xx_hal_rcc.o
HAL_RCC_GetSysClockFreq                           Drivers\STM32L1xx_HAL_Driver\stm32l1xx_hal_rcc.o
HAL_RCC_MCOConfig                                 Drivers\STM32L1xx_HAL_Driver\stm32l1xx_hal_rcc.o
HAL_RCC_NMI_IRQHandler                            Drivers\STM32L1xx_HAL_Driver\stm32l1xx_hal_rcc.o
HAL_RCC_OscConfig                                 Drivers\STM32L1xx_HAL_Driver\stm32l1xx_hal_rcc.o
                                                  Application\User\main.o
HAL_ResumeTick                                    Drivers\STM32L1xx_HAL_Driver\stm32l1xx_hal.o
HAL_SPI_DMAPause                                  Drivers\STM32L1xx_HAL_Driver\stm32l1xx_hal_spi.o
HAL_SPI_DMAResume                                 Drivers\STM32L1xx_HAL_Driver\stm32l1xx_hal_spi.o
HAL_SPI_DMAStop                                   Drivers\STM32L1xx_HAL_Driver\stm32l1xx_hal_spi.o
HAL_SPI_DeInit                                    Drivers\STM32L1xx_HAL_Driver\stm32l1xx_hal_spi.o
                                                  Drivers\BSP\STM32L1xx_Nucleo\stm32l1xx_nucleo.o
HAL_SPI_ErrorCallback                             Drivers\STM32L1xx_HAL_Driver\stm32l1xx_hal_spi.o
HAL_SPI_GetError                                  Drivers\STM32L1xx_HAL_Driver\stm32l1xx_hal_spi.o
HAL_SPI_GetState                                  Drivers\STM32L1xx_HAL_Driver\stm32l1xx_hal_spi.o
                                                  Drivers\BSP\STM32L1xx_Nucleo\stm32l1xx_nucleo.o
HAL_SPI_IRQHandler                                Drivers\STM32L1xx_HAL_Driver\stm32l1xx_hal_spi.o
HAL_SPI_Init                                      Drivers\STM32L1xx_HAL_Driver\stm32l1xx_hal_spi.o
                                                  Drivers\BSP\STM32L1xx_Nucleo\stm32l1xx_nucleo.o
HAL_SPI_MspDeInit                                 Drivers\STM32L1xx_HAL_Driver\stm32l1xx_hal_spi.o
HAL_SPI_MspInit                                   Drivers\STM32L1xx_HAL_Driver\stm32l1xx_hal_spi.o
HAL_SPI_Receive                                   Drivers\STM32L1xx_HAL_Driver\stm32l1xx_hal_spi.o
HAL_SPI_Receive_DMA                               Drivers\STM32L1xx_HAL_Driver\stm32l1xx_hal_spi.o
HAL_SPI_Receive_IT                                Drivers\STM32L1xx_HAL_Driver\stm32l1xx_hal_spi.o
HAL_SPI_RxCpltCallback                            Drivers\STM32L1xx_HAL_Driver\stm32l1xx_hal_spi.o
HAL_SPI_RxHalfCpltCallback                        Drivers\STM32L1xx_HAL_Driver\stm32l1xx_hal_spi.o
HAL_SPI_Transmit                                  Drivers\STM32L1xx_HAL_Driver\stm32l1xx_hal_spi.o
                                                  Drivers\BSP\STM32L1xx_Nucleo\stm32l1xx_nucleo.o
HAL_SPI_TransmitReceive                           Drivers\STM32L1xx_HAL_Driver\stm32l1xx_hal_spi.o
                                                  Drivers\BSP\STM32L1xx_Nucleo\stm32l1xx_nucleo.o
HAL_SPI_TransmitReceive_DMA                       Drivers\STM32L1xx_HAL_Driver\stm32l1xx_hal_spi.o
HAL_SPI_TransmitReceive_IT                        Drivers\STM32L1xx_HAL_Driver\stm32l1xx_hal_spi.o
HAL_SPI_Transmit_DMA                              Drivers\STM32L1xx_HAL_Driver\stm32l1xx_hal_spi.o
HAL_SPI_Transmit_IT                               Drivers\STM32L1xx_HAL_Driver\stm32l1xx_hal_spi.o
HAL_SPI_TxCpltCallback                            Drivers\STM32L1xx_HAL_Driver\stm32l1xx_hal_spi.o
HAL_SPI_TxHalfCpltCallback                        Drivers\STM32L1xx_HAL_Driver\stm32l1xx_hal_spi.o
HAL_SPI_TxRxCpltCallback                          Drivers\STM32L1xx_HAL_Driver\stm32l1xx_hal_spi.o
HAL_SPI_TxRxHalfCpltCallback                      Drivers\STM32L1xx_HAL_Driver\stm32l1xx_hal_spi.o
HAL_SYSTICK_CLKSourceConfig                       Drivers\STM32L1xx_HAL_Driver\stm32l1xx_hal_cortex.o
HAL_SYSTICK_Callback                              Drivers\STM32L1xx_HAL_Driver\stm32l1xx_hal_cortex.o
HAL_SYSTICK_Config                                Drivers\STM32L1xx_HAL_Driver\stm32l1xx_hal_cortex.o
                                                  Drivers\STM32L1xx_HAL_Driver\stm32l1xx_hal.o
HAL_SYSTICK_IRQHandler                            Drivers\STM32L1xx_HAL_Driver\stm32l1xx_hal_cortex.o
HAL_SuspendTick                                   Drivers\STM32L1xx_HAL_Driver\stm32l1xx_hal.o
HASH_CONF                                         ..\..\..\..\..\..\..\Middlewares\ST\STM32_Cryptographic\Lib\libSTM32CryptographicV3.0.0_CM3_GCC_ot.a(crypto.o)
HKDF_SHA512                                       ..\..\..\..\..\..\..\Middlewares\ST\STM32_Cryptographic\Lib\libSTM32CryptographicV3.0.0_CM3_GCC_ot.a(crypto.o)
HMAC_MD5_Append                                   ..\..\..\..\..\..\..\Middlewares\ST\STM32_Cryptographic\Lib\libSTM32CryptographicV3.0.0_CM3_GCC_ot.a(crypto.o)
HMAC_MD5_Finish                                   ..\..\..\..\..\..\..\Middlewares\ST\STM32_Cryptographic\Lib\libSTM32CryptographicV3.0.0_CM3_GCC_ot.a(crypto.o)
HMAC_MD5_Init                                     ..\..\..\..\..\..\..\Middlewares\ST\STM32_Cryptographic\Lib\libSTM32CryptographicV3.0.0_CM3_GCC_ot.a(crypto.o)
HMAC_SHA1_Append                                  ..\..\..\..\..\..\..\Middlewares\ST\STM32_Cryptographic\Lib\libSTM32CryptographicV3.0.0_CM3_GCC_ot.a(crypto.o)
HMAC_SHA1_Finish                                  ..\..\..\..\..\..\..\Middlewares\ST\STM32_Cryptographic\Lib\libSTM32CryptographicV3.0.0_CM3_GCC_ot.a(crypto.o)
HMAC_SHA1_Init                                    ..\..\..\..\..\..\..\Middlewares\ST\STM32_Cryptographic\Lib\libSTM32CryptographicV3.0.0_CM3_GCC_ot.a(crypto.o)
HMAC_SHA224_Append                                ..\..\..\..\..\..\..\Middlewares\ST\STM32_Cryptographic\Lib\libSTM32CryptographicV3.0.0_CM3_GCC_ot.a(crypto.o)
HMAC_SHA224_Finish                                ..\..\..\..\..\..\..\Middlewares\ST\STM32_Cryptographic\Lib\libSTM32CryptographicV3.0.0_CM3_GCC_ot.a(crypto.o)
HMAC_SHA224_Init                                  ..\..\..\..\..\..\..\Middlewares\ST\STM32_Cryptographic\Lib\libSTM32CryptographicV3.0.0_CM3_GCC_ot.a(crypto.o)
HMAC_SHA256_Append                                ..\..\..\..\..\..\..\Middlewares\ST\STM32_Cryptographic\Lib\libSTM32CryptographicV3.0.0_CM3_GCC_ot.a(crypto.o)
HMAC_SHA256_Finish                                ..\..\..\..\..\..\..\Middlewares\ST\STM32_Cryptographic\Lib\libSTM32CryptographicV3.0.0_CM3_GCC_ot.a(crypto.o)
HMAC_SHA256_Init                                  ..\..\..\..\..\..\..\Middlewares\ST\STM32_Cryptographic\Lib\libSTM32CryptographicV3.0.0_CM3_GCC_ot.a(crypto.o)
HMAC_SHA384_Append                                ..\..\..\..\..\..\..\Middlewares\ST\STM32_Cryptographic\Lib\libSTM32CryptographicV3.0.0_CM3_GCC_ot.a(crypto.o)
HMAC_SHA384_Finish                                ..\..\..\..\..\..\..\Middlewares\ST\STM32_Cryptographic\Lib\libSTM32CryptographicV3.0.0_CM3_GCC_ot.a(crypto.o)
HMAC_SHA384_Init                                  ..\..\..\..\..\..\..\Middlewares\ST\STM32_Cryptographic\Lib\libSTM32CryptographicV3.0.0_CM3_GCC_ot.a(crypto.o)
HMAC_SHA512_Append                                ..\..\..\..\..\..\..\Middlewares\ST\STM32_Cryptographic\Lib\libSTM32CryptographicV3.0.0_CM3_GCC_ot.a(crypto.o)
HMAC_SHA512_Finish                                ..\..\..\..\..\..\..\Middlewares\ST\STM32_Cryptographic\Lib\libSTM32CryptographicV3.0.0_CM3_GCC_ot.a(crypto.o)
HMAC_SHA512_Init                                  ..\..\..\..\..\..\..\Middlewares\ST\STM32_Cryptographic\Lib\libSTM32CryptographicV3.0.0_CM3_GCC_ot.a(crypto.o)
HardFault_Handler                                 Application\User\stm32l1xx_it.o
I2C1_ER_IRQHandler                                Application\TrueSTUDIO\startup_stm32l152xe.o
I2C1_EV_IRQHandler                                Application\TrueSTUDIO\startup_stm32l152xe.o
I2C2_ER_IRQHandler                                Application\TrueSTUDIO\startup_stm32l152xe.o
I2C2_EV_IRQHandler                                Application\TrueSTUDIO\startup_stm32l152xe.o
IDE_CONF                                          ..\..\..\..\..\..\..\Middlewares\ST\STM32_Cryptographic\Lib\libSTM32CryptographicV3.0.0_CM3_GCC_ot.a(crypto.o)
IDE_OPTIMIZATION                                  ..\..\..\..\..\..\..\Middlewares\ST\STM32_Cryptographic\Lib\libSTM32CryptographicV3.0.0_CM3_GCC_ot.a(crypto.o)
InitBig                                           ..\..\..\..\..\..\..\Middlewares\ST\STM32_Cryptographic\Lib\libSTM32CryptographicV3.0.0_CM3_GCC_ot.a(crypto.o)
InvSbox                                           ..\..\..\..\..\..\..\Middlewares\ST\STM32_Cryptographic\Lib\libSTM32CryptographicV3.0.0_CM3_GCC_ot.a(crypto.o)
IsZeroBig                                         ..\..\..\..\..\..\..\Middlewares\ST\STM32_Cryptographic\Lib\libSTM32CryptographicV3.0.0_CM3_GCC_ot.a(crypto.o)
K256                                              ..\..\..\..\..\..\..\Middlewares\ST\STM32_Cryptographic\Lib\libSTM32CryptographicV3.0.0_CM3_GCC_ot.a(crypto.o)
LCD_Delay                                         Drivers\BSP\STM32L1xx_Nucleo\stm32l1xx_nucleo.o
LCD_IO_Init                                       Drivers\BSP\STM32L1xx_Nucleo\stm32l1xx_nucleo.o
LCD_IO_WriteMultipleData                          Drivers\BSP\STM32L1xx_Nucleo\stm32l1xx_nucleo.o
LCD_IO_WriteReg                                   Drivers\BSP\STM32L1xx_Nucleo\stm32l1xx_nucleo.o
LCD_IRQHandler                                    Application\TrueSTUDIO\startup_stm32l152xe.o
LeftShift                                         ..\..\..\..\..\..\..\Middlewares\ST\STM32_Cryptographic\Lib\libSTM32CryptographicV3.0.0_CM3_GCC_ot.a(crypto.o)
MAC_CONF                                          ..\..\..\..\..\..\..\Middlewares\ST\STM32_Cryptographic\Lib\libSTM32CryptographicV3.0.0_CM3_GCC_ot.a(crypto.o)
MD5_Append                                        ..\..\..\..\..\..\..\Middlewares\ST\STM32_Cryptographic\Lib\libSTM32CryptographicV3.0.0_CM3_GCC_ot.a(crypto.o)
MD5_Finish                                        ..\..\..\..\..\..\..\Middlewares\ST\STM32_Cryptographic\Lib\libSTM32CryptographicV3.0.0_CM3_GCC_ot.a(crypto.o)
MD5_Init                                          ..\..\..\..\..\..\..\Middlewares\ST\STM32_Cryptographic\Lib\libSTM32CryptographicV3.0.0_CM3_GCC_ot.a(crypto.o)
MISALIGNED_CONF                                   ..\..\..\..\..\..\..\Middlewares\ST\STM32_Cryptographic\Lib\libSTM32CryptographicV3.0.0_CM3_GCC_ot.a(crypto.o)
MemManage_Handler                                 Application\User\stm32l1xx_it.o
ModularAddBig                                     ..\..\..\..\..\..\..\Middlewares\ST\STM32_Cryptographic\Lib\libSTM32CryptographicV3.0.0_CM3_GCC_ot.a(crypto.o)
ModularExpSlidWin                                 ..\..\..\..\..\..\..\Middlewares\ST\STM32_Cryptographic\Lib\libSTM32CryptographicV3.0.0_CM3_GCC_ot.a(crypto.o)
ModularFastMul2                                   ..\..\..\..\..\..\..\Middlewares\ST\STM32_Cryptographic\Lib\libSTM32CryptographicV3.0.0_CM3_GCC_ot.a(crypto.o)
ModularInvBig                                     ..\..\..\..\..\..\..\Middlewares\ST\STM32_Cryptographic\Lib\libSTM32CryptographicV3.0.0_CM3_GCC_ot.a(crypto.o)
ModularSubBig                                     ..\..\..\..\..\..\..\Middlewares\ST\STM32_Cryptographic\Lib\libSTM32CryptographicV3.0.0_CM3_GCC_ot.a(crypto.o)
MontyExit                                         ..\..\..\..\..\..\..\Middlewares\ST\STM32_Cryptographic\Lib\libSTM32CryptographicV3.0.0_CM3_GCC_ot.a(crypto.o)
MontyInit                                         ..\..\..\..\..\..\..\Middlewares\ST\STM32_Cryptographic\Lib\libSTM32CryptographicV3.0.0_CM3_GCC_ot.a(crypto.o)
MontyJacProjAddPoints                             ..\..\..\..\..\..\..\Middlewares\ST\STM32_Cryptographic\Lib\libSTM32CryptographicV3.0.0_CM3_GCC_ot.a(crypto.o)
MontyJacProjDoublePoint                           ..\..\..\..\..\..\..\Middlewares\ST\STM32_Cryptographic\Lib\libSTM32CryptographicV3.0.0_CM3_GCC_ot.a(crypto.o)
MontyKillAll                                      ..\..\..\..\..\..\..\Middlewares\ST\STM32_Cryptographic\Lib\libSTM32CryptographicV3.0.0_CM3_GCC_ot.a(crypto.o)
MontyKillR2                                       ..\..\..\..\..\..\..\Middlewares\ST\STM32_Cryptographic\Lib\libSTM32CryptographicV3.0.0_CM3_GCC_ot.a(crypto.o)
MontyMul                                          ..\..\..\..\..\..\..\Middlewares\ST\STM32_Cryptographic\Lib\libSTM32CryptographicV3.0.0_CM3_GCC_ot.a(crypto.o)
MulBigbyUnInt                                     ..\..\..\..\..\..\..\Middlewares\ST\STM32_Cryptographic\Lib\libSTM32CryptographicV3.0.0_CM3_GCC_ot.a(crypto.o)
NAF_Binary_PointMul                               ..\..\..\..\..\..\..\Middlewares\ST\STM32_Cryptographic\Lib\libSTM32CryptographicV3.0.0_CM3_GCC_ot.a(crypto.o)
NMI_Handler                                       Application\User\stm32l1xx_it.o
Normalize                                         ..\..\..\..\..\..\..\Middlewares\ST\STM32_Cryptographic\Lib\libSTM32CryptographicV3.0.0_CM3_GCC_ot.a(crypto.o)
PLLMulTable                                       Drivers\CMSIS\system_stm32l1xx.o
PVD_IRQHandler                                    Application\TrueSTUDIO\startup_stm32l152xe.o
PendSV_Handler                                    Application\User\stm32l1xx_it.o